Component: ARM Compiler 5.06 update 6 (build 750) Tool: armlink [4d35ed]

==============================================================================

Section Cross References

    startup_stm32f10x_cl.o(STACK) refers (Special) to heapauxi.o(.text) for __use_two_region_memory
    startup_stm32f10x_cl.o(HEAP) refers (Special) to heapauxi.o(.text) for __use_two_region_memory
    startup_stm32f10x_cl.o(RESET) refers (Special) to heapauxi.o(.text) for __use_two_region_memory
    startup_stm32f10x_cl.o(RESET) refers to startup_stm32f10x_cl.o(STACK) for __initial_sp
    startup_stm32f10x_cl.o(RESET) refers to startup_stm32f10x_cl.o(.text) for Reset_Handler
    startup_stm32f10x_cl.o(RESET) refers to stm32f10x_it.o(i.NMI_Handler) for NMI_Handler
    startup_stm32f10x_cl.o(RESET) refers to stm32f10x_it.o(i.HardFault_Handler) for HardFault_Handler
    startup_stm32f10x_cl.o(RESET) refers to stm32f10x_it.o(i.MemManage_Handler) for MemManage_Handler
    startup_stm32f10x_cl.o(RESET) refers to stm32f10x_it.o(i.BusFault_Handler) for BusFault_Handler
    startup_stm32f10x_cl.o(RESET) refers to stm32f10x_it.o(i.UsageFault_Handler) for UsageFault_Handler
    startup_stm32f10x_cl.o(RESET) refers to stm32f10x_it.o(i.SVC_Handler) for SVC_Handler
    startup_stm32f10x_cl.o(RESET) refers to stm32f10x_it.o(i.DebugMon_Handler) for DebugMon_Handler
    startup_stm32f10x_cl.o(RESET) refers to stm32f10x_it.o(i.PendSV_Handler) for PendSV_Handler
    startup_stm32f10x_cl.o(RESET) refers to delay.o(i.SysTick_Handler) for SysTick_Handler
    startup_stm32f10x_cl.o(RESET) refers to ec11.o(i.EXTI1_IRQHandler) for EXTI1_IRQHandler
    startup_stm32f10x_cl.o(RESET) refers to ec11.o(i.EXTI4_IRQHandler) for EXTI4_IRQHandler
    startup_stm32f10x_cl.o(RESET) refers to adc.o(i.DMA1_Channel1_IRQHandler) for DMA1_Channel1_IRQHandler
    startup_stm32f10x_cl.o(RESET) refers to dmx512.o(i.EXTI9_5_IRQHandler) for EXTI9_5_IRQHandler
    startup_stm32f10x_cl.o(RESET) refers to usb_bsp.o(i.TIM2_IRQHandler) for TIM2_IRQHandler
    startup_stm32f10x_cl.o(RESET) refers to scene.o(i.TIM4_IRQHandler) for TIM4_IRQHandler
    startup_stm32f10x_cl.o(RESET) refers to uart3.o(i.USART2_IRQHandler) for USART2_IRQHandler
    startup_stm32f10x_cl.o(RESET) refers to dmx512.o(i.USART3_IRQHandler) for USART3_IRQHandler
    startup_stm32f10x_cl.o(RESET) refers to ec11.o(i.EXTI15_10_IRQHandler) for EXTI15_10_IRQHandler
    startup_stm32f10x_cl.o(RESET) refers to ec11.o(i.TIM5_IRQHandler) for TIM5_IRQHandler
    startup_stm32f10x_cl.o(RESET) refers to debug.o(i.UART4_IRQHandler) for UART4_IRQHandler
    startup_stm32f10x_cl.o(RESET) refers to dmx512.o(i.TIM6_IRQHandler) for TIM6_IRQHandler
    startup_stm32f10x_cl.o(RESET) refers to timer.o(i.TIM7_IRQHandler) for TIM7_IRQHandler
    startup_stm32f10x_cl.o(RESET) refers to spi.o(i.DMA2_Channel2_IRQHandler) for DMA2_Channel2_IRQHandler
    startup_stm32f10x_cl.o(RESET) refers to usb_bsp.o(i.OTG_FS_IRQHandler) for OTG_FS_IRQHandler
    startup_stm32f10x_cl.o(.text) refers (Special) to heapauxi.o(.text) for __use_two_region_memory
    startup_stm32f10x_cl.o(.text) refers to system_stm32f10x.o(i.SystemInit) for SystemInit
    startup_stm32f10x_cl.o(.text) refers to __main.o(!!!main) for __main
    startup_stm32f10x_cl.o(.text) refers to startup_stm32f10x_cl.o(HEAP) for Heap_Mem
    startup_stm32f10x_cl.o(.text) refers to startup_stm32f10x_cl.o(STACK) for Stack_Mem
    main.o(i.GPIO_init) refers to stm32f10x_rcc.o(i.RCC_APB2PeriphClockCmd) for RCC_APB2PeriphClockCmd
    main.o(i.GPIO_init) refers to stm32f10x_gpio.o(i.GPIO_Init) for GPIO_Init
    main.o(i.GPIO_init) refers to stm32f10x_gpio.o(i.GPIO_PinRemapConfig) for GPIO_PinRemapConfig
    main.o(i.GPIO_init) refers to delay.o(i.delay_ms) for delay_ms
    main.o(i.main) refers to misc.o(i.NVIC_PriorityGroupConfig) for NVIC_PriorityGroupConfig
    main.o(i.main) refers to delay.o(i.SysTick_Configuration) for SysTick_Configuration
    main.o(i.main) refers to main.o(i.GPIO_init) for GPIO_init
    main.o(i.main) refers to stmflash.o(i.LoadConfig) for LoadConfig
    main.o(i.main) refers to debug.o(i.Debug_init) for Debug_init
    main.o(i.main) refers to malloc.o(i.my_mem_init) for my_mem_init
    main.o(i.main) refers to adc.o(i.ADC1Init) for ADC1Init
    main.o(i.main) refers to dmx512.o(i.dmx512_init) for dmx512_init
    main.o(i.main) refers to uart3.o(i.uart3_init) for uart3_init
    main.o(i.main) refers to st7735s.o(i.Lcd_Init) for Lcd_Init
    main.o(i.main) refers to color_light.o(i.color_light_init) for color_light_init
    main.o(i.main) refers to st7735s.o(i.LCD_Clear) for LCD_Clear
    main.o(i.main) refers to timer.o(i.SceneTimerInit) for SceneTimerInit
    main.o(i.main) refers to graphical.o(i.LCD_Fill_Picture) for LCD_Fill_Picture
    main.o(i.main) refers to delay.o(i.delay_ms) for delay_ms
    main.o(i.main) refers to menu_handle.o(i.Menu_init) for Menu_init
    main.o(i.main) refers to main.o(i.param_init) for param_init
[...]
    0x0800ca9e   0x0800ca9e   0x00000000   Code   RO         6085    .ARM.Collect$$libinit$$0000000A  c_w.l(libinit2.o)
    0x0800ca9e   0x0800ca9e   0x00000000   Code   RO         6087    .ARM.Collect$$libinit$$0000000C  c_w.l(libinit2.o)
    0x0800ca9e   0x0800ca9e   0x00000000   Code   RO         6089    .ARM.Collect$$libinit$$0000000E  c_w.l(libinit2.o)
    0x0800ca9e   0x0800ca9e   0x00000006   Code   RO         6090    .ARM.Collect$$libinit$$0000000F  c_w.l(libinit2.o)
    0x0800caa4   0x0800caa4   0x00000000   Code   RO         6092    .ARM.Collect$$libinit$$00000011  c_w.l(libinit2.o)
    0x0800caa4   0x0800caa4   0x0000000c   Code   RO         6093    .ARM.Collect$$libinit$$00000012  c_w.l(libinit2.o)
    0x0800cab0   0x0800cab0   0x00000000   Code   RO         6094    .ARM.Collect$$libinit$$00000013  c_w.l(libinit2.o)
    0x0800cab0   0x0800cab0   0x00000000   Code   RO         6096    .ARM.Collect$$libinit$$00000015  c_w.l(libinit2.o)
    0x0800cab0   0x0800cab0   0x0000000a   Code   RO         6097    .ARM.Collect$$libinit$$00000016  c_w.l(libinit2.o)
    0x0800caba   0x0800caba   0x00000000   Code   RO         6098    .ARM.Collect$$libinit$$00000017  c_w.l(libinit2.o)
    0x0800caba   0x0800caba   0x00000000   Code   RO         6100    .ARM.Collect$$libinit$$00000019  c_w.l(libinit2.o)
    0x0800caba   0x0800caba   0x00000000   Code   RO         6102    .ARM.Collect$$libinit$$0000001B  c_w.l(libinit2.o)
    0x0800caba   0x0800caba   0x00000000   Code   RO         6104    .ARM.Collect$$libinit$$0000001D  c_w.l(libinit2.o)
    0x0800caba   0x0800caba   0x00000000   Code   RO         6106    .ARM.Collect$$libinit$$0000001F  c_w.l(libinit2.o)
    0x0800caba   0x0800caba   0x00000000   Code   RO         6108    .ARM.Collect$$libinit$$00000021  c_w.l(libinit2.o)
    0x0800caba   0x0800caba   0x00000000   Code   RO         6110    .ARM.Collect$$libinit$$00000023  c_w.l(libinit2.o)
    0x0800caba   0x0800caba   0x00000000   Code   RO         6112    .ARM.Collect$$libinit$$00000025  c_w.l(libinit2.o)
    0x0800caba   0x0800caba   0x00000000   Code   RO         6116    .ARM.Collect$$libinit$$0000002C  c_w.l(libinit2.o)
    0x0800caba   0x0800caba   0x00000000   Code   RO         6118    .ARM.Collect$$libinit$$0000002E  c_w.l(libinit2.o)
    0x0800caba   0x0800caba   0x00000000   Code   RO         6120    .ARM.Collect$$libinit$$00000030  c_w.l(libinit2.o)
    0x0800caba   0x0800caba   0x00000000   Code   RO         6122    .ARM.Collect$$libinit$$00000032  c_w.l(libinit2.o)
    0x0800caba   0x0800caba   0x00000002   Code   RO         6123    .ARM.Collect$$libinit$$00000033  c_w.l(libinit2.o)
    0x0800cabc   0x0800cabc   0x00000002   Code   RO         6374    .ARM.Collect$$libshutdown$$00000000  c_w.l(libshutdown.o)
    0x0800cabe   0x0800cabe   0x00000000   Code   RO         6328    .ARM.Collect$$libshutdown$$00000002  c_w.l(libshutdown2.o)
    0x0800cabe   0x0800cabe   0x00000000   Code   RO         6330    .ARM.Collect$$libshutdown$$00000004  c_w.l(libshutdown2.o)
    0x0800cabe   0x0800cabe   0x00000000   Code   RO         6333    .ARM.Collect$$libshutdown$$00000007  c_w.l(libshutdown2.o)
    0x0800cabe   0x0800cabe   0x00000000   Code   RO         6336    .ARM.Collect$$libshutdown$$0000000A  c_w.l(libshutdown2.o)
    0x0800cabe   0x0800cabe   0x00000000   Code   RO         6338    .ARM.Collect$$libshutdown$$0000000C  c_w.l(libshutdown2.o)
    0x0800cabe   0x0800cabe   0x00000000   Code   RO         6341    .ARM.Collect$$libshutdown$$0000000F  c_w.l(libshutdown2.o)
    0x0800cabe   0x0800cabe   0x00000002   Code   RO         6342    .ARM.Collect$$libshutdown$$00000010  c_w.l(libshutdown2.o)
    0x0800cac0   0x0800cac0   0x00000000   Code   RO         5974    .ARM.Collect$$rtentry$$00000000  c_w.l(__rtentry.o)
    0x0800cac0   0x0800cac0   0x00000000   Code   RO         6194    .ARM.Collect$$rtentry$$00000002  c_w.l(__rtentry2.o)
    0x0800cac0   0x0800cac0   0x00000006   Code   RO         6206    .ARM.Collect$$rtentry$$00000004  c_w.l(__rtentry4.o)
    0x0800cac6   0x0800cac6   0x00000000   Code   RO         6196    .ARM.Collect$$rtentry$$00000009  c_w.l(__rtentry2.o)
    0x0800cac6   0x0800cac6   0x00000004   Code   RO         6197    .ARM.Collect$$rtentry$$0000000A  c_w.l(__rtentry2.o)
    0x0800caca   0x0800caca   0x00000000   Code   RO         6199    .ARM.Collect$$rtentry$$0000000C  c_w.l(__rtentry2.o)
    0x0800caca   0x0800caca   0x00000008   Code   RO         6200    .ARM.Collect$$rtentry$$0000000D  c_w.l(__rtentry2.o)
    0x0800cad2   0x0800cad2   0x00000002   Code   RO         6317    .ARM.Collect$$rtexit$$00000000  c_w.l(rtexit.o)
    0x0800cad4   0x0800cad4   0x00000000   Code   RO         6348    .ARM.Collect$$rtexit$$00000002  c_w.l(rtexit2.o)
    0x0800cad4   0x0800cad4   0x00000004   Code   RO         6349    .ARM.Collect$$rtexit$$00000003  c_w.l(rtexit2.o)
    0x0800cad8   0x0800cad8   0x00000006   Code   RO         6350    .ARM.Collect$$rtexit$$00000004  c_w.l(rtexit2.o)
    0x0800cade   0x0800cade   0x00000002   PAD
    0x0800cae0   0x0800cae0   0x00000000   Code   RO         6217    .emb_text           c_w.l(maybetermalloc1.o)
    0x0800cae0   0x0800cae0   0x00000040   Code   RO           20    .text               startup_stm32f10x_cl.o
    0x0800cb20   0x0800cb20   0x0000005e   Code   RO         5760    .text               c_w.l(h1_alloc.o)
    0x0800cb7e   0x0800cb7e   0x0000004e   Code   RO         5762    .text               c_w.l(h1_free.o)
    0x0800cbcc   0x0800cbcc   0x00000024   Code   RO         5818    .text               c_w.l(vsprintf.o)
    0x0800cbf0   0x0800cbf0   0x0000002c   Code   RO         5820    .text               c_w.l(__2sprintf.o)
    0x0800cc1c   0x0800cc1c   0x00000052   Code   RO         5826    .text               c_w.l(_printf_str.o)
    0x0800cc6e   0x0800cc6e   0x00000002   PAD
    0x0800cc70   0x0800cc70   0x00000078   Code   RO         5828    .text               c_w.l(_printf_dec.o)
    0x0800cce8   0x0800cce8   0x00000188   Code   RO         5847    .text               c_w.l(__printf_flags_ss_wp.o)
    0x0800ce70   0x0800ce70   0x0000001a   Code   RO         5854    .text               c_w.l(atoi.o)
    0x0800ce8a   0x0800ce8a   0x00000024   Code   RO         5856    .text               c_w.l(strstr.o)
    0x0800ceae   0x0800ceae   0x00000058   Code   RO         5858    .text               c_w.l(memcmp.o)
    0x0800cf06   0x0800cf06   0x0000003e   Code   RO         5860    .text               c_w.l(strlen.o)
    0x0800cf44   0x0800cf44   0x0000008a   Code   RO         5862    .text               c_w.l(rt_memcpy_v6.o)
    0x0800cfce   0x0800cfce   0x00000064   Code   RO         5864    .text               c_w.l(rt_memcpy_w.o)
    0x0800d032   0x0800d032   0x00000044   Code   RO         5866    .text               c_w.l(rt_memclr.o)
    0x0800d076   0x0800d076   0x0000004e   Code   RO         5868    .text               c_w.l(rt_memclr_w.o)
    0x0800d0c4   0x0800d0c4   0x00000080   Code   RO         5870    .text               c_w.l(strcmpv7m.o)
    0x0800d144   0x0800d144   0x00000006   Code   RO         5872    .text               c_w.l(heapauxi.o)
    0x0800d14a   0x0800d14a   0x00000002   PAD
    0x0800d14c   0x0800d14c   0x00000008   Code   RO         5978    .text               c_w.l(rt_heap_descriptor_intlibspace.o)
    0x0800d154   0x0800d154   0x00000008   Code   RO         5983    .text               c_w.l(rt_errno_addr_intlibspace.o)
    0x0800d15c   0x0800d15c   0x00000004   Code   RO         5985    .text               c_w.l(hguard.o)
    0x0800d160   0x0800d160   0x0000008a   Code   RO         5987    .text               c_w.l(init_alloc.o)
    0x0800d1ea   0x0800d1ea   0x0000000e   Code   RO         5991    .text               c_w.l(h1_init.o)
    0x0800d1f8   0x0800d1f8   0x00000016   Code   RO         6005    .text               c_w.l(_rserrno.o)
    0x0800d20e   0x0800d20e   0x0000004e   Code   RO         6007    .text               c_w.l(_printf_pad.o)
    0x0800d25c   0x0800d25c   0x00000024   Code   RO         6009    .text               c_w.l(_printf_truncate.o)
    0x0800d280   0x0800d280   0x000000b2   Code   RO         6011    .text               c_w.l(_printf_intcommon.o)
    0x0800d332   0x0800d332   0x00000028   Code   RO         6013    .text               c_w.l(_printf_charcount.o)
    0x0800d35a   0x0800d35a   0x0000041e   Code   RO         6015    .text               c_w.l(_printf_fp_dec.o)
    0x0800d778   0x0800d778   0x00000030   Code   RO         6017    .text               c_w.l(_printf_char_common.o)
    0x0800d7a8   0x0800d7a8   0x0000000a   Code   RO         6019    .text               c_w.l(_sputc.o)
    0x0800d7b2   0x0800d7b2   0x0000002c   Code   RO         6021    .text               c_w.l(_printf_char.o)
    0x0800d7de   0x0800d7de   0x00000002   PAD
    0x0800d7e0   0x0800d7e0   0x000000bc   Code   RO         6023    .text               c_w.l(_printf_wctomb.o)
    0x0800d89c   0x0800d89c   0x0000007c   Code   RO         6026    .text               c_w.l(_printf_longlong_dec.o)
    0x0800d918   0x0800d918   0x00000070   Code   RO         6032    .text               c_w.l(_printf_oct_int_ll.o)
    0x0800d988   0x0800d988   0x00000094   Code   RO         6052    .text               c_w.l(_printf_hex_int_ll_ptr.o)
    0x0800da1c   0x0800da1c   0x00000070   Code   RO         6075    .text               c_w.l(strtol.o)
    0x0800da8c   0x0800da8c   0x00000008   Code   RO         6190    .text               c_w.l(libspace.o)
    0x0800da94   0x0800da94   0x00000010   Code   RO         6208    .text               c_w.l(rt_ctype_table.o)
    0x0800daa4   0x0800daa4   0x00000008   Code   RO         6213    .text               c_w.l(rt_locale_intlibspace.o)
    0x0800daac   0x0800daac   0x00000034   Code   RO         6219    .text               c_w.l(h1_extend.o)
    0x0800dae0   0x0800dae0   0x0000008a   Code   RO         6223    .text               c_w.l(lludiv10.o)
    0x0800db6a   0x0800db6a   0x00000002   PAD
    0x0800db6c   0x0800db6c   0x000002fc   Code   RO         6225    .text               c_w.l(_printf_fp_hex.o)
    0x0800de68   0x0800de68   0x00000080   Code   RO         6228    .text               c_w.l(_printf_fp_infnan.o)
    0x0800dee8   0x0800dee8   0x0000002c   Code   RO         6232    .text               c_w.l(_printf_wchar.o)
    0x0800df14   0x0800df14   0x0000009e   Code   RO         6234    .text               c_w.l(_strtoul.o)
    0x0800dfb2   0x0800dfb2   0x00000002   PAD
    0x0800dfb4   0x0800dfb4   0x000000e4   Code   RO         6236    .text               c_w.l(bigflt0.o)
    0x0800e098   0x0800e098   0x00000040   Code   RO         6261    .text               c_w.l(_wcrtomb.o)
    0x0800e0d8   0x0800e0d8   0x0000000e   Code   RO         6266    .text               c_w.l(defsig_rtmem_outer.o)
    0x0800e0e6   0x0800e0e6   0x00000002   Code   RO         6283    .text               c_w.l(use_no_semi.o)
    0x0800e0e8   0x0800e0e8   0x00000000   Code   RO         6285    .text               c_w.l(indicate_semi.o)
    0x0800e0e8   0x0800e0e8   0x0000004a   Code   RO         6286    .text               c_w.l(sys_stackheap_outer.o)
    0x0800e132   0x0800e132   0x0000001c   Code   RO         6292    .text               c_w.l(_chval.o)
    0x0800e14e   0x0800e14e   0x00000012   Code   RO         6297    .text               c_w.l(exit.o)
    0x0800e160   0x0800e160   0x0000000a   Code   RO         6299    .text               c_w.l(defsig_exit.o)
    0x0800e16a   0x0800e16a   0x00000002   PAD
    0x0800e16c   0x0800e16c   0x00000050   Code   RO         6301    .text               c_w.l(defsig_rtmem_inner.o)
    0x0800e1bc   0x0800e1bc   0x0000000c   Code   RO         6315    .text               c_w.l(sys_exit.o)
    0x0800e1c8   0x0800e1c8   0x00000032   Code   RO         6325    .text               c_w.l(defsig_general.o)
    0x0800e1fa   0x0800e1fa   0x0000000e   Code   RO         6345    .text               c_w.l(sys_wrch.o)
    0x0800e208   0x0800e208   0x0000003e   Code   RO         6239    CL$$btod_d2e        c_w.l(btod.o)
    0x0800e246   0x0800e246   0x00000046   Code   RO         6241    CL$$btod_d2e_denorm_low  c_w.l(btod.o)
    0x0800e28c   0x0800e28c   0x00000060   Code   RO         6240    CL$$btod_d2e_norm_op1  c_w.l(btod.o)
    0x0800e2ec   0x0800e2ec   0x00000338   Code   RO         6249    CL$$btod_div_common  c_w.l(btod.o)
    0x0800e624   0x0800e624   0x000000dc   Code   RO         6246    CL$$btod_e2e        c_w.l(btod.o)
    0x0800e700   0x0800e700   0x0000002a   Code   RO         6243    CL$$btod_ediv       c_w.l(btod.o)
    0x0800e72a   0x0800e72a   0x0000002a   Code   RO         6242    CL$$btod_emul       c_w.l(btod.o)
    0x0800e754   0x0800e754   0x00000244   Code   RO         6248    CL$$btod_mult_common  c_w.l(btod.o)
    0x0800e998   0x0800e998   0x00000108   Code   RO         4023    i.ADC1Init          adc.o
    0x0800eaa0   0x0800eaa0   0x00000016   Code   RO         2204    i.ADC_Cmd           stm32f10x_adc.o
    0x0800eab6   0x0800eab6   0x00000016   Code   RO         2205    i.ADC_DMACmd        stm32f10x_adc.o
    0x0800eacc   0x0800eacc   0x0000005c   Code   RO         2206    i.ADC_DeInit        stm32f10x_adc.o
    0x0800eb28   0x0800eb28   0x00000014   Code   RO         2212    i.ADC_GetCalibrationStatus  stm32f10x_adc.o
    0x0800eb3c   0x0800eb3c   0x00000014   Code   RO         2218    i.ADC_GetResetCalibrationStatus  stm32f10x_adc.o
    0x0800eb50   0x0800eb50   0x00000050   Code   RO         2222    i.ADC_Init          stm32f10x_adc.o
    0x0800eba0   0x0800eba0   0x000000b8   Code   RO         2226    i.ADC_RegularChannelConfig  stm32f10x_adc.o
    0x0800ec58   0x0800ec58   0x0000000a   Code   RO         2227    i.ADC_ResetCalibration  stm32f10x_adc.o
    0x0800ec62   0x0800ec62   0x00000016   Code   RO         2229    i.ADC_SoftwareStartConvCmd  stm32f10x_adc.o
    0x0800ec78   0x0800ec78   0x0000000a   Code   RO         2231    i.ADC_StartCalibration  stm32f10x_adc.o
    0x0800ec82   0x0800ec82   0x00000062   Code   RO         2634    i.Address_set       st7735s.o
    0x0800ece4   0x0800ece4   0x00000002   Code   RO         3932    i.AlgorithmTest     algorithm_test.o
    0x0800ece6   0x0800ece6   0x00000002   PAD
    0x0800ece8   0x0800ece8   0x00000028   Code   RO         4165    i.AllLedPowerOff    ledpower.o
    0x0800ed10   0x0800ed10   0x00000012   Code   RO         4166    i.AllLedPowerOut    ledpower.o
    0x0800ed22   0x0800ed22   0x00000002   PAD
    0x0800ed24   0x0800ed24   0x0000002c   Code   RO         3950    i.BSP_Delay         usb_bsp.o
    0x0800ed50   0x0800ed50   0x0000006e   Code   RO         3951    i.BSP_SetTime       usb_bsp.o
    0x0800edbe   0x0800edbe   0x00000002   PAD
    0x0800edc0   0x0800edc0   0x000000e4   Code   RO         3152    i.Bin_Browser       usbh_usr.o
    0x0800eea4   0x0800eea4   0x00000004   Code   RO          315    i.BusFault_Handler  stm32f10x_it.o
    0x0800eea8   0x0800eea8   0x00000230   Code   RO         3486    i.CCTDisplay        menutask.o
    0x0800f0d8   0x0800f0d8   0x00000054   Code   RO         3487    i.CCTInitTask       menutask.o
    0x0800f12c   0x0800f12c   0x00000260   Code   RO         3488    i.CCTTask           menutask.o
    0x0800f38c   0x0800f38c   0x000001ac   Code   RO         3307    i.CCTToCoordinate   color_light.o
    0x0800f538   0x0800f538   0x00000120   Code   RO         2965    i.CCT_HSI_OUT_16BIT  dmxprotocol.o
    0x0800f658   0x0800f658   0x0000011c   Code   RO         2966    i.CCT_HSI_OUT_8BIT  dmxprotocol.o
    0x0800f774   0x0800f774   0x00000070   Code   RO         2967    i.CCT_OUT_16BIT     dmxprotocol.o
    0x0800f7e4   0x0800f7e4   0x0000006c   Code   RO         2968    i.CCT_OUT_8BIT      dmxprotocol.o
    0x0800f850   0x0800f850   0x0000016c   Code   RO         2969    i.CCT_RGBWWCW_OUT_16BIT  dmxprotocol.o
    0x0800f9bc   0x0800f9bc   0x00000168   Code   RO         2970    i.CCT_RGBWWCW_OUT_8BIT  dmxprotocol.o
    0x0800fb24   0x0800fb24   0x0000005c   Code   RO         4167    i.ChanleDataSend    ledpower.o
    0x0800fb80   0x0800fb80   0x00000032   Code   RO         3821    i.CharToInt         scene.o
    0x0800fbb2   0x0800fbb2   0x00000002   PAD
    0x0800fbb4   0x0800fbb4   0x0000000c   Code   RO         3489    i.ChineseTask       menutask.o
    0x0800fbc0   0x0800fbc0   0x00000014   Code   RO         3490    i.ChineseTaskInit   menutask.o
    0x0800fbd4   0x0800fbd4   0x00000014   Code   RO         3491    i.ClearMenu         menutask.o
    0x0800fbe8   0x0800fbe8   0x0000019c   Code   RO         3308    i.ColorLightHSIOut  color_light.o
    0x0800fd84   0x0800fd84   0x00000754   Code   RO         3310    i.CoordinateOut     color_light.o
    0x080104d8   0x080104d8   0x000000ac   Code   RO         2438    i.CreateMenu        menu.o
    0x08010584   0x08010584   0x000000b4   Code   RO         4024    i.DMA1_Channel1_IRQHandler  adc.o
    0x08010638   0x08010638   0x0000002c   Code   RO         4383    i.DMA2_Channel2_IRQHandler  spi.o
    0x08010664   0x08010664   0x00000074   Code   RO         4534    i.DMX1_Send         uart3.o
    0x080106d8   0x080106d8   0x00000aec   Code   RO         2971    i.DMX512_handle     dmxprotocol.o
    0x080111c4   0x080111c4   0x0000008c   Code   RO         2972    i.DMXTask           dmxprotocol.o
    0x08011250   0x08011250   0x00000180   Code   RO         3493    i.DMX_AdressDisplay  menutask.o
    0x080113d0   0x080113d0   0x00000160   Code   RO         3494    i.DMX_AdressTask    menutask.o
    0x08011530   0x08011530   0x000000bc   Code   RO         3495    i.DMX_AdressTaskInit  menutask.o
    0x080115ec   0x080115ec   0x00000110   Code   RO         3496    i.DMX_ModeDisplay   menutask.o
    0x080116fc   0x080116fc   0x0000031c   Code   RO         3497    i.DMX_ModeTask      menutask.o
    0x08011a18   0x08011a18   0x00000044   Code   RO         3498    i.DMX_ModeTaskInit  menutask.o
    0x08011a5c   0x08011a5c   0x00000002   Code   RO          316    i.DebugMon_Handler  stm32f10x_it.o
    0x08011a5e   0x08011a5e   0x00000002   PAD
    0x08011a60   0x08011a60   0x000000bc   Code   RO         4627    i.Debug_init        debug.o
    0x08011b1c   0x08011b1c   0x00000038   Code   RO         4628    i.Debug_printf      debug.o
    0x08011b54   0x08011b54   0x00000040   Code   RO         3499    i.DefaultInit       menutask.o
    0x08011b94   0x08011b94   0x0000008c   Code   RO         3500    i.DefaultTask       menutask.o
    0x08011c20   0x08011c20   0x00000048   Code   RO         2572    i.Duty_10ms         scheduler.o
    0x08011c68   0x08011c68   0x00000058   Code   RO         2573    i.Duty_1ms          scheduler.o
    0x08011cc0   0x08011cc0   0x00000064   Code   RO         2574    i.Duty_20ms         scheduler.o
    0x08011d24   0x08011d24   0x0000004c   Code   RO         2575    i.Duty_2ms          scheduler.o
    0x08011d70   0x08011d70   0x00000074   Code   RO         2576    i.Duty_50ms         scheduler.o
    0x08011de4   0x08011de4   0x00000044   Code   RO         2577    i.Duty_5ms          scheduler.o
    0x08011e28   0x08011e28   0x00000080   Code   RO         2578    i.Duty_Loop         scheduler.o
    0x08011ea8   0x08011ea8   0x000000e8   Code   RO         3822    i.EXFile_Browser    scene.o
    0x08011f90   0x08011f90   0x000000a4   Code   RO         4098    i.EXTI15_10_IRQHandler  ec11.o
    0x08012034   0x08012034   0x000000a0   Code   RO         4099    i.EXTI1_IRQHandler  ec11.o
    0x080120d4   0x080120d4   0x000000a0   Code   RO         4100    i.EXTI4_IRQHandler  ec11.o
    0x08012174   0x08012174   0x000000a8   Code   RO         4056    i.EXTI9_5_IRQHandler  dmx512.o
    0x0801221c   0x0801221c   0x00000094   Code   RO          580    i.EXTI_Init         stm32f10x_exti.o
    0x080122b0   0x080122b0   0x00000014   Code   RO         3501    i.EnglishTaskInit   menutask.o
    0x080122c4   0x080122c4   0x000000b4   Code   RO         3502    i.FAN_AUTO_TaskInit  menutask.o
    0x08012378   0x08012378   0x000000c8   Code   RO         3503    i.FAN_DMX_TaskInit  menutask.o
    0x08012440   0x08012440   0x00000098   Code   RO         3504    i.FAN_OFF_TaskInit  menutask.o
    0x080124d8   0x080124d8   0x0000001c   Code   RO         4168    i.FAN_OUT           ledpower.o
    0x080124f4   0x080124f4   0x00000084   Code   RO         2439    i.FindChild         menu.o
    0x08012578   0x08012578   0x000000bc   Code   RO         2440    i.FindLeft          menu.o
    0x08012634   0x08012634   0x00000068   Code   RO         2441    i.FindParent        menu.o
    0x0801269c   0x0801269c   0x000000b0   Code   RO         2442    i.FindRight         menu.o
    0x0801274c   0x0801274c   0x00000014   Code   RO         3505    i.FreshMenu         menutask.o
    0x08012760   0x08012760   0x000002a0   Code   RO         3506    i.GELDisplay        menutask.o
    0x08012a00   0x08012a00   0x00000048   Code   RO         3507    i.GELInitTask       menutask.o
    0x08012a48   0x08012a48   0x000001a4   Code   RO         3508    i.GELTask           menutask.o
    0x08012bec   0x08012bec   0x00000040   Code   RO          805    i.GPIO_EXTILineConfig  stm32f10x_gpio.o
    0x08012c2c   0x08012c2c   0x00000116   Code   RO          808    i.GPIO_Init         stm32f10x_gpio.o
    0x08012d42   0x08012d42   0x00000002   PAD
    0x08012d44   0x08012d44   0x00000090   Code   RO          810    i.GPIO_PinRemapConfig  stm32f10x_gpio.o
    0x08012dd4   0x08012dd4   0x00000004   Code   RO          815    i.GPIO_ResetBits    stm32f10x_gpio.o
    0x08012dd8   0x08012dd8   0x00000004   Code   RO          816    i.GPIO_SetBits      stm32f10x_gpio.o
    0x08012ddc   0x08012ddc   0x00000164   Code   RO           24    i.GPIO_init         main.o
    0x08012f40   0x08012f40   0x00000080   Code   RO         3789    i.GUI_DisplayInit   gui.o
    0x08012fc0   0x08012fc0   0x00000068   Code   RO         3790    i.GUI_DisplayTask   gui.o
    0x08013028   0x08013028   0x00000034   Code   RO         4485    i.GetSysTime_us     delay.o
    0x0801305c   0x0801305c   0x0000008c   Code   RO         4025    i.Get_Temp          adc.o
    0x080130e8   0x080130e8   0x0000000a   Code   RO         5626    i.HCD_GetCurrentFrame  usb_hcd.o
    0x080130f2   0x080130f2   0x00000014   Code   RO         5627    i.HCD_GetCurrentSpeed  usb_hcd.o
    0x08013106   0x08013106   0x0000000a   Code   RO         5629    i.HCD_GetURB_State  usb_hcd.o
    0x08013110   0x08013110   0x0000000c   Code   RO         5630    i.HCD_GetXferCnt    usb_hcd.o
    0x0801311c   0x0801311c   0x00000060   Code   RO         5632    i.HCD_Init          usb_hcd.o
    0x0801317c   0x0801317c   0x00000008   Code   RO         5633    i.HCD_IsDeviceConnected  usb_hcd.o
    0x08013184   0x08013184   0x0000000e   Code   RO         5634    i.HCD_ResetPort     usb_hcd.o
    0x08013192   0x08013192   0x00000020   Code   RO         5635    i.HCD_SubmitRequest  usb_hcd.o
    0x080131b2   0x080131b2   0x00000002   PAD
    0x080131b4   0x080131b4   0x000001f4   Code   RO         3509    i.HSIDisplay        menutask.o
    0x080133a8   0x080133a8   0x00000058   Code   RO         3510    i.HSIInitTask       menutask.o
    0x08013400   0x08013400   0x000002dc   Code   RO         3511    i.HSITask           menutask.o
    0x080136dc   0x080136dc   0x0000003c   Code   RO         3311    i.HSIToCoordinate   color_light.o
    0x08013718   0x08013718   0x00000074   Code   RO         2973    i.HSI_OUT           dmxprotocol.o
    0x0801378c   0x0801378c   0x0000015c   Code   RO         3313    i.HSI_to_RGB        color_light.o
    0x080138e8   0x080138e8   0x00000004   Code   RO          317    i.HardFault_Handler  stm32f10x_it.o
    0x080138ec   0x080138ec   0x000000ac   Code   RO         2495    i.HeadDisplay       menu_handle.o
    0x08013998   0x08013998   0x00000008   Code   RO         4609    i.IWDG_Feed         wdg.o
    0x080139a0   0x080139a0   0x00000010   Code   RO          918    i.IWDG_ReloadCounter  stm32f10x_iwdg.o
    0x080139b0   0x080139b0   0x00000054   Code   RO         3823    i.ImportInit        scene.o
    0x08013a04   0x08013a04   0x00000398   Code   RO         3824    i.ImportTask        scene.o
    0x08013d9c   0x08013d9c   0x000000b8   Code   RO         3053    i.InTriangle        mymath.o
    0x08013e54   0x08013e54   0x000000b4   Code   RO         3512    i.InfoTask          menutask.o
    0x08013f08   0x08013f08   0x00000034   Code   RO         3513    i.InfoTaskInit      menutask.o
    0x08013f3c   0x08013f3c   0x0000025c   Code   RO         3791    i.InputTask         gui.o
    0x08014198   0x08014198   0x00000204   Code   RO         3314    i.IsSpecialPoint    color_light.o
    0x0801439c   0x0801439c   0x00000034   Code   RO         2635    i.LCD_Clear         st7735s.o
    0x080143d0   0x080143d0   0x000000dc   Code   RO         3514    i.LCD_DIM_Task      menutask.o
    0x080144ac   0x080144ac   0x0000003c   Code   RO         3515    i.LCD_DIM_TaskInit  menutask.o
    0x080144e8   0x080144e8   0x000000bc   Code   RO         3516    i.LCD_DIM_display   menutask.o
    0x080145a4   0x080145a4   0x000000aa   Code   RO         2638    i.LCD_Draw_Circle   st7735s.o
    0x0801464e   0x0801464e   0x0000001c   Code   RO         2639    i.LCD_Fast_DrawPoint  st7735s.o
    0x0801466a   0x0801466a   0x00000002   PAD
    0x0801466c   0x0801466c   0x00000054   Code   RO         2761    i.LCD_Fill_Picture  graphical.o
    0x080146c0   0x080146c0   0x00000014   Code   RO         3517    i.LCD_RotateTask    menutask.o
    0x080146d4   0x080146d4   0x00000060   Code   RO         3518    i.LCD_RotateTaskInit  menutask.o
    0x08014734   0x08014734   0x00000022   Code   RO         2642    i.LCD_Set_Display_Mode  st7735s.o
    0x08014756   0x08014756   0x00000002   PAD
    0x08014758   0x08014758   0x00000064   Code   RO         3519    i.LCD_TIM_Task      menutask.o
    0x080147bc   0x080147bc   0x00000040   Code   RO         3520    i.LCD_TIM_TaskInit  menutask.o
    0x080147fc   0x080147fc   0x00000230   Code   RO         3521    i.LCD_TIM_display   menutask.o
    0x08014a2c   0x08014a2c   0x00000014   Code   RO         2646    i.LCD_WR_DATA       st7735s.o
    0x08014a40   0x08014a40   0x00000030   Code   RO         2647    i.LCD_WR_DATA8      st7735s.o
    0x08014a70   0x08014a70   0x0000002c   Code   RO         2648    i.LCD_WR_REG        st7735s.o
    0x08014a9c   0x08014a9c   0x00000030   Code   RO         3792    i.LcdBackTask       gui.o
    0x08014acc   0x08014acc   0x000001f4   Code   RO         2650    i.Lcd_Init          st7735s.o
    0x08014cc0   0x08014cc0   0x00000010   Code   RO         4169    i.LedDmxTask        ledpower.o
    0x08014cd0   0x08014cd0   0x00000014   Code   RO         4171    i.LedPowerOut       ledpower.o
    0x08014ce4   0x08014ce4   0x00000a10   Code   RO         4172    i.LedkToCurrent     ledpower.o
    0x080156f4   0x080156f4   0x0000013c   Code   RO         3315    i.LightCCTOut       color_light.o
    0x08015830   0x08015830   0x00000048   Code   RO         3316    i.LightGELOut       color_light.o
    0x08015878   0x08015878   0x000000bc   Code   RO         3317    i.LightRGBOut       color_light.o
    0x08015934   0x08015934   0x00000026   Code   RO         3318    i.LineSegmentK      color_light.o
    0x0801595a   0x0801595a   0x00000002   PAD
    0x0801595c   0x0801595c   0x00000040   Code   RO         4296    i.LoadConfig        stmflash.o
    0x0801599c   0x0801599c   0x0000005c   Code   RO         2579    i.Loop_check        scheduler.o
    0x080159f8   0x080159f8   0x00000004   Code   RO          318    i.MemManage_Handler  stm32f10x_it.o
    0x080159fc   0x080159fc   0x00000002   Code   RO         2496    i.MenuBuf_free      menu_handle.o
    0x080159fe   0x080159fe   0x00000002   Code   RO         2497    i.MenuBuf_malloc    menu_handle.o
    0x08015a00   0x08015a00   0x00000160   Code   RO         2498    i.MenuKeyTask       menu_handle.o
    0x08015b60   0x08015b60   0x0000032c   Code   RO         2499    i.MenuSelectDisplay  menu_handle.o
    0x08015e8c   0x08015e8c   0x00000012   Code   RO         2443    i.Menu_GetoptionNum  menu.o
    0x08015e9e   0x08015e9e   0x00000002   Code   RO         2501    i.Menu_back         menu_handle.o
    0x08015ea0   0x08015ea0   0x00000064   Code   RO         2502    i.Menu_init         menu_handle.o
    0x08015f04   0x08015f04   0x00000064   Code   RO         4101    i.MinToMaxSort      ec11.o
    0x08015f68   0x08015f68   0x00000080   Code   RO         3522    i.MonitorInit       menutask.o
    0x08015fe8   0x08015fe8   0x0000007c   Code   RO         3523    i.MonitorTask       menutask.o
    0x08016064   0x08016064   0x00000002   Code   RO          319    i.NMI_Handler       stm32f10x_it.o
    0x08016066   0x08016066   0x00000002   PAD
    0x08016068   0x08016068   0x00000070   Code   RO          406    i.NVIC_Init         misc.o
    0x080160d8   0x080160d8   0x00000014   Code   RO          407    i.NVIC_PriorityGroupConfig  misc.o
    0x080160ec   0x080160ec   0x00000010   Code   RO         3952    i.OTG_FS_IRQHandler  usb_bsp.o
    0x080160fc   0x080160fc   0x000000bc   Code   RO         3054    i.OnLineSegment     mymath.o
    0x080161b8   0x080161b8   0x00000002   Code   RO          320    i.PendSV_Handler    stm32f10x_it.o
    0x080161ba   0x080161ba   0x00000066   Code   RO         2762    i.Pictrue_printf    graphical.o
    0x08016220   0x08016220   0x000000b0   Code   RO         2763    i.Picture_DrawBMP   graphical.o
    0x080162d0   0x080162d0   0x00000030   Code   RO         2766    i.Picture_DrawPoint  graphical.o
    0x08016300   0x08016300   0x00000022   Code   RO         2768    i.Picture_Fill      graphical.o
    0x08016322   0x08016322   0x00000048   Code   RO         2770    i.Picture_FillRect  graphical.o
    0x0801636a   0x0801636a   0x00000002   PAD
    0x0801636c   0x0801636c   0x00000134   Code   RO         2772    i.Picture_ShowChar  graphical.o
    0x080164a0   0x080164a0   0x00000134   Code   RO         2773    i.Picture_ShowChinese  graphical.o
    0x080165d4   0x080165d4   0x00000110   Code   RO         2775    i.Picture_ShowString  graphical.o
    0x080166e4   0x080166e4   0x0000009c   Code   RO         2776    i.Picture_ShowStringInRectCenter  graphical.o
    0x08016780   0x08016780   0x000000e2   Code   RO         2777    i.Picture_TranDispalyOnline  graphical.o
    0x08016862   0x08016862   0x00000002   PAD
    0x08016864   0x08016864   0x000001f0   Code   RO         3825    i.PraseSceneFile    scene.o
    0x08016a54   0x08016a54   0x00000018   Code   RO         1018    i.RCC_ADCCLKConfig  stm32f10x_rcc.o
    0x08016a6c   0x08016a6c   0x00000020   Code   RO         1019    i.RCC_AHBPeriphClockCmd  stm32f10x_rcc.o
    0x08016a8c   0x08016a8c   0x00000020   Code   RO         1021    i.RCC_APB1PeriphClockCmd  stm32f10x_rcc.o
    0x08016aac   0x08016aac   0x00000020   Code   RO         1022    i.RCC_APB1PeriphResetCmd  stm32f10x_rcc.o
    0x08016acc   0x08016acc   0x00000020   Code   RO         1023    i.RCC_APB2PeriphClockCmd  stm32f10x_rcc.o
    0x08016aec   0x08016aec   0x00000020   Code   RO         1024    i.RCC_APB2PeriphResetCmd  stm32f10x_rcc.o
    0x08016b0c   0x08016b0c   0x00000190   Code   RO         1031    i.RCC_GetClocksFreq  stm32f10x_rcc.o
    0x08016c9c   0x08016c9c   0x0000000c   Code   RO         1044    i.RCC_OTGFSCLKConfig  stm32f10x_rcc.o
    0x08016ca8   0x08016ca8   0x00000194   Code   RO         3524    i.RGBDisplay        menutask.o
    0x08016e3c   0x08016e3c   0x0000005c   Code   RO         3525    i.RGBInitTask       menutask.o
    0x08016e98   0x08016e98   0x000001f4   Code   RO         3526    i.RGBTask           menutask.o
    0x0801708c   0x0801708c   0x000000b8   Code   RO         2974    i.RGBWWCW_OUT       dmxprotocol.o
    0x08017144   0x08017144   0x000003bc   Code   RO         3319    i.RGBWWCW_to_coordinate  color_light.o
    0x08017500   0x08017500   0x00000228   Code   RO         3320    i.RGB_to_coordinate  color_light.o
    0x08017728   0x08017728   0x00000074   Code   RO         4384    i.SPI3_ReadWriteByte  spi.o
    0x0801779c   0x0801779c   0x000000a8   Code   RO         4386    i.SPI3_init         spi.o
    0x08017844   0x08017844   0x00000088   Code   RO         4387    i.SPI3_send_same_half_word  spi.o
    0x080178cc   0x080178cc   0x00000088   Code   RO         4389    i.SPI3_write_half_words  spi.o
    0x08017954   0x08017954   0x00000018   Code   RO         1277    i.SPI_Cmd           stm32f10x_spi.o
    0x0801796c   0x0801796c   0x00000012   Code   RO         1285    i.SPI_I2S_GetFlagStatus  stm32f10x_spi.o
    0x0801797e   0x0801797e   0x00000004   Code   RO         1289    i.SPI_I2S_SendData  stm32f10x_spi.o
    0x08017982   0x08017982   0x0000003c   Code   RO         1290    i.SPI_Init          stm32f10x_spi.o
    0x080179be   0x080179be   0x00000002   PAD
    0x080179c0   0x080179c0   0x00000028   Code   RO         4390    i.SPI_SET_16        spi.o
    0x080179e8   0x080179e8   0x00000028   Code   RO         4391    i.SPI_SET_8         spi.o
    0x08017a10   0x08017a10   0x0000004c   Code   RO         4297    i.STMFLASH_ErasePage  stmflash.o
    0x08017a5c   0x08017a5c   0x0000002c   Code   RO         4298    i.STMFLASH_GetStatus  stmflash.o
    0x08017a88   0x08017a88   0x00000014   Code   RO         4299    i.STMFLASH_Lock     stmflash.o
    0x08017a9c   0x08017a9c   0x00000022   Code   RO         4300    i.STMFLASH_Read     stmflash.o
    0x08017abe   0x08017abe   0x00000006   Code   RO         4301    i.STMFLASH_ReadHalfWord  stmflash.o
    0x08017ac4   0x08017ac4   0x00000018   Code   RO         4302    i.STMFLASH_Unlock   stmflash.o
    0x08017adc   0x08017adc   0x0000002a   Code   RO         4303    i.STMFLASH_WaitDone  stmflash.o
    0x08017b06   0x08017b06   0x00000002   PAD
    0x08017b08   0x08017b08   0x000000e8   Code   RO         4304    i.STMFLASH_Write    stmflash.o
    0x08017bf0   0x08017bf0   0x00000040   Code   RO         4305    i.STMFLASH_WriteHalfWord  stmflash.o
    0x08017c30   0x08017c30   0x00000026   Code   RO         4306    i.STMFLASH_Write_NoCheck  stmflash.o
    0x08017c56   0x08017c56   0x00000002   Code   RO          321    i.SVC_Handler       stm32f10x_it.o
    0x08017c58   0x08017c58   0x00000024   Code   RO         4307    i.SaveConfig        stmflash.o
    0x08017c7c   0x08017c7c   0x0000001c   Code   RO         3527    i.SaveFanConfig     menutask.o
    0x08017c98   0x08017c98   0x00000008   Code   RO         3826    i.SceneBack         scene.o
    0x08017ca0   0x08017ca0   0x00000038   Code   RO         3827    i.SceneBegain       scene.o
    0x08017cd8   0x08017cd8   0x00000158   Code   RO         3828    i.SceneDuty         scene.o
    0x08017e30   0x08017e30   0x000000c8   Code   RO         3830    i.SceneFlashInit    scene.o
    0x08017ef8   0x08017ef8   0x00000214   Code   RO         3831    i.SceneFlashTask    scene.o
    0x0801810c   0x0801810c   0x00000010   Code   RO         4567    i.SceneSetframeTim  timer.o
    0x0801811c   0x0801811c   0x00000018   Code   RO         4568    i.SceneTimDisable   timer.o
    0x08018134   0x08018134   0x00000018   Code   RO         4569    i.SceneTimEnable    timer.o
    0x0801814c   0x0801814c   0x0000005c   Code   RO         4570    i.SceneTimerInit    timer.o
    0x080181a8   0x080181a8   0x000001fc   Code   RO         3832    i.SelectBar         scene.o
    0x080183a4   0x080183a4   0x00000008   Code   RO          372    i.SetSysClock       system_stm32f10x.o
    0x080183ac   0x080183ac   0x00000118   Code   RO          373    i.SetSysClockTo72   system_stm32f10x.o
    0x080184c4   0x080184c4   0x0000001c   Code   RO         4102    i.SlideFilter       ec11.o
    0x080184e0   0x080184e0   0x00000036   Code   RO         3833    i.StringHEXToUshort  scene.o
    0x08018516   0x08018516   0x00000028   Code   RO          410    i.SysTick_CLKSourceConfig  misc.o
    0x0801853e   0x0801853e   0x00000002   PAD
    0x08018540   0x08018540   0x00000070   Code   RO         4486    i.SysTick_Configuration  delay.o
    0x080185b0   0x080185b0   0x00000018   Code   RO         4487    i.SysTick_Handler   delay.o
    0x080185c8   0x080185c8   0x00000010   Code   RO         4454    i.Sys_Soft_Reset    sys.o
    0x080185d8   0x080185d8   0x0000006c   Code   RO          375    i.SystemInit        system_stm32f10x.o
    0x08018644   0x08018644   0x00000038   Code   RO         3953    i.TIM2_IRQHandler   usb_bsp.o
    0x0801867c   0x0801867c   0x00000028   Code   RO         3834    i.TIM4_IRQHandler   scene.o
    0x080186a4   0x080186a4   0x00000028   Code   RO         4103    i.TIM5_IRQHandler   ec11.o
    0x080186cc   0x080186cc   0x00000028   Code   RO         4057    i.TIM6_IRQHandler   dmx512.o
    0x080186f4   0x080186f4   0x00000020   Code   RO         4571    i.TIM7_IRQHandler   timer.o
    0x08018714   0x08018714   0x00000018   Code   RO         1420    i.TIM_ARRPreloadConfig  stm32f10x_tim.o
    0x0801872c   0x0801872c   0x00000006   Code   RO         1427    i.TIM_ClearITPendingBit  stm32f10x_tim.o
    0x08018732   0x08018732   0x00000018   Code   RO         1432    i.TIM_Cmd           stm32f10x_tim.o
    0x0801874a   0x0801874a   0x00000022   Code   RO         1453    i.TIM_GetITStatus   stm32f10x_tim.o
    0x0801876c   0x0801876c   0x00000012   Code   RO         1457    i.TIM_ITConfig      stm32f10x_tim.o
    0x0801877e   0x0801877e   0x00000002   PAD
    0x08018780   0x08018780   0x000000a4   Code   RO         1503    i.TIM_TimeBaseInit  stm32f10x_tim.o
    0x08018824   0x08018824   0x000000a0   Code   RO         3321    i.TowLED_to_coordinate  color_light.o
    0x080188c4   0x080188c4   0x00000098   Code   RO         3322    i.TowLineCross      color_light.o
    0x0801895c   0x0801895c   0x000000a4   Code   RO         3056    i.TriangleArea      mymath.o
    0x08018a00   0x08018a00   0x00000060   Code   RO         4629    i.UART4_IRQHandler  debug.o
    0x08018a60   0x08018a60   0x00000058   Code   RO         4535    i.USART2_IRQHandler  uart3.o
    0x08018ab8   0x08018ab8   0x0000009c   Code   RO         4058    i.USART3_IRQHandler  dmx512.o
    0x08018b54   0x08018b54   0x00000018   Code   RO         1968    i.USART_Cmd         stm32f10x_usart.o
    0x08018b6c   0x08018b6c   0x0000001a   Code   RO         1971    i.USART_GetFlagStatus  stm32f10x_usart.o
    0x08018b86   0x08018b86   0x00000054   Code   RO         1972    i.USART_GetITStatus  stm32f10x_usart.o
    0x08018bda   0x08018bda   0x0000004a   Code   RO         1974    i.USART_ITConfig    stm32f10x_usart.o
    0x08018c24   0x08018c24   0x000000d8   Code   RO         1975    i.USART_Init        stm32f10x_usart.o
    0x08018cfc   0x08018cfc   0x0000000a   Code   RO         1982    i.USART_ReceiveData  stm32f10x_usart.o
    0x08018d06   0x08018d06   0x00000026   Code   RO         5066    i.USBH_Alloc_Channel  usbh_hcs.o
    0x08018d2c   0x08018d2c   0x00000060   Code   RO         5107    i.USBH_BulkReceiveData  usbh_ioreq.o
    0x08018d8c   0x08018d8c   0x0000005e   Code   RO         5108    i.USBH_BulkSendData  usbh_ioreq.o
    0x08018dea   0x08018dea   0x0000004c   Code   RO         5178    i.USBH_ClrFeature   usbh_stdreq.o
    0x08018e36   0x08018e36   0x0000000c   Code   RO         5001    i.USBH_Connected    usbh_core.o
    0x08018e42   0x08018e42   0x00000046   Code   RO         5109    i.USBH_CtlReceiveData  usbh_ioreq.o
    0x08018e88   0x08018e88   0x00000064   Code   RO         5110    i.USBH_CtlReq       usbh_ioreq.o
    0x08018eec   0x08018eec   0x0000006e   Code   RO         5111    i.USBH_CtlSendData  usbh_ioreq.o
    0x08018f5a   0x08018f5a   0x00000042   Code   RO         5112    i.USBH_CtlSendSetup  usbh_ioreq.o
    0x08018f9c   0x08018f9c   0x0000001c   Code   RO         5067    i.USBH_DeAllocate_AllChannel  usbh_hcs.o
    0x08018fb8   0x08018fb8   0x0000003a   Code   RO         5002    i.USBH_DeInit       usbh_core.o
    0x08018ff2   0x08018ff2   0x0000000c   Code   RO         5003    i.USBH_Disconnected  usbh_core.o
    0x08018ffe   0x08018ffe   0x0000002e   Code   RO         5004    i.USBH_ErrorHandle  usbh_core.o
    0x0801902c   0x0801902c   0x0000001e   Code   RO         5068    i.USBH_Free_Channel  usbh_hcs.o
    0x0801904a   0x0801904a   0x00000044   Code   RO         5179    i.USBH_GetDescriptor  usbh_stdreq.o
    0x0801908e   0x0801908e   0x00000028   Code   RO         5069    i.USBH_GetFreeChannel  usbh_hcs.o
    0x080190b6   0x080190b6   0x00000012   Code   RO         5180    i.USBH_GetNextDesc  usbh_stdreq.o
    0x080190c8   0x080190c8   0x0000005c   Code   RO         5181    i.USBH_Get_CfgDesc  usbh_stdreq.o
    0x08019124   0x08019124   0x00000038   Code   RO         5182    i.USBH_Get_DevDesc  usbh_stdreq.o
    0x0801915c   0x0801915c   0x0000003c   Code   RO         5183    i.USBH_Get_StringDesc  usbh_stdreq.o
    0x08019198   0x08019198   0x00000224   Code   RO         5005    i.USBH_HandleControl  usbh_core.o
    0x080193bc   0x080193bc   0x000001dc   Code   RO         5006    i.USBH_HandleEnum   usbh_core.o
    0x08019598   0x08019598   0x00000044   Code   RO         5007    i.USBH_Init         usbh_core.o
    0x080195dc   0x080195dc   0x00000024   Code   RO         5311    i.USBH_MSC_BOTReset  usbh_msc_core.o
    0x08019600   0x08019600   0x00000060   Code   RO         5270    i.USBH_MSC_BOT_Abort  usbh_msc_bot.o
    0x08019660   0x08019660   0x00000014   Code   RO         5312    i.USBH_MSC_ClassRequest  usbh_msc_core.o
    0x08019674   0x08019674   0x00000080   Code   RO         5271    i.USBH_MSC_DecodeCSW  usbh_msc_bot.o
    0x080196f4   0x080196f4   0x00000044   Code   RO         5313    i.USBH_MSC_ErrorHandle  usbh_msc_core.o
    0x08019738   0x08019738   0x0000002c   Code   RO         5314    i.USBH_MSC_GETMaxLUN  usbh_msc_core.o
    0x08019764   0x08019764   0x000001a8   Code   RO         5315    i.USBH_MSC_Handle   usbh_msc_core.o
    0x0801990c   0x0801990c   0x00000350   Code   RO         5272    i.USBH_MSC_HandleBOTXfer  usbh_msc_bot.o
    0x08019c5c   0x08019c5c   0x00000044   Code   RO         5273    i.USBH_MSC_Init     usbh_msc_bot.o
    0x08019ca0   0x08019ca0   0x0000004c   Code   RO         5316    i.USBH_MSC_InterfaceDeInit  usbh_msc_core.o
    0x08019cec   0x08019cec   0x000000d0   Code   RO         5317    i.USBH_MSC_InterfaceInit  usbh_msc_core.o
    0x08019dbc   0x08019dbc   0x000000d0   Code   RO         5399    i.USBH_MSC_ModeSense6  usbh_msc_scsi.o
    0x08019e8c   0x08019e8c   0x00000100   Code   RO         5400    i.USBH_MSC_Read10   usbh_msc_scsi.o
    0x08019f8c   0x08019f8c   0x000000dc   Code   RO         5401    i.USBH_MSC_ReadCapacity10  usbh_msc_scsi.o
    0x0801a068   0x0801a068   0x000000e0   Code   RO         5402    i.USBH_MSC_RequestSense  usbh_msc_scsi.o
    0x0801a148   0x0801a148   0x000000b0   Code   RO         5403    i.USBH_MSC_TestUnitReady  usbh_msc_scsi.o
    0x0801a1f8   0x0801a1f8   0x000000e4   Code   RO         5404    i.USBH_MSC_Write10  usbh_msc_scsi.o
    0x0801a2dc   0x0801a2dc   0x00000064   Code   RO         5070    i.USBH_Modify_Channel  usbh_hcs.o
    0x0801a340   0x0801a340   0x000000a8   Code   RO         5692    i.USBH_OTG_ISR_Handler  usb_hcd_int.o
    0x0801a3e8   0x0801a3e8   0x0000009a   Code   RO         5071    i.USBH_Open_Channel  usbh_hcs.o
    0x0801a482   0x0801a482   0x00000002   PAD
    0x0801a484   0x0801a484   0x0000011c   Code   RO         5184    i.USBH_ParseCfgDesc  usbh_stdreq.o
    0x0801a5a0   0x0801a5a0   0x00000058   Code   RO         5185    i.USBH_ParseDevDesc  usbh_stdreq.o
    0x0801a5f8   0x0801a5f8   0x00000020   Code   RO         5186    i.USBH_ParseEPDesc  usbh_stdreq.o
    0x0801a618   0x0801a618   0x00000026   Code   RO         5187    i.USBH_ParseInterfaceDesc  usbh_stdreq.o
    0x0801a63e   0x0801a63e   0x00000036   Code   RO         5188    i.USBH_ParseStringDesc  usbh_stdreq.o
    0x0801a674   0x0801a674   0x00000198   Code   RO         5008    i.USBH_Process      usbh_core.o
    0x0801a80c   0x0801a80c   0x00000006   Code   RO         5009    i.USBH_SOF          usbh_core.o
    0x0801a812   0x0801a812   0x00000026   Code   RO         5189    i.USBH_SetAddress   usbh_stdreq.o
    0x0801a838   0x0801a838   0x00000026   Code   RO         5190    i.USBH_SetCfg       usbh_stdreq.o
    0x0801a85e   0x0801a85e   0x00000018   Code   RO         5117    i.USBH_SubmitSetupRequest  usbh_ioreq.o
    0x0801a876   0x0801a876   0x00000002   PAD
    0x0801a878   0x0801a878   0x00000038   Code   RO         3153    i.USBH_USR_Configuration_DescAvailable  usbh_usr.o
    0x0801a8b0   0x0801a8b0   0x00000002   Code   RO         3154    i.USBH_USR_DeInit   usbh_usr.o
    0x0801a8b2   0x0801a8b2   0x00000002   Code   RO         3155    i.USBH_USR_DeviceAddressAssigned  usbh_usr.o
    0x0801a8b4   0x0801a8b4   0x00000010   Code   RO         3156    i.USBH_USR_DeviceAttached  usbh_usr.o
    0x0801a8c4   0x0801a8c4   0x0000001c   Code   RO         3157    i.USBH_USR_DeviceDisconnected  usbh_usr.o
    0x0801a8e0   0x0801a8e0   0x00000028   Code   RO         3158    i.USBH_USR_DeviceNotSupported  usbh_usr.o
    0x0801a908   0x0801a908   0x00000040   Code   RO         3159    i.USBH_USR_DeviceSpeedDetected  usbh_usr.o
    0x0801a948   0x0801a948   0x00000038   Code   RO         3160    i.USBH_USR_Device_DescAvailable  usbh_usr.o
    0x0801a980   0x0801a980   0x0000004c   Code   RO         3161    i.USBH_USR_EnumerationDone  usbh_usr.o
    0x0801a9cc   0x0801a9cc   0x00000044   Code   RO         3162    i.USBH_USR_Init     usbh_usr.o
    0x0801aa10   0x0801aa10   0x00000188   Code   RO         3163    i.USBH_USR_MSC_Application  usbh_usr.o
    0x0801ab98   0x0801ab98   0x00000024   Code   RO         3164    i.USBH_USR_Manufacturer_String  usbh_usr.o
    0x0801abbc   0x0801abbc   0x00000024   Code   RO         3165    i.USBH_USR_OverCurrentDetected  usbh_usr.o
    0x0801abe0   0x0801abe0   0x00000020   Code   RO         3166    i.USBH_USR_Product_String  usbh_usr.o
    0x0801ac00   0x0801ac00   0x00000002   Code   RO         3167    i.USBH_USR_ResetDevice  usbh_usr.o
    0x0801ac02   0x0801ac02   0x00000002   PAD
    0x0801ac04   0x0801ac04   0x00000028   Code   RO         3168    i.USBH_USR_SerialNum_String  usbh_usr.o
    0x0801ac2c   0x0801ac2c   0x00000010   Code   RO         3169    i.USBH_USR_UnrecoveredError  usbh_usr.o
    0x0801ac3c   0x0801ac3c   0x00000006   Code   RO         3170    i.USBH_USR_UserInput  usbh_usr.o
    0x0801ac42   0x0801ac42   0x00000002   PAD
    0x0801ac44   0x0801ac44   0x00000040   Code   RO         3954    i.USB_OTG_BSP_ConfigVBUS  usb_bsp.o
    0x0801ac84   0x0801ac84   0x00000024   Code   RO         3955    i.USB_OTG_BSP_DriveVBUS  usb_bsp.o
    0x0801aca8   0x0801aca8   0x0000002c   Code   RO         3956    i.USB_OTG_BSP_EnableInterrupt  usb_bsp.o
    0x0801acd4   0x0801acd4   0x00000018   Code   RO         3957    i.USB_OTG_BSP_Init  usb_bsp.o
    0x0801acec   0x0801acec   0x0000002e   Code   RO         3958    i.USB_OTG_BSP_TimeInit  usb_bsp.o
    0x0801ad1a   0x0801ad1a   0x0000000e   Code   RO         3959    i.USB_OTG_BSP_mDelay  usb_bsp.o
    0x0801ad28   0x0801ad28   0x0000000e   Code   RO         3960    i.USB_OTG_BSP_uDelay  usb_bsp.o
    0x0801ad36   0x0801ad36   0x00000126   Code   RO         5448    i.USB_OTG_CoreInit  usb_core.o
    0x0801ae5c   0x0801ae5c   0x000000d6   Code   RO         5449    i.USB_OTG_CoreInitHost  usb_core.o
    0x0801af32   0x0801af32   0x00000002   PAD
    0x0801af34   0x0801af34   0x00000070   Code   RO         5450    i.USB_OTG_CoreReset  usb_core.o
    0x0801afa4   0x0801afa4   0x00000022   Code   RO         5451    i.USB_OTG_DisableGlobalInt  usb_core.o
    0x0801afc6   0x0801afc6   0x0000005c   Code   RO         5452    i.USB_OTG_DriveVbus  usb_core.o
    0x0801b022   0x0801b022   0x00000034   Code   RO         5453    i.USB_OTG_EnableCommonInt  usb_core.o
    0x0801b056   0x0801b056   0x00000022   Code   RO         5454    i.USB_OTG_EnableGlobalInt  usb_core.o
    0x0801b078   0x0801b078   0x00000074   Code   RO         5455    i.USB_OTG_EnableHostInt  usb_core.o
    0x0801b0ec   0x0801b0ec   0x0000004c   Code   RO         5456    i.USB_OTG_FlushRxFifo  usb_core.o
    0x0801b138   0x0801b138   0x00000054   Code   RO         5457    i.USB_OTG_FlushTxFifo  usb_core.o
    0x0801b18c   0x0801b18c   0x0000000c   Code   RO         5458    i.USB_OTG_GetMode   usb_core.o
    0x0801b198   0x0801b198   0x0000005a   Code   RO         5459    i.USB_OTG_HC_DoPing  usb_core.o
    0x0801b1f2   0x0801b1f2   0x00000082   Code   RO         5460    i.USB_OTG_HC_Halt   usb_core.o
    0x0801b274   0x0801b274   0x00000238   Code   RO         5461    i.USB_OTG_HC_Init   usb_core.o
    0x0801b4ac   0x0801b4ac   0x000001f6   Code   RO         5462    i.USB_OTG_HC_StartXfer  usb_core.o
    0x0801b6a2   0x0801b6a2   0x00000018   Code   RO         5463    i.USB_OTG_InitFSLSPClkSel  usb_core.o
    0x0801b6ba   0x0801b6ba   0x00000010   Code   RO         5465    i.USB_OTG_IsEvenFrame  usb_core.o
    0x0801b6ca   0x0801b6ca   0x00000014   Code   RO         5466    i.USB_OTG_IsHostMode  usb_core.o
    0x0801b6de   0x0801b6de   0x00000010   Code   RO         5467    i.USB_OTG_ReadCoreItr  usb_core.o
    0x0801b6ee   0x0801b6ee   0x00000030   Code   RO         5468    i.USB_OTG_ReadHPRT0  usb_core.o
    0x0801b71e   0x0801b71e   0x00000008   Code   RO         5469    i.USB_OTG_ReadHostAllChannels_intr  usb_core.o
    0x0801b726   0x0801b726   0x00000028   Code   RO         5471    i.USB_OTG_ReadPacket  usb_core.o
    0x0801b74e   0x0801b74e   0x00000040   Code   RO         5472    i.USB_OTG_ResetPort  usb_core.o
    0x0801b78e   0x0801b78e   0x00000002   PAD
    0x0801b790   0x0801b790   0x000000d0   Code   RO         5473    i.USB_OTG_SelectCore  usb_core.o
    0x0801b860   0x0801b860   0x0000004e   Code   RO         5474    i.USB_OTG_SetCurrentMode  usb_core.o
    0x0801b8ae   0x0801b8ae   0x00000002   PAD
    0x0801b8b0   0x0801b8b0   0x0000002c   Code   RO         5693    i.USB_OTG_USBH_handle_Disconnect_ISR  usb_hcd_int.o
    0x0801b8dc   0x0801b8dc   0x00000046   Code   RO         5694    i.USB_OTG_USBH_handle_IncompletePeriodicXfer_ISR  usb_hcd_int.o
    0x0801b922   0x0801b922   0x00000056   Code   RO         5695    i.USB_OTG_USBH_handle_hc_ISR  usb_hcd_int.o
    0x0801b978   0x0801b978   0x0000042a   Code   RO         5696    i.USB_OTG_USBH_handle_hc_n_In_ISR  usb_hcd_int.o
    0x0801bda2   0x0801bda2   0x000003d0   Code   RO         5697    i.USB_OTG_USBH_handle_hc_n_Out_ISR  usb_hcd_int.o
    0x0801c172   0x0801c172   0x0000012e   Code   RO         5698    i.USB_OTG_USBH_handle_nptxfempty_ISR  usb_hcd_int.o
    0x0801c2a0   0x0801c2a0   0x00000120   Code   RO         5699    i.USB_OTG_USBH_handle_port_ISR  usb_hcd_int.o
    0x0801c3c0   0x0801c3c0   0x0000012e   Code   RO         5700    i.USB_OTG_USBH_handle_ptxfempty_ISR  usb_hcd_int.o
    0x0801c4ee   0x0801c4ee   0x00000164   Code   RO         5701    i.USB_OTG_USBH_handle_rx_qlvl_ISR  usb_hcd_int.o
    0x0801c652   0x0801c652   0x00000002   PAD
    0x0801c654   0x0801c654   0x0000002c   Code   RO         5702    i.USB_OTG_USBH_handle_sof_ISR  usb_hcd_int.o
    0x0801c680   0x0801c680   0x00000040   Code   RO         5476    i.USB_OTG_WritePacket  usb_core.o
    0x0801c6c0   0x0801c6c0   0x00000004   Code   RO          322    i.UsageFault_Handler  stm32f10x_it.o
    0x0801c6c4   0x0801c6c4   0x00000028   Code   RO         6164    i.__ARM_fpclassify  m_ws.l(fpclassify.o)
    0x0801c6ec   0x0801c6ec   0x00000388   Code   RO         6169    i.__ieee754_rem_pio2  m_ws.l(rred.o)
    0x0801ca74   0x0801ca74   0x000000fc   Code   RO         6147    i.__kernel_cos      m_ws.l(cos_i.o)
    0x0801cb70   0x0801cb70   0x000000aa   Code   RO         6166    i.__kernel_poly     m_ws.l(poly.o)
    0x0801cc1a   0x0801cc1a   0x00000002   PAD
    0x0801cc1c   0x0801cc1c   0x000000ec   Code   RO         6174    i.__kernel_sin      m_ws.l(sin_i.o)
    0x0801cd08   0x0801cd08   0x00000010   Code   RO         6150    i.__mathlib_dbl_divzero  m_ws.l(dunder.o)
    0x0801cd18   0x0801cd18   0x00000006   Code   RO         6151    i.__mathlib_dbl_infnan  m_ws.l(dunder.o)
    0x0801cd1e   0x0801cd1e   0x00000004   Code   RO         6152    i.__mathlib_dbl_infnan2  m_ws.l(dunder.o)
    0x0801cd22   0x0801cd22   0x0000000c   Code   RO         6153    i.__mathlib_dbl_invalid  m_ws.l(dunder.o)
    0x0801cd2e   0x0801cd2e   0x0000000e   Code   RO         6154    i.__mathlib_dbl_overflow  m_ws.l(dunder.o)
    0x0801cd3c   0x0801cd3c   0x00000010   Code   RO         6156    i.__mathlib_dbl_underflow  m_ws.l(dunder.o)
    0x0801cd4c   0x0801cd4c   0x0000000e   Code   RO         5840    i._is_digit         c_w.l(__printf_wp.o)
    0x0801cd5a   0x0801cd5a   0x00000002   PAD
    0x0801cd5c   0x0801cd5c   0x00000074   Code   RO         3835    i.brower_scene_file  scene.o
    0x0801cdd0   0x0801cdd0   0x00000090   Code   RO         4677    i.check_fs          ff.o
    0x0801ce60   0x0801ce60   0x00000014   Code   RO         4678    i.chk_chr           ff.o
    0x0801ce74   0x0801ce74   0x000002e8   Code   RO         4679    i.chk_mounted       ff.o
    0x0801d15c   0x0801d15c   0x0000001a   Code   RO         4680    i.clust2sect        ff.o
    0x0801d176   0x0801d176   0x00000002   PAD
    0x0801d178   0x0801d178   0x00000090   Code   RO         4681    i.cmp_lfn           ff.o
    0x0801d208   0x0801d208   0x00000014   Code   RO         3324    i.color_light_init  color_light.o
    0x0801d21c   0x0801d21c   0x00000784   Code   RO         3326    i.coordinate_to_RGBWWCW  color_light.o
    0x0801d9a0   0x0801d9a0   0x000002c0   Code   RO         3328    i.coordinate_to_RGBWWCW_mode2  color_light.o
    0x0801dc60   0x0801dc60   0x000000aa   Code   RO         3331    i.coordinate_to_threeLEDK  color_light.o
    0x0801dd0a   0x0801dd0a   0x00000002   PAD
    0x0801dd0c   0x0801dd0c   0x0000009c   Code   RO         5945    i.cos               m_ws.l(cos.o)
    0x0801dda8   0x0801dda8   0x000000b6   Code   RO         4682    i.create_chain      ff.o
    0x0801de5e   0x0801de5e   0x00000002   PAD
    0x0801de60   0x0801de60   0x00000218   Code   RO         4683    i.create_name       ff.o
    0x0801e078   0x0801e078   0x00000028   Code   RO         4630    i.debug_send_str    debug.o
    0x0801e0a0   0x0801e0a0   0x00000018   Code   RO         4488    i.delay_ms          delay.o
    0x0801e0b8   0x0801e0b8   0x00000018   Code   RO         4489    i.delay_us          delay.o
    0x0801e0d0   0x0801e0d0   0x000000de   Code   RO         4684    i.dir_find          ff.o
    0x0801e1ae   0x0801e1ae   0x00000116   Code   RO         4685    i.dir_next          ff.o
    0x0801e2c4   0x0801e2c4   0x000000be   Code   RO         4686    i.dir_read          ff.o
    0x0801e382   0x0801e382   0x0000018c   Code   RO         4687    i.dir_register      ff.o
    0x0801e50e   0x0801e50e   0x0000009c   Code   RO         4689    i.dir_seek          ff.o
    0x0801e5aa   0x0801e5aa   0x00000002   PAD
    0x0801e5ac   0x0801e5ac   0x00000028   Code   RO         5360    i.disk_initialize   usbh_msc_fatfs.o
    0x0801e5d4   0x0801e5d4   0x00000060   Code   RO         5361    i.disk_ioctl        usbh_msc_fatfs.o
    0x0801e634   0x0801e634   0x0000006c   Code   RO         5362    i.disk_read         usbh_msc_fatfs.o
    0x0801e6a0   0x0801e6a0   0x00000014   Code   RO         5363    i.disk_status       usbh_msc_fatfs.o
    0x0801e6b4   0x0801e6b4   0x0000007c   Code   RO         5364    i.disk_write        usbh_msc_fatfs.o
    0x0801e730   0x0801e730   0x00000198   Code   RO         4059    i.dmx512_init       dmx512.o
    0x0801e8c8   0x0801e8c8   0x00000128   Code   RO         4104    i.ec11_init         ec11.o
    0x0801e9f0   0x0801e9f0   0x00000016   Code   RO         4691    i.f_close           ff.o
    0x0801ea06   0x0801ea06   0x000001c0   Code   RO         4694    i.f_lseek           ff.o
    0x0801ebc6   0x0801ebc6   0x00000002   PAD
    0x0801ebc8   0x0801ebc8   0x0000002c   Code   RO         4697    i.f_mount           ff.o
    0x0801ebf4   0x0801ebf4   0x00000192   Code   RO         4698    i.f_open            ff.o
    0x0801ed86   0x0801ed86   0x0000006c   Code   RO         4699    i.f_opendir         ff.o
    0x0801edf2   0x0801edf2   0x000001d2   Code   RO         4703    i.f_read            ff.o
    0x0801efc4   0x0801efc4   0x00000060   Code   RO         4704    i.f_readdir         ff.o
    0x0801f024   0x0801f024   0x00000058   Code   RO         3836    i.f_readline        scene.o
    0x0801f07c   0x0801f07c   0x000000b8   Code   RO         4707    i.f_sync            ff.o
    0x0801f134   0x0801f134   0x0000004c   Code   RO         4981    i.ff_convert        ccsbcs.o
    0x0801f180   0x0801f180   0x00000038   Code   RO         4982    i.ff_wtoupper       ccsbcs.o
    0x0801f1b8   0x0801f1b8   0x00000224   Code   RO         3529    i.firmware_update   menutask.o
    0x0801f3dc   0x0801f3dc   0x00000020   Code   RO         3530    i.firmware_update_Enter  menutask.o
    0x0801f3fc   0x0801f3fc   0x00000034   Code   RO         3531    i.firmware_update_init  menutask.o
    0x0801f430   0x0801f430   0x00000080   Code   RO         4712    i.fit_lfn           ff.o
    0x0801f4b0   0x0801f4b0   0x0000009a   Code   RO         4713    i.follow_path       ff.o
    0x0801f54a   0x0801f54a   0x00000090   Code   RO         4714    i.gen_numname       ff.o
    0x0801f5da   0x0801f5da   0x00000112   Code   RO         4715    i.get_fat           ff.o
    0x0801f6ec   0x0801f6ec   0x00000004   Code   RO         4966    i.get_fattime       fattime.o
    0x0801f6f0   0x0801f6f0   0x00000124   Code   RO         4716    i.get_fileinfo      ff.o
    0x0801f814   0x0801f814   0x0000009a   Code   RO         2975    i.get_offset_16bit  dmxprotocol.o
    0x0801f8ae   0x0801f8ae   0x00000050   Code   RO         2976    i.get_offset_8bit   dmxprotocol.o
    0x0801f8fe   0x0801f8fe   0x00000002   PAD
    0x0801f900   0x0801f900   0x000000d4   Code   RO         2420    i.key_service       key.o
    0x0801f9d4   0x0801f9d4   0x0000035c   Code   RO         5953    i.log               m_ws.l(log.o)
    0x0801fd30   0x0801fd30   0x00000100   Code   RO           25    i.main              main.o
    0x0801fe30   0x0801fe30   0x00000026   Code   RO         4717    i.mem_cmp           ff.o
    0x0801fe56   0x0801fe56   0x0000001a   Code   RO         4718    i.mem_cpy           ff.o
    0x0801fe70   0x0801fe70   0x00000014   Code   RO         4719    i.mem_set           ff.o
    0x0801fe84   0x0801fe84   0x00000072   Code   RO         4720    i.move_window       ff.o
    0x0801fef6   0x0801fef6   0x00000002   PAD
    0x0801fef8   0x0801fef8   0x00000044   Code   RO         2896    i.my_mem_init       malloc.o
    0x0801ff3c   0x0801ff3c   0x00000040   Code   RO         2898    i.my_mem_perused    malloc.o
    0x0801ff7c   0x0801ff7c   0x00000014   Code   RO         2902    i.mymemset          malloc.o
    0x0801ff90   0x0801ff90   0x00000034   Code   RO           26    i.param_init        main.o
    0x0801ffc4   0x0801ffc4   0x00000074   Code   RO         4721    i.pick_lfn          ff.o
    0x08020038   0x08020038   0x00000058   Code   RO         3532    i.point_out         menutask.o
    0x08020090   0x08020090   0x000009d8   Code   RO         5963    i.pow               m_ws.l(pow.o)
    0x08020a68   0x08020a68   0x00000146   Code   RO         4722    i.put_fat           ff.o
    0x08020bae   0x08020bae   0x00000002   PAD
    0x08020bb0   0x08020bb0   0x0000002c   Code   RO         2977    i.receiving_dmx_data  dmxprotocol.o
    0x08020bdc   0x08020bdc   0x00000138   Code   RO         4106    i.refresh_seepd     ec11.o
    0x08020d14   0x08020d14   0x00000068   Code   RO         4723    i.remove_chain      ff.o
    0x08020d7c   0x08020d7c   0x0000004c   Code   RO         6181    i.sqrt              m_ws.l(sqrt.o)
    0x08020dc8   0x08020dc8   0x00000020   Code   RO         4724    i.sum_sfn           ff.o
    0x08020de8   0x08020de8   0x000000ca   Code   RO         4725    i.sync              ff.o
    0x08020eb2   0x08020eb2   0x00000002   PAD
    0x08020eb4   0x08020eb4   0x00000060   Code   RO         4572    i.timer4_init       timer.o
    0x08020f14   0x08020f14   0x00000060   Code   RO         4536    i.uart3_dma_send    uart3.o
    0x08020f74   0x08020f74   0x00000148   Code   RO         4537    i.uart3_init        uart3.o
    0x080210bc   0x080210bc   0x00000002   Code   RO         4631    i.uart_duty         debug.o
    0x080210be   0x080210be   0x00000002   PAD
    0x080210c0   0x080210c0   0x0000006c   Code   RO         4632    i.uart_resiver      debug.o
    0x0802112c   0x0802112c   0x0000002a   Code   RO         4726    i.validate          ff.o
    0x08021156   0x08021156   0x00000002   PAD
    0x08021158   0x08021158   0x0000002c   Code   RO         6264    locale$$code        c_w.l(lc_numeric_c.o)
    0x08021184   0x08021184   0x0000002c   Code   RO         6295    locale$$code        c_w.l(lc_ctype_c.o)
    0x080211b0   0x080211b0   0x00000062   Code   RO         5876    x$fpl$d2f           fz_ws.l(d2f.o)
    0x08021212   0x08021212   0x00000002   PAD
    0x08021214   0x08021214   0x00000150   Code   RO         5878    x$fpl$dadd          fz_ws.l(daddsub_clz.o)
    0x08021364   0x08021364   0x00000010   Code   RO         6275    x$fpl$dcheck1       fz_ws.l(dcheck1.o)
    0x08021374   0x08021374   0x00000018   Code   RO         6124    x$fpl$dcmpinf       fz_ws.l(dcmpi.o)
    0x0802138c   0x0802138c   0x000002b0   Code   RO         5885    x$fpl$ddiv          fz_ws.l(ddiv.o)
    0x0802163c   0x0802163c   0x00000078   Code   RO         6126    x$fpl$deqf          fz_ws.l(deqf.o)
    0x080216b4   0x080216b4   0x0000005e   Code   RO         5888    x$fpl$dfix          fz_ws.l(dfix.o)
    0x08021712   0x08021712   0x00000002   PAD
    0x08021714   0x08021714   0x0000005a   Code   RO         5892    x$fpl$dfixu         fz_ws.l(dfixu.o)
    0x0802176e   0x0802176e   0x0000002e   Code   RO         5897    x$fpl$dflt          fz_ws.l(dflt_clz.o)
    0x0802179c   0x0802179c   0x00000026   Code   RO         5896    x$fpl$dfltu         fz_ws.l(dflt_clz.o)
    0x080217c2   0x080217c2   0x00000002   PAD
    0x080217c4   0x080217c4   0x00000078   Code   RO         5902    x$fpl$dleqf         fz_ws.l(dleqf.o)
    0x0802183c   0x0802183c   0x00000154   Code   RO         5904    x$fpl$dmul          fz_ws.l(dmul.o)
    0x08021990   0x08021990   0x0000009c   Code   RO         6128    x$fpl$dnaninf       fz_ws.l(dnaninf.o)
    0x08021a2c   0x08021a2c   0x0000000c   Code   RO         6130    x$fpl$dretinf       fz_ws.l(dretinf.o)
    0x08021a38   0x08021a38   0x0000006c   Code   RO         5906    x$fpl$drleqf        fz_ws.l(drleqf.o)
    0x08021aa4   0x08021aa4   0x00000016   Code   RO         5879    x$fpl$drsb          fz_ws.l(daddsub_clz.o)
    0x08021aba   0x08021aba   0x00000002   PAD
    0x08021abc   0x08021abc   0x000001cc   Code   RO         6277    x$fpl$dsqrt         fz_ws.l(dsqrt_noumaal.o)
    0x08021c88   0x08021c88   0x000001d4   Code   RO         5880    x$fpl$dsub          fz_ws.l(daddsub_clz.o)
    0x08021e5c   0x08021e5c   0x00000056   Code   RO         5908    x$fpl$f2d           fz_ws.l(f2d.o)
    0x08021eb2   0x08021eb2   0x00000002   PAD
    0x08021eb4   0x08021eb4   0x000000c4   Code   RO         5910    x$fpl$fadd          fz_ws.l(faddsub_clz.o)
    0x08021f78   0x08021f78   0x00000018   Code   RO         6132    x$fpl$fcmpinf       fz_ws.l(fcmpi.o)
    0x08021f90   0x08021f90   0x00000184   Code   RO         5917    x$fpl$fdiv          fz_ws.l(fdiv.o)
    0x08022114   0x08022114   0x00000068   Code   RO         5920    x$fpl$feqf          fz_ws.l(feqf.o)
    0x0802217c   0x0802217c   0x00000036   Code   RO         5922    x$fpl$ffix          fz_ws.l(ffix.o)
    0x080221b2   0x080221b2   0x00000002   PAD
    0x080221b4   0x080221b4   0x0000003e   Code   RO         5926    x$fpl$ffixu         fz_ws.l(ffixu.o)
    0x080221f2   0x080221f2   0x00000002   PAD
    0x080221f4   0x080221f4   0x00000030   Code   RO         5931    x$fpl$fflt          fz_ws.l(fflt_clz.o)
    0x08022224   0x08022224   0x00000026   Code   RO         5930    x$fpl$ffltu         fz_ws.l(fflt_clz.o)
    0x0802224a   0x0802224a   0x00000002   PAD
    0x0802224c   0x0802224c   0x00000068   Code   RO         5936    x$fpl$fleqf         fz_ws.l(fleqf.o)
    0x080222b4   0x080222b4   0x00000102   Code   RO         5938    x$fpl$fmul          fz_ws.l(fmul.o)
    0x080223b6   0x080223b6   0x0000008c   Code   RO         6134    x$fpl$fnaninf       fz_ws.l(fnaninf.o)
    0x08022442   0x08022442   0x0000000a   Code   RO         6136    x$fpl$fretinf       fz_ws.l(fretinf.o)
    0x0802244c   0x0802244c   0x00000062   Code   RO         5940    x$fpl$frleqf        fz_ws.l(frleqf.o)
    0x080224ae   0x080224ae   0x00000014   Code   RO         5911    x$fpl$frsb          fz_ws.l(faddsub_clz.o)
    0x080224c2   0x080224c2   0x00000002   PAD
    0x080224c4   0x080224c4   0x000000ea   Code   RO         5912    x$fpl$fsub          fz_ws.l(faddsub_clz.o)
    0x080225ae   0x080225ae   0x00000004   Code   RO         5942    x$fpl$printf1       fz_ws.l(printf1.o)
    0x080225b2   0x080225b2   0x00000004   Code   RO         6138    x$fpl$printf2       fz_ws.l(printf2.o)
    0x080225b6   0x080225b6   0x00000064   Code   RO         6313    x$fpl$retnan        fz_ws.l(retnan.o)
    0x0802261a   0x0802261a   0x0000005c   Code   RO         6144    x$fpl$scalbn        fz_ws.l(scalbn.o)
    0x08022676   0x08022676   0x00000030   Code   RO         6343    x$fpl$trapveneer    fz_ws.l(trapv.o)
    0x080226a6   0x080226a6   0x00000000   Code   RO         6146    x$fpl$usenofp       fz_ws.l(usenofp.o)
    0x080226a6   0x080226a6   0x00000178   Data   RO         2565    .constdata          picture_data.o
    0x0802281e   0x0802281e   0x00000002   PAD
    0x08022820   0x08022820   0x0000297c   Data   RO         2651    .constdata          st7735s.o
    0x0802519c   0x0802519c   0x00000018   Data   RO         2907    .constdata          malloc.o
    0x080251b4   0x080251b4   0x0000019a   Data   RO         3172    .constdata          usbh_usr.o
    0x0802534e   0x0802534e   0x00000002   PAD
    0x08025350   0x08025350   0x000009d0   Data   RO         3333    .constdata          color_light.o
    0x08025d20   0x08025d20   0x0000a000   Data   RO         3477    .constdata          filmgear_data.o
    0x0802fd20   0x0802fd20   0x00000018   Data   RO         3533    .constdata          menutask.o
    0x0802fd38   0x0802fd38   0x0000000e   Data   RO         4174    .constdata          ledpower.o
    0x0802fd46   0x0802fd46   0x00000002   PAD
    0x0802fd48   0x0802fd48   0x000000d2   Data   RO         4727    .constdata          ff.o
    0x0802fe1a   0x0802fe1a   0x000004c0   Data   RO         4983    .constdata          ccsbcs.o
    0x080302da   0x080302da   0x00000011   Data   RO         5848    .constdata          c_w.l(__printf_flags_ss_wp.o)
    0x080302eb   0x080302eb   0x00000005   PAD
    0x080302f0   0x080302f0   0x00000038   Data   RO         5954    .constdata          m_ws.l(log.o)
    0x08030328   0x08030328   0x00000088   Data   RO         5964    .constdata          m_ws.l(pow.o)
    0x080303b0   0x080303b0   0x00000008   Data   RO         6024    .constdata          c_w.l(_printf_wctomb.o)
    0x080303b8   0x080303b8   0x00000028   Data   RO         6053    .constdata          c_w.l(_printf_hex_int_ll_ptr.o)
    0x080303e0   0x080303e0   0x00000030   Data   RO         6148    .constdata          m_ws.l(cos_i.o)
    0x08030410   0x08030410   0x00000008   Data   RO         6168    .constdata          m_ws.l(qnan.o)
    0x08030418   0x08030418   0x000000c8   Data   RO         6171    .constdata          m_ws.l(rred.o)
    0x080304e0   0x080304e0   0x00000028   Data   RO         6175    .constdata          m_ws.l(sin_i.o)
    0x08030508   0x08030508   0x00000026   Data   RO         6226    .constdata          c_w.l(_printf_fp_hex.o)
    0x0803052e   0x0803052e   0x00000002   PAD
    0x08030530   0x08030530   0x00000094   Data   RO         6237    .constdata          c_w.l(bigflt0.o)
    0x080305c4   0x080305c4   0x00000355   Data   RO         2444    .conststring        menu.o
    0x08030919   0x08030919   0x00000003   PAD
    0x0803091c   0x0803091c   0x000003da   Data   RO         3334    .conststring        color_light.o
    0x08030cf6   0x08030cf6   0x00000002   PAD
    0x08030cf8   0x08030cf8   0x0000004b   Data   RO         3534    .conststring        menutask.o
    0x08030d43   0x08030d43   0x00000001   PAD
    0x08030d44   0x08030d44   0x00000020   Data   RO         6375    Region$$Table       anon$$obj.o
    0x08030d64   0x08030d64   0x0000001c   Data   RO         6263    locale$$data        c_w.l(lc_numeric_c.o)
    0x08030d80   0x08030d80   0x00000110   Data   RO         6294    locale$$data        c_w.l(lc_ctype_c.o)


    Execution Region RW_IRAM1 (Exec base: 0x20000000, Load base: 0x08030e90, Size: 0x0000c580, Max: 0x00010000, ABSOLUTE, COMPRESSED[0x0000035c])

    Exec Addr    Load Addr    Size         Type   Attr      Idx    E Section Name        Object

    0x20000000   COMPRESSED   0x00000230   Data   RW           28    .data               main.o
    0x20000230   COMPRESSED   0x00000014   Data   RW         1059    .data               stm32f10x_rcc.o
    0x20000244   COMPRESSED   0x00000018   Data   RW         2421    .data               key.o
    0x2000025c   COMPRESSED   0x00000a98   Data   RW         2445    .data               menu.o
    0x20000cf4   COMPRESSED   0x00000020   Data   RW         2504    .data               menu_handle.o
    0x20000d14   COMPRESSED   0x0000000d   Data   RW         2581    .data               scheduler.o
    0x20000d21   COMPRESSED   0x00000003   PAD
    0x20000d24   COMPRESSED   0x0000000a   Data   RW         2652    .data               st7735s.o
    0x20000d2e   COMPRESSED   0x00000001   Data   RW         2780    .data               graphical.o
    0x20000d2f   COMPRESSED   0x00000001   PAD
    0x20000d30   COMPRESSED   0x0000001c   Data   RW         2908    .data               malloc.o
    0x20000d4c   COMPRESSED   0x00000001   Data   RW         2979    .data               dmxprotocol.o
    0x20000d4d   COMPRESSED   0x00000003   PAD
    0x20000d50   COMPRESSED   0x0000004d   Data   RW         3173    .data               usbh_usr.o
    0x20000d9d   COMPRESSED   0x00000003   PAD
    0x20000da0   COMPRESSED   0x00000060   Data   RW         3335    .data               color_light.o
    0x20000e00   COMPRESSED   0x00000011   Data   RW         3535    .data               menutask.o
    0x20000e11   COMPRESSED   0x00000003   PAD
    0x20000e14   COMPRESSED   0x00000008   Data   RW         3794    .data               gui.o
    0x20000e1c   COMPRESSED   0x00000028   Data   RW         3838    .data               scene.o
    0x20000e44   COMPRESSED   0x00000008   Data   RW         3961    .data               usb_bsp.o
    0x20000e4c   COMPRESSED   0x00000008   Data   RW         4028    .data               adc.o
    0x20000e54   COMPRESSED   0x00000013   Data   RW         4061    .data               dmx512.o
    0x20000e67   COMPRESSED   0x00000001   PAD
    0x20000e68   COMPRESSED   0x0000001b   Data   RW         4108    .data               ec11.o
    0x20000e83   COMPRESSED   0x00000001   PAD
    0x20000e84   COMPRESSED   0x00000010   Data   RW         4175    .data               ledpower.o
    0x20000e94   COMPRESSED   0x00000001   Data   RW         4392    .data               spi.o
    0x20000e95   COMPRESSED   0x00000003   PAD
    0x20000e98   COMPRESSED   0x00000004   Data   RW         4491    .data               delay.o
    0x20000e9c   COMPRESSED   0x00000002   Data   RW         4634    .data               debug.o
    0x20000e9e   COMPRESSED   0x00000002   PAD
    0x20000ea0   COMPRESSED   0x0000000a   Data   RW         4728    .data               ff.o
    0x20000eaa   COMPRESSED   0x00000002   PAD
    0x20000eac   COMPRESSED   0x00000012   Data   RW         5010    .data               usbh_core.o
    0x20000ebe   COMPRESSED   0x00000003   Data   RW         5193    .data               usbh_stdreq.o
    0x20000ec1   COMPRESSED   0x00000003   PAD
    0x20000ec4   COMPRESSED   0x00000011   Data   RW         5275    .data               usbh_msc_bot.o
    0x20000ed5   COMPRESSED   0x00000003   PAD
    0x20000ed8   COMPRESSED   0x0000001d   Data   RW         5319    .data               usbh_msc_core.o
    0x20000ef5   COMPRESSED   0x00000001   Data   RW         5365    .data               usbh_msc_fatfs.o
    0x20000ef6   COMPRESSED   0x00000001   Data   RW         5406    .data               usbh_msc_scsi.o
    0x20000ef7   COMPRESSED   0x00000001   PAD
    0x20000ef8        -       0x00000894   Zero   RW           27    .bss                main.o
    0x2000178c        -       0x00006d78   Zero   RW         2503    .bss                menu_handle.o
    0x20008504        -       0x00000040   Zero   RW         2580    .bss                scheduler.o
    0x20008544   COMPRESSED   0x0000001c   PAD
    0x20008560        -       0x00001540   Zero   RW         2906    .bss                malloc.o
    0x20009aa0        -       0x0000005c   Zero   RW         2978    .bss                dmxprotocol.o
    0x20009afc        -       0x00000464   Zero   RW         3171    .bss                usbh_usr.o
    0x20009f60        -       0x000001c8   Zero   RW         3332    .bss                color_light.o
    0x2000a128        -       0x00000230   Zero   RW         3793    .bss                gui.o
    0x2000a358        -       0x000002bc   Zero   RW         3837    .bss                scene.o
    0x2000a614        -       0x000000c8   Zero   RW         4026    .bss                adc.o
    0x2000a6dc        -       0x00000201   Zero   RW         4060    .bss                dmx512.o
    0x2000a8dd   COMPRESSED   0x00000003   PAD
    0x2000a8e0        -       0x0000004c   Zero   RW         4107    .bss                ec11.o
    0x2000a92c        -       0x0000000a   Zero   RW         4173    .bss                ledpower.o
    0x2000a936        -       0x00000800   Zero   RW         4309    .bss                stmflash.o
    0x2000b136        -       0x00000201   Zero   RW         4538    .bss                uart3.o
    0x2000b337   COMPRESSED   0x00000001   PAD
    0x2000b338        -       0x00000148   Zero   RW         4633    .bss                debug.o
    0x2000b480        -       0x00000200   Zero   RW         5192    .bss                usbh_stdreq.o
    0x2000b680        -       0x00000040   Zero   RW         5274    .bss                usbh_msc_bot.o
    0x2000b6c0        -       0x0000004a   Zero   RW         5318    .bss                usbh_msc_core.o
    0x2000b70a   COMPRESSED   0x00000002   PAD
    0x2000b70c        -       0x00000410   Zero   RW         5405    .bss                usbh_msc_scsi.o
    0x2000bb1c        -       0x00000060   Zero   RW         6191    .bss                c_w.l(libspace.o)
    0x2000bb7c   COMPRESSED   0x00000004   PAD
    0x2000bb80        -       0x00000200   Zero   RW           18    HEAP                startup_stm32f10x_cl.o
    0x2000bd80        -       0x00000800   Zero   RW           17    STACK               startup_stm32f10x_cl.o



  Load Region LR$$.ARM.__AT_0x68000000 (Base: 0x68000000, Size: 0x00000000, Max: 0x000f0000, ABSOLUTE)

    Execution Region ER$$.ARM.__AT_0x68000000 (Exec base: 0x68000000, Load base: 0x68000000, Size: 0x000f0000, Max: 0x000f0000, ABSOLUTE, UNINIT)

    Exec Addr    Load Addr    Size         Type   Attr      Idx    E Section Name        Object

    0x68000000        -       0x000f0000   Zero   RW         2904    .ARM.__AT_0x68000000  malloc.o



  Load Region LR$$.ARM.__AT_0x680F0000 (Base: 0x680f0000, Size: 0x00000000, Max: 0x0000f000, ABSOLUTE)

    Execution Region ER$$.ARM.__AT_0x680F0000 (Exec base: 0x680f0000, Load base: 0x680f0000, Size: 0x0000f000, Max: 0x0000f000, ABSOLUTE, UNINIT)

    Exec Addr    Load Addr    Size         Type   Attr      Idx    E Section Name        Object

    0x680f0000        -       0x0000f000   Zero   RW         2905    .ARM.__AT_0x680F0000  malloc.o


==============================================================================

Image component sizes


      Code (inc. data)   RO Data    RW Data    ZI Data      Debug   Object Name

       584         78          0          8        200       2644   adc.o
         2          0          0          0          0        392   algorithm_test.o
       132         16       1216          0          0       1823   ccsbcs.o
      8892        904       3498         96        456      18779   color_light.o
         0          0          0          0          0       4548   core_cm3.o
       490         30          0          2        328       4103   debug.o
       236         18          0          4          0      18279   delay.o
       772         94          0         19        513       3155   dmx512.o
      5030        166          0          1         92       9885   dmxprotocol.o
      1260        148          0         27         76       5488   ec11.o
         4          0          0          0          0        442   fattime.o
      6820         70        210         10          0      32107   ff.o
         0          0      40960          0          0        443   filmgear_data.o
      1786         46          0          1          0      10795   graphical.o
       884         78          0          8        560       2438   gui.o
       212         30          0         24          0       1144   key.o
      2790        298         14         16         10       5516   ledpower.o
       664         98          0        560       2196     329585   main.o
       152         24         24         28    1049920       3195   malloc.o
       790         48        853       2712          0       5558   menu.o
      1442        114          0         32      28024       9273   menu_handle.o
     10160       2344         99         17          0      24962   menutask.o
       172         22          0          0          0       2049   misc.o
       536         24          0          0          0       2056   mymath.o
         0          0        376          0          0        643   picture_data.o
      3728        578          0         40        700      11484   scene.o
       740         86          0         13         64       5051   scheduler.o
       680         74          0          1          0       4491   spi.o
       994         44      10620         10          0       7187   st7735s.o
        64         26        336          0       2560        800   startup_stm32f10x_cl.o
       482         24          0          0          0       7934   stm32f10x_adc.o
       148          6          0          0          0        976   stm32f10x_exti.o
       494         10          0          0          0       4472   stm32f10x_gpio.o
        24          0          0          0          0       3396   stm32f10x_it.o
        16          6          0          0          0        469   stm32f10x_iwdg.o
       596         68          0         20          0       7976   stm32f10x_rcc.o
       106          0          0          0          0       3276   stm32f10x_spi.o
       270         42          0          0          0       4093   stm32f10x_tim.o
       434          6          0          0          0       5608   stm32f10x_usart.o
       680         62          0          0       2048       7340   stmflash.o
        16          8          0          0          0        409   sys.o
       396         32          0          0          0       1897   system_stm32f10x.o
       284         28          0          0          0       2955   timer.o
       628         48          0          0        513       3164   uart3.o
       468         28          0          8          0       6886   usb_bsp.o
      2996         18          0          0          0      18291   usb_core.o
       202          0          0          0          0       5063   usb_hcd.o
      3702         16          0          0          0      10231   usb_hcd_int.o
      1634         42          0         18          0       8957   usbh_core.o
       390          0          0          0          0       4524   usbh_hcs.o
       560          0          0          0          0       5522   usbh_ioreq.o
      1140        100          0         17         64       6769   usbh_msc_bot.o
       876         62          0         29         74       6541   usbh_msc_core.o
       388         52          0          1          0       4494   usbh_msc_fatfs.o
      1312         88          0          1       1040       7264   usbh_msc_scsi.o
       942         14          0          3        512      10253   usbh_stdreq.o
      1196        520        410         77       1124      24686   usbh_usr.o
         8          0          0          0          0        420   wdg.o

    ----------------------------------------------------------------------
     70476       6738      58660       3832    1091108     702181   Object Totals
         0          0         32          0          0          0   (incl. Generated)
        72          0         12         29         34          0   (incl. Padding)

    ----------------------------------------------------------------------

      Code (inc. data)   RO Data    RW Data    ZI Data      Debug   Library Member Name

        44          6          0          0          0         84   __2sprintf.o
        90          0          0          0          0          0   __dczerorl2.o
         8          0          0          0          0         68   __main.o
       392          4         17          0          0         92   __printf_flags_ss_wp.o
        14          0          0          0          0         68   __printf_wp.o
         0          0          0          0          0          0   __rtentry.o
        12          0          0          0          0          0   __rtentry2.o
         6          0          0          0          0          0   __rtentry4.o
        52          8          0          0          0          0   __scatter.o
        28          0          0          0          0          0   __scatter_zi.o
        28          0          0          0          0         68   _chval.o
         6          0          0          0          0          0   _printf_a.o
         6          0          0          0          0          0   _printf_c.o
        44          0          0          0          0        108   _printf_char.o
        48          6          0          0          0         96   _printf_char_common.o
        40          0          0          0          0         68   _printf_charcount.o
         6          0          0          0          0          0   _printf_d.o
       120         16          0          0          0         92   _printf_dec.o
         6          0          0          0          0          0   _printf_e.o
         6          0          0          0          0          0   _printf_f.o
      1054          0          0          0          0        216   _printf_fp_dec.o
       764          8         38          0          0        100   _printf_fp_hex.o
       128         16          0          0          0         84   _printf_fp_infnan.o
         6          0          0          0          0          0   _printf_g.o
       148          4         40          0          0        160   _printf_hex_int_ll_ptr.o
         6          0          0          0          0          0   _printf_i.o
       178          0          0          0          0         88   _printf_intcommon.o
        10          0          0          0          0          0   _printf_l.o
         6          0          0          0          0          0   _printf_lc.o
        10          0          0          0          0          0   _printf_ll.o
         6          0          0          0          0          0   _printf_lld.o
         6          0          0          0          0          0   _printf_lli.o
         6          0          0          0          0          0   _printf_llo.o
         6          0          0          0          0          0   _printf_llu.o
         6          0          0          0          0          0   _printf_llx.o
       124         16          0          0          0         92   _printf_longlong_dec.o
         6          0          0          0          0          0   _printf_ls.o
         6          0          0          0          0          0   _printf_n.o
         6          0          0          0          0          0   _printf_o.o
       112         10          0          0          0        124   _printf_oct_int_ll.o
         6          0          0          0          0          0   _printf_p.o
        78          0          0          0          0        108   _printf_pad.o
         0          0          0          0          0          0   _printf_percent.o
         4          0          0          0          0          0   _printf_percent_end.o
         6          0          0          0          0          0   _printf_s.o
        82          0          0          0          0         80   _printf_str.o
        36          0          0          0          0         84   _printf_truncate.o
         6          0          0          0          0          0   _printf_u.o
        44          0          0          0          0        108   _printf_wchar.o
       188          6          8          0          0         92   _printf_wctomb.o
         6          0          0          0          0          0   _printf_x.o
        22          0          0          0          0        100   _rserrno.o
        10          0          0          0          0         68   _sputc.o
       158          0          0          0          0         92   _strtoul.o
        64          0          0          0          0         92   _wcrtomb.o
        26          0          0          0          0         80   atoi.o
       228          4        148          0          0         96   bigflt0.o
      1936        128          0          0          0        672   btod.o
        10          0          0          0          0         68   defsig_exit.o
        50          0          0          0          0         88   defsig_general.o
        80         58          0          0          0         76   defsig_rtmem_inner.o
        14          0          0          0          0         80   defsig_rtmem_outer.o
        18          0          0          0          0         80   exit.o
        94          0          0          0          0         80   h1_alloc.o
        52          0          0          0          0         68   h1_extend.o
        78          0          0          0          0         80   h1_free.o
        14          0          0          0          0         84   h1_init.o
         6          0          0          0          0        152   heapauxi.o
         4          0          0          0          0        136   hguard.o
         0          0          0          0          0          0   indicate_semi.o
       138          0          0          0          0        168   init_alloc.o
        44         10        272          0          0         76   lc_ctype_c.o
        44         10         28          0          0         76   lc_numeric_c.o
         2          0          0          0          0          0   libinit.o
        38          0          0          0          0          0   libinit2.o
         2          0          0          0          0          0   libshutdown.o
         2          0          0          0          0          0   libshutdown2.o
         8          4          0          0         96         68   libspace.o
       138          0          0          0          0         80   lludiv10.o
         0          0          0          0          0          0   maybetermalloc1.o
        88          0          0          0          0         76   memcmp.o
        16          4          0          0          0         76   rt_ctype_table.o
         8          4          0          0          0         68   rt_errno_addr_intlibspace.o
         8          4          0          0          0         68   rt_heap_descriptor_intlibspace.o
         8          4          0          0          0         68   rt_locale_intlibspace.o
        68          0          0          0          0         68   rt_memclr.o
        78          0          0          0          0         80   rt_memclr_w.o
       138          0          0          0          0         68   rt_memcpy_v6.o
       100          0          0          0          0         80   rt_memcpy_w.o
         2          0          0          0          0          0   rtexit.o
        10          0          0          0          0          0   rtexit2.o
       128          0          0          0          0         68   strcmpv7m.o
        62          0          0          0          0         76   strlen.o
        36          0          0          0          0         80   strstr.o
       112          0          0          0          0         88   strtol.o
        12          4          0          0          0         68   sys_exit.o
        74          0          0          0          0         80   sys_stackheap_outer.o
        14          0          0          0          0         76   sys_wrch.o
         2          0          0          0          0         68   use_no_semi.o
        36          4          0          0          0         76   vsprintf.o
        98          4          0          0          0         92   d2f.o
       826         16          0          0          0        348   daddsub_clz.o
        16          4          0          0          0         68   dcheck1.o
        24          0          0          0          0         68   dcmpi.o
       688        140          0          0          0        208   ddiv.o
       120          4          0          0          0         92   deqf.o
        94          4          0          0          0         92   dfix.o
        90          4          0          0          0         92   dfixu.o
        84          0          0          0          0        136   dflt_clz.o
       120          4          0          0          0         92   dleqf.o
       340         12          0          0          0        104   dmul.o
       156          4          0          0          0         92   dnaninf.o
        12          0          0          0          0         68   dretinf.o
       108          0          0          0          0         80   drleqf.o
       460         56          0          0          0        120   dsqrt_noumaal.o
        86          4          0          0          0         84   f2d.o
       450          8          0          0          0        236   faddsub_clz.o
        24          0          0          0          0         68   fcmpi.o
       388         76          0          0          0         96   fdiv.o
       104          4          0          0          0         84   feqf.o
        54          4          0          0          0         84   ffix.o
        62          4          0          0          0         84   ffixu.o
        86          0          0          0          0        136   fflt_clz.o
       104          4          0          0          0         84   fleqf.o
       258          4          0          0          0         84   fmul.o
       140          4          0          0          0         84   fnaninf.o
        10          0          0          0          0         68   fretinf.o
        98          0          0          0          0         68   frleqf.o
         4          0          0          0          0         68   printf1.o
         4          0          0          0          0         68   printf2.o
       100          0          0          0          0         68   retnan.o
        92          0          0          0          0         68   scalbn.o
        48          0          0          0          0         68   trapv.o
         0          0          0          0          0          0   usenofp.o
       156          8          0          0          0        104   cos.o
       252         22         48          0          0        124   cos_i.o
        68         10          0          0          0        408   dunder.o
        40          0          0          0          0         68   fpclassify.o
       860         52         56          0          0        256   log.o
       170          0          0          0          0         96   poly.o
      2520        190        136          0          0        324   pow.o
         0          0          8          0          0          0   qnan.o
       904         76        200          0          0        140   rred.o
       236         12         40          0          0        128   sin_i.o
        76          0          0          0          0         84   sqrt.o

    ----------------------------------------------------------------------
     18954       1072       1046          0        100      11156   Library Totals
        38          0          7          0          4          0   (incl. Padding)

    ----------------------------------------------------------------------

      Code (inc. data)   RO Data    RW Data    ZI Data      Debug   Library Name

      8286        338        551          0         96       6072   c_w.l
      5348        364          0          0          0       3352   fz_ws.l
      5282        370        488          0          0       1732   m_ws.l

    ----------------------------------------------------------------------
     18954       1072       1046          0        100      11156   Library Totals

    ----------------------------------------------------------------------

==============================================================================


      Code (inc. data)   RO Data    RW Data    ZI Data      Debug   

     89430       7810      59706       3832    1091208     684681   Grand Totals
     89430       7810      59706        860    1091208     684681   ELF Image Totals (compressed)
     89430       7810      59706        860          0          0   ROM Totals

==============================================================================

    Total RO  Size (Code + RO Data)               149136 ( 145.64kB)
    Total RW  Size (RW Data + ZI Data)           1095040 (1069.38kB)
    Total ROM Size (Code + RO Data + RW Data)     149996 ( 146.48kB)

==============================================================================

