Component: ARM Compiler 5.06 update 5 (build 528) Tool: armlink [4d35e2]

==============================================================================

Section Cross References

    startup_stm32f10x_cl.o(STACK) refers (Special) to heapauxi.o(.text) for __use_two_region_memory
    startup_stm32f10x_cl.o(HEAP) refers (Special) to heapauxi.o(.text) for __use_two_region_memory
    startup_stm32f10x_cl.o(RESET) refers (Special) to heapauxi.o(.text) for __use_two_region_memory
    startup_stm32f10x_cl.o(RESET) refers to startup_stm32f10x_cl.o(STACK) for __initial_sp
    startup_stm32f10x_cl.o(RESET) refers to startup_stm32f10x_cl.o(.text) for Reset_Handler
    startup_stm32f10x_cl.o(RESET) refers to stm32f10x_it.o(i.NMI_Handler) for NMI_Handler
    startup_stm32f10x_cl.o(RESET) refers to stm32f10x_it.o(i.HardFault_Handler) for HardFault_Handler
    startup_stm32f10x_cl.o(RESET) refers to stm32f10x_it.o(i.MemManage_Handler) for MemManage_Handler
    startup_stm32f10x_cl.o(RESET) refers to stm32f10x_it.o(i.BusFault_Handler) for BusFault_Handler
    startup_stm32f10x_cl.o(RESET) refers to stm32f10x_it.o(i.UsageFault_Handler) for UsageFault_Handler
    startup_stm32f10x_cl.o(RESET) refers to stm32f10x_it.o(i.SVC_Handler) for SVC_Handler
    startup_stm32f10x_cl.o(RESET) refers to stm32f10x_it.o(i.DebugMon_Handler) for DebugMon_Handler
    startup_stm32f10x_cl.o(RESET) refers to stm32f10x_it.o(i.PendSV_Handler) for PendSV_Handler
    startup_stm32f10x_cl.o(RESET) refers to delay.o(i.SysTick_Handler) for SysTick_Handler
    startup_stm32f10x_cl.o(RESET) refers to ec11.o(i.EXTI1_IRQHandler) for EXTI1_IRQHandler
    startup_stm32f10x_cl.o(RESET) refers to ec11.o(i.EXTI4_IRQHandler) for EXTI4_IRQHandler
    startup_stm32f10x_cl.o(RESET) refers to adc.o(i.DMA1_Channel1_IRQHandler) for DMA1_Channel1_IRQHandler
    startup_stm32f10x_cl.o(RESET) refers to dmx512.o(i.EXTI9_5_IRQHandler) for EXTI9_5_IRQHandler
    startup_stm32f10x_cl.o(RESET) refers to usb_bsp.o(i.TIM2_IRQHandler) for TIM2_IRQHandler
    startup_stm32f10x_cl.o(RESET) refers to dmx512.o(i.USART2_IRQHandler) for USART2_IRQHandler
    startup_stm32f10x_cl.o(RESET) refers to uart3.o(i.USART3_IRQHandler) for USART3_IRQHandler
    startup_stm32f10x_cl.o(RESET) refers to ec11.o(i.EXTI15_10_IRQHandler) for EXTI15_10_IRQHandler
    startup_stm32f10x_cl.o(RESET) refers to ec11.o(i.TIM5_IRQHandler) for TIM5_IRQHandler
    startup_stm32f10x_cl.o(RESET) refers to dmx512.o(i.TIM6_IRQHandler) for TIM6_IRQHandler
    startup_stm32f10x_cl.o(RESET) refers to timer.o(i.TIM7_IRQHandler) for TIM7_IRQHandler
    startup_stm32f10x_cl.o(RESET) refers to spi.o(i.DMA2_Channel2_IRQHandler) for DMA2_Channel2_IRQHandler
    startup_stm32f10x_cl.o(RESET) refers to usb_bsp.o(i.OTG_FS_IRQHandler) for OTG_FS_IRQHandler
    startup_stm32f10x_cl.o(.text) refers (Special) to heapauxi.o(.text) for __use_two_region_memory
    startup_stm32f10x_cl.o(.text) refers to system_stm32f10x.o(i.SystemInit) for SystemInit
    startup_stm32f10x_cl.o(.text) refers to __main.o(!!!main) for __main
    startup_stm32f10x_cl.o(.text) refers to startup_stm32f10x_cl.o(HEAP) for Heap_Mem
    startup_stm32f10x_cl.o(.text) refers to startup_stm32f10x_cl.o(STACK) for Stack_Mem
    main.o(i.GPIO_init) refers to stm32f10x_rcc.o(i.RCC_APB2PeriphClockCmd) for RCC_APB2PeriphClockCmd
    main.o(i.GPIO_init) refers to stm32f10x_gpio.o(i.GPIO_Init) for GPIO_Init
    main.o(i.GPIO_init) refers to stm32f10x_gpio.o(i.GPIO_PinRemapConfig) for GPIO_PinRemapConfig
    main.o(i.GPIO_init) refers to delay.o(i.delay_ms) for delay_ms
    main.o(i.main) refers to misc.o(i.NVIC_PriorityGroupConfig) for NVIC_PriorityGroupConfig
    main.o(i.main) refers to delay.o(i.SysTick_Configuration) for SysTick_Configuration
    main.o(i.main) refers to main.o(i.GPIO_init) for GPIO_init
    main.o(i.main) refers to stmflash.o(i.LoadConfig) for LoadConfig
    main.o(i.main) refers to malloc.o(i.my_mem_init) for my_mem_init
    main.o(i.main) refers to adc.o(i.ADC1Init) for ADC1Init
    main.o(i.main) refers to dmx512.o(i.dmx512_init) for dmx512_init
    main.o(i.main) refers to uart3.o(i.uart3_init) for uart3_init
    main.o(i.main) refers to ec11.o(i.ec11_init) for ec11_init
    main.o(i.main) refers to st7735s.o(i.Lcd_Init) for Lcd_Init
    main.o(i.main) refers to color_light.o(i.color_light_init) for color_light_init
    main.o(i.main) refers to st7735s.o(i.LCD_Clear) for LCD_Clear
    main.o(i.main) refers to graphical.o(i.LCD_Fill_Picture) for LCD_Fill_Picture
    main.o(i.main) refers to delay.o(i.delay_ms) for delay_ms
    main.o(i.main) refers to menu_handle.o(i.Menu_init) for Menu_init
    main.o(i.main) refers to main.o(i.param_init) for param_init
    main.o(i.main) refers to ledpower.o(i.AllLedPowerOff) for AllLedPowerOff
    main.o(i.main) refers to usbh_core_1.o(i.USBH_Init) for USBH_Init
    main.o(i.main) refers to menu_handle.o(i.MenuBuf_malloc) for MenuBuf_malloc
[...]
    USBH_DataInBuffer                        0x2000c938   Data         512  usbh_msc_scsi_1.o(.bss)
    USBH_DataOutBuffer                       0x2000cb38   Data         512  usbh_msc_scsi_1.o(.bss)
    __libspace_start                         0x2000cd38   Data          96  libspace.o(.bss)
    __temporary_stack_top$libspace           0x2000cd98   Data           0  libspace.o(.bss)
    mem2base                                 0x68000000   Data       983040  malloc.o(.ARM.__AT_0x68000000)
    mem2mapbase                              0x680f0000   Data       61440  malloc.o(.ARM.__AT_0x680F0000)



==============================================================================

Memory Map of the image

  Image Entry point : 0x0800c951

  Load Region LR_IROM1 (Base: 0x0800c800, Size: 0x00021948, Max: 0x00033800, ABSOLUTE, COMPRESSED[0x00020cd8])

    Execution Region ER_IROM1 (Exec base: 0x0800c800, Load base: 0x0800c800, Size: 0x000208e8, Max: 0x00033800, ABSOLUTE)

    Exec Addr    Load Addr    Size         Type   Attr      Idx    E Section Name        Object

    0x0800c800   0x0800c800   0x00000150   Data   RO           19    RESET               startup_stm32f10x_cl.o
    0x0800c950   0x0800c950   0x00000008   Code   RO         5508  * !!!main             c_w.l(__main.o)
    0x0800c958   0x0800c958   0x00000034   Code   RO         6013    !!!scatter          c_w.l(__scatter.o)
    0x0800c98c   0x0800c98c   0x0000005a   Code   RO         6011    !!dczerorl2         c_w.l(__dczerorl2.o)
    0x0800c9e6   0x0800c9e6   0x00000002   PAD
    0x0800c9e8   0x0800c9e8   0x0000001c   Code   RO         6015    !!handler_zi        c_w.l(__scatter_zi.o)
    0x0800ca04   0x0800ca04   0x00000000   Code   RO         5487    .ARM.Collect$$_printf_percent$$00000000  c_w.l(_printf_percent.o)
    0x0800ca04   0x0800ca04   0x00000006   Code   RO         5690    .ARM.Collect$$_printf_percent$$00000001  c_w.l(_printf_n.o)
    0x0800ca0a   0x0800ca0a   0x00000006   Code   RO         5692    .ARM.Collect$$_printf_percent$$00000002  c_w.l(_printf_p.o)
    0x0800ca10   0x0800ca10   0x00000006   Code   RO         5486    .ARM.Collect$$_printf_percent$$00000003  c_w.l(_printf_f.o)
    0x0800ca16   0x0800ca16   0x00000006   Code   RO         5696    .ARM.Collect$$_printf_percent$$00000004  c_w.l(_printf_e.o)
    0x0800ca1c   0x0800ca1c   0x00000006   Code   RO         5697    .ARM.Collect$$_printf_percent$$00000005  c_w.l(_printf_g.o)
    0x0800ca22   0x0800ca22   0x00000006   Code   RO         5698    .ARM.Collect$$_printf_percent$$00000006  c_w.l(_printf_a.o)
    0x0800ca28   0x0800ca28   0x0000000a   Code   RO         5703    .ARM.Collect$$_printf_percent$$00000007  c_w.l(_printf_ll.o)
    0x0800ca32   0x0800ca32   0x00000006   Code   RO         5694    .ARM.Collect$$_printf_percent$$00000008  c_w.l(_printf_i.o)
    0x0800ca38   0x0800ca38   0x00000006   Code   RO         5485    .ARM.Collect$$_printf_percent$$00000009  c_w.l(_printf_d.o)
    0x0800ca3e   0x0800ca3e   0x00000006   Code   RO         5695    .ARM.Collect$$_printf_percent$$0000000A  c_w.l(_printf_u.o)
    0x0800ca44   0x0800ca44   0x00000006   Code   RO         5693    .ARM.Collect$$_printf_percent$$0000000B  c_w.l(_printf_o.o)
    0x0800ca4a   0x0800ca4a   0x00000006   Code   RO         5691    .ARM.Collect$$_printf_percent$$0000000C  c_w.l(_printf_x.o)
    0x0800ca50   0x0800ca50   0x00000006   Code   RO         5700    .ARM.Collect$$_printf_percent$$0000000D  c_w.l(_printf_lli.o)
    0x0800ca56   0x0800ca56   0x00000006   Code   RO         5701    .ARM.Collect$$_printf_percent$$0000000E  c_w.l(_printf_lld.o)
    0x0800ca5c   0x0800ca5c   0x00000006   Code   RO         5702    .ARM.Collect$$_printf_percent$$0000000F  c_w.l(_printf_llu.o)
    0x0800ca62   0x0800ca62   0x00000006   Code   RO         5707    .ARM.Collect$$_printf_percent$$00000010  c_w.l(_printf_llo.o)
    0x0800ca68   0x0800ca68   0x00000006   Code   RO         5708    .ARM.Collect$$_printf_percent$$00000011  c_w.l(_printf_llx.o)
    0x0800ca6e   0x0800ca6e   0x0000000a   Code   RO         5704    .ARM.Collect$$_printf_percent$$00000012  c_w.l(_printf_l.o)
    0x0800ca78   0x0800ca78   0x00000006   Code   RO         5689    .ARM.Collect$$_printf_percent$$00000013  c_w.l(_printf_c.o)
    0x0800ca7e   0x0800ca7e   0x00000006   Code   RO         5484    .ARM.Collect$$_printf_percent$$00000014  c_w.l(_printf_s.o)
    0x0800ca84   0x0800ca84   0x00000006   Code   RO         5705    .ARM.Collect$$_printf_percent$$00000015  c_w.l(_printf_lc.o)
    0x0800ca8a   0x0800ca8a   0x00000006   Code   RO         5706    .ARM.Collect$$_printf_percent$$00000016  c_w.l(_printf_ls.o)
    0x0800ca90   0x0800ca90   0x00000004   Code   RO         5699    .ARM.Collect$$_printf_percent$$00000017  c_w.l(_printf_percent_end.o)
    0x0800ca94   0x0800ca94   0x00000002   Code   RO         5946    .ARM.Collect$$libinit$$00000000  c_w.l(libinit.o)
    0x0800ca96   0x0800ca96   0x00000000   Code   RO         5714    .ARM.Collect$$libinit$$00000002  c_w.l(libinit2.o)
    0x0800ca96   0x0800ca96   0x00000000   Code   RO         5716    .ARM.Collect$$libinit$$00000004  c_w.l(libinit2.o)
    0x0800ca96   0x0800ca96   0x00000008   Code   RO         5717    .ARM.Collect$$libinit$$00000005  c_w.l(libinit2.o)
    0x0800ca9e   0x0800ca9e   0x00000000   Code   RO         5719    .ARM.Collect$$libinit$$0000000A  c_w.l(libinit2.o)
    0x0800ca9e   0x0800ca9e   0x00000000   Code   RO         5721    .ARM.Collect$$libinit$$0000000C  c_w.l(libinit2.o)
    0x0800ca9e   0x0800ca9e   0x00000000   Code   RO         5723    .ARM.Collect$$libinit$$0000000E  c_w.l(libinit2.o)
    0x0800ca9e   0x0800ca9e   0x00000006   Code   RO         5724    .ARM.Collect$$libinit$$0000000F  c_w.l(libinit2.o)
    0x0800caa4   0x0800caa4   0x00000000   Code   RO         5726    .ARM.Collect$$libinit$$00000011  c_w.l(libinit2.o)
    0x0800caa4   0x0800caa4   0x0000000c   Code   RO         5727    .ARM.Collect$$libinit$$00000012  c_w.l(libinit2.o)
    0x0800cab0   0x0800cab0   0x00000000   Code   RO         5728    .ARM.Collect$$libinit$$00000013  c_w.l(libinit2.o)
    0x0800cab0   0x0800cab0   0x00000000   Code   RO         5730    .ARM.Collect$$libinit$$00000015  c_w.l(libinit2.o)
    0x0800cab0   0x0800cab0   0x0000000a   Code   RO         5731    .ARM.Collect$$libinit$$00000016  c_w.l(libinit2.o)
    0x0800caba   0x0800caba   0x00000000   Code   RO         5732    .ARM.Collect$$libinit$$00000017  c_w.l(libinit2.o)
    0x0800caba   0x0800caba   0x00000000   Code   RO         5734    .ARM.Collect$$libinit$$00000019  c_w.l(libinit2.o)
    0x0800caba   0x0800caba   0x00000000   Code   RO         5736    .ARM.Collect$$libinit$$0000001B  c_w.l(libinit2.o)
    0x0800caba   0x0800caba   0x00000000   Code   RO         5738    .ARM.Collect$$libinit$$0000001D  c_w.l(libinit2.o)
    0x0800caba   0x0800caba   0x00000000   Code   RO         5740    .ARM.Collect$$libinit$$0000001F  c_w.l(libinit2.o)
    0x0800caba   0x0800caba   0x00000000   Code   RO         5742    .ARM.Collect$$libinit$$00000021  c_w.l(libinit2.o)
    0x0800caba   0x0800caba   0x00000000   Code   RO         5744    .ARM.Collect$$libinit$$00000023  c_w.l(libinit2.o)
    0x0800caba   0x0800caba   0x00000000   Code   RO         5746    .ARM.Collect$$libinit$$00000025  c_w.l(libinit2.o)
    0x0800caba   0x0800caba   0x00000000   Code   RO         5750    .ARM.Collect$$libinit$$0000002C  c_w.l(libinit2.o)
    0x0800caba   0x0800caba   0x00000000   Code   RO         5752    .ARM.Collect$$libinit$$0000002E  c_w.l(libinit2.o)
    0x0800caba   0x0800caba   0x00000000   Code   RO         5754    .ARM.Collect$$libinit$$00000030  c_w.l(libinit2.o)
    0x0800caba   0x0800caba   0x00000000   Code   RO         5756    .ARM.Collect$$libinit$$00000032  c_w.l(libinit2.o)
    0x0800caba   0x0800caba   0x00000002   Code   RO         5757    .ARM.Collect$$libinit$$00000033  c_w.l(libinit2.o)
    0x0800cabc   0x0800cabc   0x00000002   Code   RO         6008    .ARM.Collect$$libshutdown$$00000000  c_w.l(libshutdown.o)
    0x0800cabe   0x0800cabe   0x00000000   Code   RO         5962    .ARM.Collect$$libshutdown$$00000002  c_w.l(libshutdown2.o)
    0x0800cabe   0x0800cabe   0x00000000   Code   RO         5964    .ARM.Collect$$libshutdown$$00000004  c_w.l(libshutdown2.o)
    0x0800cabe   0x0800cabe   0x00000000   Code   RO         5967    .ARM.Collect$$libshutdown$$00000007  c_w.l(libshutdown2.o)
    0x0800cabe   0x0800cabe   0x00000000   Code   RO         5970    .ARM.Collect$$libshutdown$$0000000A  c_w.l(libshutdown2.o)
    0x0800cabe   0x0800cabe   0x00000000   Code   RO         5972    .ARM.Collect$$libshutdown$$0000000C  c_w.l(libshutdown2.o)
    0x0800cabe   0x0800cabe   0x00000000   Code   RO         5975    .ARM.Collect$$libshutdown$$0000000F  c_w.l(libshutdown2.o)
    0x0800cabe   0x0800cabe   0x00000002   Code   RO         5976    .ARM.Collect$$libshutdown$$00000010  c_w.l(libshutdown2.o)
    0x0800cac0   0x0800cac0   0x00000000   Code   RO         5608    .ARM.Collect$$rtentry$$00000000  c_w.l(__rtentry.o)
    0x0800cac0   0x0800cac0   0x00000000   Code   RO         5828    .ARM.Collect$$rtentry$$00000002  c_w.l(__rtentry2.o)
    0x0800cac0   0x0800cac0   0x00000006   Code   RO         5840    .ARM.Collect$$rtentry$$00000004  c_w.l(__rtentry4.o)
    0x0800cac6   0x0800cac6   0x00000000   Code   RO         5830    .ARM.Collect$$rtentry$$00000009  c_w.l(__rtentry2.o)
    0x0800cac6   0x0800cac6   0x00000004   Code   RO         5831    .ARM.Collect$$rtentry$$0000000A  c_w.l(__rtentry2.o)
    0x0800caca   0x0800caca   0x00000000   Code   RO         5833    .ARM.Collect$$rtentry$$0000000C  c_w.l(__rtentry2.o)
    0x0800caca   0x0800caca   0x00000008   Code   RO         5834    .ARM.Collect$$rtentry$$0000000D  c_w.l(__rtentry2.o)
    0x0800cad2   0x0800cad2   0x00000002   Code   RO         5951    .ARM.Collect$$rtexit$$00000000  c_w.l(rtexit.o)
    0x0800cad4   0x0800cad4   0x00000000   Code   RO         5982    .ARM.Collect$$rtexit$$00000002  c_w.l(rtexit2.o)
    0x0800cad4   0x0800cad4   0x00000004   Code   RO         5983    .ARM.Collect$$rtexit$$00000003  c_w.l(rtexit2.o)
    0x0800cad8   0x0800cad8   0x00000006   Code   RO         5984    .ARM.Collect$$rtexit$$00000004  c_w.l(rtexit2.o)
    0x0800cade   0x0800cade   0x00000002   PAD
    0x0800cae0   0x0800cae0   0x00000000   Code   RO         5851    .emb_text           c_w.l(maybetermalloc1.o)
    0x0800cae0   0x0800cae0   0x00000040   Code   RO           20    .text               startup_stm32f10x_cl.o
    0x0800cb20   0x0800cb20   0x0000005e   Code   RO         5394    .text               c_w.l(h1_alloc.o)
    0x0800cb7e   0x0800cb7e   0x0000004e   Code   RO         5396    .text               c_w.l(h1_free.o)
    0x0800cbcc   0x0800cbcc   0x00000024   Code   RO         5452    .text               c_w.l(vsprintf.o)
    0x0800cbf0   0x0800cbf0   0x0000002c   Code   RO         5454    .text               c_w.l(__2sprintf.o)
    0x0800cc1c   0x0800cc1c   0x00000052   Code   RO         5460    .text               c_w.l(_printf_str.o)
    0x0800cc6e   0x0800cc6e   0x00000002   PAD
    0x0800cc70   0x0800cc70   0x00000078   Code   RO         5462    .text               c_w.l(_printf_dec.o)
    0x0800cce8   0x0800cce8   0x00000188   Code   RO         5481    .text               c_w.l(__printf_flags_ss_wp.o)
    0x0800ce70   0x0800ce70   0x0000001a   Code   RO         5488    .text               c_w.l(atoi.o)
    0x0800ce8a   0x0800ce8a   0x00000024   Code   RO         5490    .text               c_w.l(strstr.o)
    0x0800ceae   0x0800ceae   0x00000058   Code   RO         5492    .text               c_w.l(memcmp.o)
    0x0800cf06   0x0800cf06   0x0000003e   Code   RO         5494    .text               c_w.l(strlen.o)
    0x0800cf44   0x0800cf44   0x0000008a   Code   RO         5496    .text               c_w.l(rt_memcpy_v6.o)
    0x0800cfce   0x0800cfce   0x00000064   Code   RO         5498    .text               c_w.l(rt_memcpy_w.o)
    0x0800d032   0x0800d032   0x00000044   Code   RO         5500    .text               c_w.l(rt_memclr.o)
    0x0800d076   0x0800d076   0x0000004e   Code   RO         5502    .text               c_w.l(rt_memclr_w.o)
    0x0800d0c4   0x0800d0c4   0x00000080   Code   RO         5504    .text               c_w.l(strcmpv7m.o)
    0x0800d144   0x0800d144   0x00000006   Code   RO         5506    .text               c_w.l(heapauxi.o)
    0x0800d14a   0x0800d14a   0x00000002   PAD
    0x0800d14c   0x0800d14c   0x00000008   Code   RO         5612    .text               c_w.l(rt_heap_descriptor_intlibspace.o)
    0x0800d154   0x0800d154   0x00000008   Code   RO         5617    .text               c_w.l(rt_errno_addr_intlibspace.o)
    0x0800d15c   0x0800d15c   0x00000004   Code   RO         5619    .text               c_w.l(hguard.o)
    0x0800d160   0x0800d160   0x0000008a   Code   RO         5621    .text               c_w.l(init_alloc.o)
    0x0800d1ea   0x0800d1ea   0x0000000e   Code   RO         5625    .text               c_w.l(h1_init.o)
    0x0800d1f8   0x0800d1f8   0x00000016   Code   RO         5639    .text               c_w.l(_rserrno.o)
    0x0800d20e   0x0800d20e   0x0000004e   Code   RO         5641    .text               c_w.l(_printf_pad.o)
    0x0800d25c   0x0800d25c   0x00000024   Code   RO         5643    .text               c_w.l(_printf_truncate.o)
    0x0800d280   0x0800d280   0x000000b2   Code   RO         5645    .text               c_w.l(_printf_intcommon.o)
    0x0800d332   0x0800d332   0x00000028   Code   RO         5647    .text               c_w.l(_printf_charcount.o)
    0x0800d35a   0x0800d35a   0x0000041e   Code   RO         5649    .text               c_w.l(_printf_fp_dec.o)
    0x0800d778   0x0800d778   0x00000030   Code   RO         5651    .text               c_w.l(_printf_char_common.o)
    0x0800d7a8   0x0800d7a8   0x0000000a   Code   RO         5653    .text               c_w.l(_sputc.o)
    0x0800d7b2   0x0800d7b2   0x0000002c   Code   RO         5655    .text               c_w.l(_printf_char.o)
    0x0800d7de   0x0800d7de   0x00000002   PAD
    0x0800d7e0   0x0800d7e0   0x000000bc   Code   RO         5657    .text               c_w.l(_printf_wctomb.o)
    0x0800d89c   0x0800d89c   0x0000007c   Code   RO         5660    .text               c_w.l(_printf_longlong_dec.o)
    0x0800d918   0x0800d918   0x00000070   Code   RO         5666    .text               c_w.l(_printf_oct_int_ll.o)
    0x0800d988   0x0800d988   0x00000094   Code   RO         5686    .text               c_w.l(_printf_hex_int_ll_ptr.o)
    0x0800da1c   0x0800da1c   0x00000070   Code   RO         5709    .text               c_w.l(strtol.o)
    0x0800da8c   0x0800da8c   0x00000008   Code   RO         5824    .text               c_w.l(libspace.o)
    0x0800da94   0x0800da94   0x00000010   Code   RO         5842    .text               c_w.l(rt_ctype_table.o)
    0x0800daa4   0x0800daa4   0x00000008   Code   RO         5847    .text               c_w.l(rt_locale_intlibspace.o)
    0x0800daac   0x0800daac   0x00000034   Code   RO         5853    .text               c_w.l(h1_extend.o)
    0x0800dae0   0x0800dae0   0x0000008a   Code   RO         5857    .text               c_w.l(lludiv10.o)
    0x0800db6a   0x0800db6a   0x00000002   PAD
    0x0800db6c   0x0800db6c   0x000002fc   Code   RO         5859    .text               c_w.l(_printf_fp_hex.o)
    0x0800de68   0x0800de68   0x00000080   Code   RO         5862    .text               c_w.l(_printf_fp_infnan.o)
    0x0800dee8   0x0800dee8   0x0000002c   Code   RO         5866    .text               c_w.l(_printf_wchar.o)
    0x0800df14   0x0800df14   0x0000009e   Code   RO         5868    .text               c_w.l(_strtoul.o)
    0x0800dfb2   0x0800dfb2   0x00000002   PAD
    0x0800dfb4   0x0800dfb4   0x000000e4   Code   RO         5870    .text               c_w.l(bigflt0.o)
    0x0800e098   0x0800e098   0x00000040   Code   RO         5895    .text               c_w.l(_wcrtomb.o)
    0x0800e0d8   0x0800e0d8   0x0000000e   Code   RO         5900    .text               c_w.l(defsig_rtmem_outer.o)
    0x0800e0e6   0x0800e0e6   0x00000002   Code   RO         5917    .text               c_w.l(use_no_semi.o)
    0x0800e0e8   0x0800e0e8   0x00000000   Code   RO         5919    .text               c_w.l(indicate_semi.o)
    0x0800e0e8   0x0800e0e8   0x0000004a   Code   RO         5920    .text               c_w.l(sys_stackheap_outer.o)
    0x0800e132   0x0800e132   0x0000001c   Code   RO         5926    .text               c_w.l(_chval.o)
    0x0800e14e   0x0800e14e   0x00000012   Code   RO         5931    .text               c_w.l(exit.o)
    0x0800e160   0x0800e160   0x0000000a   Code   RO         5933    .text               c_w.l(defsig_exit.o)
    0x0800e16a   0x0800e16a   0x00000002   PAD
    0x0800e16c   0x0800e16c   0x00000050   Code   RO         5935    .text               c_w.l(defsig_rtmem_inner.o)
    0x0800e1bc   0x0800e1bc   0x0000000c   Code   RO         5949    .text               c_w.l(sys_exit.o)
    0x0800e1c8   0x0800e1c8   0x00000032   Code   RO         5959    .text               c_w.l(defsig_general.o)
    0x0800e1fa   0x0800e1fa   0x0000000e   Code   RO         5979    .text               c_w.l(sys_wrch.o)
    0x0800e208   0x0800e208   0x0000003e   Code   RO         5873    CL$$btod_d2e        c_w.l(btod.o)
    0x0800e246   0x0800e246   0x00000046   Code   RO         5875    CL$$btod_d2e_denorm_low  c_w.l(btod.o)
    0x0800e28c   0x0800e28c   0x00000060   Code   RO         5874    CL$$btod_d2e_norm_op1  c_w.l(btod.o)
    0x0800e2ec   0x0800e2ec   0x00000338   Code   RO         5883    CL$$btod_div_common  c_w.l(btod.o)
    0x0800e624   0x0800e624   0x000000dc   Code   RO         5880    CL$$btod_e2e        c_w.l(btod.o)
    0x0800e700   0x0800e700   0x0000002a   Code   RO         5877    CL$$btod_ediv       c_w.l(btod.o)
    0x0800e72a   0x0800e72a   0x0000002a   Code   RO         5876    CL$$btod_emul       c_w.l(btod.o)
    0x0800e754   0x0800e754   0x00000244   Code   RO         5882    CL$$btod_mult_common  c_w.l(btod.o)
    0x0800e998   0x0800e998   0x00000108   Code   RO         3747    i.ADC1Init          adc.o
    0x0800eaa0   0x0800eaa0   0x00000016   Code   RO         2212    i.ADC_Cmd           stm32f10x_adc.o
    0x0800eab6   0x0800eab6   0x00000016   Code   RO         2213    i.ADC_DMACmd        stm32f10x_adc.o
    0x0800eacc   0x0800eacc   0x0000005c   Code   RO         2214    i.ADC_DeInit        stm32f10x_adc.o
    0x0800eb28   0x0800eb28   0x00000014   Code   RO         2220    i.ADC_GetCalibrationStatus  stm32f10x_adc.o
    0x0800eb3c   0x0800eb3c   0x00000014   Code   RO         2226    i.ADC_GetResetCalibrationStatus  stm32f10x_adc.o
    0x0800eb50   0x0800eb50   0x00000050   Code   RO         2230    i.ADC_Init          stm32f10x_adc.o
    0x0800eba0   0x0800eba0   0x000000b8   Code   RO         2234    i.ADC_RegularChannelConfig  stm32f10x_adc.o
    0x0800ec58   0x0800ec58   0x0000000a   Code   RO         2235    i.ADC_ResetCalibration  stm32f10x_adc.o
    0x0800ec62   0x0800ec62   0x00000016   Code   RO         2237    i.ADC_SoftwareStartConvCmd  stm32f10x_adc.o
    0x0800ec78   0x0800ec78   0x0000000a   Code   RO         2239    i.ADC_StartCalibration  stm32f10x_adc.o
    0x0800ec82   0x0800ec82   0x00000062   Code   RO         2636    i.Address_set       st7735s.o
    0x0800ece4   0x0800ece4   0x0000002c   Code   RO         3913    i.AllLedPowerOff    ledpower.o
    0x0800ed10   0x0800ed10   0x00000012   Code   RO         3914    i.AllLedPowerOut    ledpower.o
    0x0800ed22   0x0800ed22   0x00000002   PAD
    0x0800ed24   0x0800ed24   0x000000f4   Code   RO         3333    i.AutoDetectINInit  menutask.o
    0x0800ee18   0x0800ee18   0x0000002c   Code   RO         3674    i.BSP_Delay         usb_bsp.o
    0x0800ee44   0x0800ee44   0x0000006e   Code   RO         3675    i.BSP_SetTime       usb_bsp.o
    0x0800eeb2   0x0800eeb2   0x00000002   PAD
    0x0800eeb4   0x0800eeb4   0x000000dc   Code   RO         3055    i.Bin_Browser       usbh_usr.o
    0x0800ef90   0x0800ef90   0x00000004   Code   RO          323    i.BusFault_Handler  stm32f10x_it.o
    0x0800ef94   0x0800ef94   0x00000224   Code   RO         3334    i.CCTDisplay        menutask.o
    0x0800f1b8   0x0800f1b8   0x00000050   Code   RO         3335    i.CCTInitTask       menutask.o
    0x0800f208   0x0800f208   0x00000224   Code   RO         3336    i.CCTTask           menutask.o
    0x0800f42c   0x0800f42c   0x000001ac   Code   RO         3210    i.CCTToCoordinate   color_light.o
    0x0800f5d8   0x0800f5d8   0x00000108   Code   RO         2967    i.CCT_HSI_OUT_16BIT  dmxprotocol.o
    0x0800f6e0   0x0800f6e0   0x00000108   Code   RO         2968    i.CCT_HSI_OUT_8BIT  dmxprotocol.o
    0x0800f7e8   0x0800f7e8   0x00000054   Code   RO         2969    i.CCT_OUT_16BIT     dmxprotocol.o
    0x0800f83c   0x0800f83c   0x00000054   Code   RO         2970    i.CCT_OUT_8BIT      dmxprotocol.o
    0x0800f890   0x0800f890   0x00000150   Code   RO         2971    i.CCT_RGBWWCW_OUT_16BIT  dmxprotocol.o
    0x0800f9e0   0x0800f9e0   0x00000150   Code   RO         2972    i.CCT_RGBWWCW_OUT_8BIT  dmxprotocol.o
    0x0800fb30   0x0800fb30   0x000001e8   Code   RO         3915    i.ChanleDataChange  ledpower.o
    0x0800fd18   0x0800fd18   0x0000000c   Code   RO         3337    i.ChineseTask       menutask.o
    0x0800fd24   0x0800fd24   0x00000014   Code   RO         3338    i.ChineseTaskInit   menutask.o
    0x0800fd38   0x0800fd38   0x00000014   Code   RO         3339    i.ClearMenu         menutask.o
    0x0800fd4c   0x0800fd4c   0x00000114   Code   RO         3211    i.ColorLightHSIOut  color_light.o
    0x0800fe60   0x0800fe60   0x00000038   Code   RO         3213    i.CoordinateOut     color_light.o
    0x0800fe98   0x0800fe98   0x000000ac   Code   RO         2446    i.CreateMenu        menu.o
    0x0800ff44   0x0800ff44   0x000000b4   Code   RO         3748    i.DMA1_Channel1_IRQHandler  adc.o
    0x0800fff8   0x0800fff8   0x0000002c   Code   RO         4109    i.DMA2_Channel2_IRQHandler  spi.o
    0x08010024   0x08010024   0x000000e4   Code   RO         4260    i.DMX1_Send         uart3.o
    0x08010108   0x08010108   0x00000344   Code   RO         2973    i.DMX512_handle     dmxprotocol.o
    0x0801044c   0x0801044c   0x000000b4   Code   RO         3340    i.DMXINTaskInit     menutask.o
    0x08010500   0x08010500   0x0000008c   Code   RO         2974    i.DMXTask           dmxprotocol.o
    0x0801058c   0x0801058c   0x00000188   Code   RO         3343    i.DMX_AdressDisplay  menutask.o
    0x08010714   0x08010714   0x000000f0   Code   RO         3344    i.DMX_AdressTask    menutask.o
    0x08010804   0x08010804   0x0000005c   Code   RO         3345    i.DMX_AdressTaskInit  menutask.o
    0x08010860   0x08010860   0x00000144   Code   RO         3346    i.DMX_ModeDisplay   menutask.o
    0x080109a4   0x080109a4   0x0000031c   Code   RO         3347    i.DMX_ModeTask      menutask.o
    0x08010cc0   0x08010cc0   0x00000044   Code   RO         3348    i.DMX_ModeTaskInit  menutask.o
    0x08010d04   0x08010d04   0x00000002   Code   RO          324    i.DebugMon_Handler  stm32f10x_it.o
    0x08010d06   0x08010d06   0x00000002   Code   RO           24    i.Debug_printf      main.o
    0x08010d08   0x08010d08   0x00000048   Code   RO         2574    i.Duty_10ms         scheduler.o
    0x08010d50   0x08010d50   0x00000054   Code   RO         2575    i.Duty_1ms          scheduler.o
    0x08010da4   0x08010da4   0x00000064   Code   RO         2576    i.Duty_20ms         scheduler.o
    0x08010e08   0x08010e08   0x0000004c   Code   RO         2577    i.Duty_2ms          scheduler.o
    0x08010e54   0x08010e54   0x00000074   Code   RO         2578    i.Duty_50ms         scheduler.o
    0x08010ec8   0x08010ec8   0x00000044   Code   RO         2579    i.Duty_5ms          scheduler.o
    0x08010f0c   0x08010f0c   0x00000080   Code   RO         2580    i.Duty_Loop         scheduler.o
    0x08010f8c   0x08010f8c   0x000000a4   Code   RO         3846    i.EXTI15_10_IRQHandler  ec11.o
    0x08011030   0x08011030   0x000000a0   Code   RO         3847    i.EXTI1_IRQHandler  ec11.o
    0x080110d0   0x080110d0   0x000000a0   Code   RO         3848    i.EXTI4_IRQHandler  ec11.o
    0x08011170   0x08011170   0x000000c0   Code   RO         3780    i.EXTI9_5_IRQHandler  dmx512.o
    0x08011230   0x08011230   0x00000094   Code   RO          588    i.EXTI_Init         stm32f10x_exti.o
    0x080112c4   0x080112c4   0x00000014   Code   RO         3349    i.EnglishTaskInit   menutask.o
    0x080112d8   0x080112d8   0x000000b8   Code   RO         3350    i.FAN_AUTO_TaskInit  menutask.o
    0x08011390   0x08011390   0x000000bc   Code   RO         3351    i.FAN_DMX_TaskInit  menutask.o
    0x0801144c   0x0801144c   0x0000009c   Code   RO         3352    i.FAN_OFF_TaskInit  menutask.o
    0x080114e8   0x080114e8   0x00000084   Code   RO         2447    i.FindChild         menu.o
    0x0801156c   0x0801156c   0x000000bc   Code   RO         2448    i.FindLeft          menu.o
    0x08011628   0x08011628   0x00000068   Code   RO         2449    i.FindParent        menu.o
    0x08011690   0x08011690   0x000000b0   Code   RO         2450    i.FindRight         menu.o
    0x08011740   0x08011740   0x00000014   Code   RO         3353    i.FreshMenu         menutask.o
    0x08011754   0x08011754   0x00000040   Code   RO          813    i.GPIO_EXTILineConfig  stm32f10x_gpio.o
    0x08011794   0x08011794   0x00000116   Code   RO          816    i.GPIO_Init         stm32f10x_gpio.o
    0x080118aa   0x080118aa   0x00000002   PAD
    0x080118ac   0x080118ac   0x00000090   Code   RO          818    i.GPIO_PinRemapConfig  stm32f10x_gpio.o
    0x0801193c   0x0801193c   0x00000004   Code   RO          823    i.GPIO_ResetBits    stm32f10x_gpio.o
    0x08011940   0x08011940   0x00000004   Code   RO          824    i.GPIO_SetBits      stm32f10x_gpio.o
    0x08011944   0x08011944   0x00000164   Code   RO           26    i.GPIO_init         main.o
    0x08011aa8   0x08011aa8   0x00000078   Code   RO         3642    i.GUI_DisplayInit   gui.o
    0x08011b20   0x08011b20   0x00000058   Code   RO         3643    i.GUI_DisplayTask   gui.o
    0x08011b78   0x08011b78   0x00000034   Code   RO         4211    i.GetSysTime_us     delay.o
    0x08011bac   0x08011bac   0x0000008c   Code   RO         3749    i.Get_Temp          adc.o
    0x08011c38   0x08011c38   0x0000000a   Code   RO         5260    i.HCD_GetCurrentFrame  usb_hcd_1.o
    0x08011c42   0x08011c42   0x00000014   Code   RO         5261    i.HCD_GetCurrentSpeed  usb_hcd_1.o
    0x08011c56   0x08011c56   0x0000000a   Code   RO         5263    i.HCD_GetURB_State  usb_hcd_1.o
    0x08011c60   0x08011c60   0x0000000c   Code   RO         5264    i.HCD_GetXferCnt    usb_hcd_1.o
    0x08011c6c   0x08011c6c   0x00000060   Code   RO         5266    i.HCD_Init          usb_hcd_1.o
    0x08011ccc   0x08011ccc   0x00000008   Code   RO         5267    i.HCD_IsDeviceConnected  usb_hcd_1.o
    0x08011cd4   0x08011cd4   0x0000000e   Code   RO         5268    i.HCD_ResetPort     usb_hcd_1.o
    0x08011ce2   0x08011ce2   0x00000020   Code   RO         5269    i.HCD_SubmitRequest  usb_hcd_1.o
    0x08011d02   0x08011d02   0x00000002   PAD
    0x08011d04   0x08011d04   0x000001f4   Code   RO         3354    i.HSIDisplay        menutask.o
    0x08011ef8   0x08011ef8   0x00000058   Code   RO         3355    i.HSIInitTask       menutask.o
    0x08011f50   0x08011f50   0x000002cc   Code   RO         3356    i.HSITask           menutask.o
    0x0801221c   0x0801221c   0x00000104   Code   RO         3214    i.HSIToCoordinate   color_light.o
    0x08012320   0x08012320   0x00000074   Code   RO         2975    i.HSI_OUT           dmxprotocol.o
    0x08012394   0x08012394   0x0000015c   Code   RO         3216    i.HSI_to_RGB        color_light.o
    0x080124f0   0x080124f0   0x00000004   Code   RO          325    i.HardFault_Handler  stm32f10x_it.o
    0x080124f4   0x080124f4   0x000000ac   Code   RO         2503    i.HeadDisplay       menu_handle.o
    0x080125a0   0x080125a0   0x000000c8   Code   RO         3358    i.ImportSceneTaskInit  menutask.o
    0x08012668   0x08012668   0x0000007c   Code   RO         3359    i.InfoTask          menutask.o
    0x080126e4   0x080126e4   0x00000084   Code   RO         3360    i.InfoTaskInit      menutask.o
    0x08012768   0x08012768   0x00000204   Code   RO         3644    i.InputTask         gui.o
    0x0801296c   0x0801296c   0x00000034   Code   RO         2637    i.LCD_Clear         st7735s.o
    0x080129a0   0x080129a0   0x000000cc   Code   RO         3361    i.LCD_DIM_Task      menutask.o
    0x08012a6c   0x08012a6c   0x0000003c   Code   RO         3362    i.LCD_DIM_TaskInit  menutask.o
    0x08012aa8   0x08012aa8   0x000000bc   Code   RO         3363    i.LCD_DIM_display   menutask.o
    0x08012b64   0x08012b64   0x000000aa   Code   RO         2640    i.LCD_Draw_Circle   st7735s.o
    0x08012c0e   0x08012c0e   0x0000001c   Code   RO         2641    i.LCD_Fast_DrawPoint  st7735s.o
    0x08012c2a   0x08012c2a   0x00000002   PAD
    0x08012c2c   0x08012c2c   0x00000054   Code   RO         2763    i.LCD_Fill_Picture  graphical.o
    0x08012c80   0x08012c80   0x00000014   Code   RO         3364    i.LCD_RotateTask    menutask.o
    0x08012c94   0x08012c94   0x00000060   Code   RO         3365    i.LCD_RotateTaskInit  menutask.o
    0x08012cf4   0x08012cf4   0x00000022   Code   RO         2644    i.LCD_Set_Display_Mode  st7735s.o
    0x08012d16   0x08012d16   0x00000002   PAD
    0x08012d18   0x08012d18   0x00000054   Code   RO         3366    i.LCD_TIM_Task      menutask.o
    0x08012d6c   0x08012d6c   0x00000040   Code   RO         3367    i.LCD_TIM_TaskInit  menutask.o
    0x08012dac   0x08012dac   0x00000230   Code   RO         3368    i.LCD_TIM_display   menutask.o
    0x08012fdc   0x08012fdc   0x00000014   Code   RO         2648    i.LCD_WR_DATA       st7735s.o
    0x08012ff0   0x08012ff0   0x00000030   Code   RO         2649    i.LCD_WR_DATA8      st7735s.o
    0x08013020   0x08013020   0x0000002c   Code   RO         2650    i.LCD_WR_REG        st7735s.o
    0x0801304c   0x0801304c   0x00000030   Code   RO         3645    i.LcdBackTask       gui.o
    0x0801307c   0x0801307c   0x000001f4   Code   RO         2652    i.Lcd_Init          st7735s.o
    0x08013270   0x08013270   0x00000014   Code   RO         3917    i.LedPowerOut       ledpower.o
    0x08013284   0x08013284   0x000000b8   Code   RO         3217    i.LightCCTOut       color_light.o
    0x0801333c   0x0801333c   0x000000bc   Code   RO         3218    i.LightRGBOut       color_light.o
    0x080133f8   0x080133f8   0x0000003c   Code   RO         4022    i.LoadConfig        stmflash.o
    0x08013434   0x08013434   0x0000005c   Code   RO         2581    i.Loop_check        scheduler.o
    0x08013490   0x08013490   0x00000004   Code   RO          326    i.MemManage_Handler  stm32f10x_it.o
    0x08013494   0x08013494   0x00000002   Code   RO         2504    i.MenuBuf_free      menu_handle.o
    0x08013496   0x08013496   0x00000002   Code   RO         2505    i.MenuBuf_malloc    menu_handle.o
    0x08013498   0x08013498   0x00000158   Code   RO         2506    i.MenuKeyTask       menu_handle.o
    0x080135f0   0x080135f0   0x0000032c   Code   RO         2507    i.MenuSelectDisplay  menu_handle.o
    0x0801391c   0x0801391c   0x00000012   Code   RO         2451    i.Menu_GetoptionNum  menu.o
    0x0801392e   0x0801392e   0x00000002   PAD
    0x08013930   0x08013930   0x00000064   Code   RO         2509    i.Menu_init         menu_handle.o
    0x08013994   0x08013994   0x00000064   Code   RO         3849    i.MinToMaxSort      ec11.o
    0x080139f8   0x080139f8   0x00000002   Code   RO          327    i.NMI_Handler       stm32f10x_it.o
    0x080139fa   0x080139fa   0x00000002   PAD
    0x080139fc   0x080139fc   0x00000070   Code   RO          414    i.NVIC_Init         misc.o
    0x08013a6c   0x08013a6c   0x00000014   Code   RO          415    i.NVIC_PriorityGroupConfig  misc.o
    0x08013a80   0x08013a80   0x00000010   Code   RO         3676    i.OTG_FS_IRQHandler  usb_bsp.o
    0x08013a90   0x08013a90   0x00000002   Code   RO          328    i.PendSV_Handler    stm32f10x_it.o
    0x08013a92   0x08013a92   0x00000066   Code   RO         2764    i.Pictrue_printf    graphical.o
    0x08013af8   0x08013af8   0x000000b0   Code   RO         2765    i.Picture_DrawBMP   graphical.o
    0x08013ba8   0x08013ba8   0x00000030   Code   RO         2768    i.Picture_DrawPoint  graphical.o
    0x08013bd8   0x08013bd8   0x00000022   Code   RO         2770    i.Picture_Fill      graphical.o
    0x08013bfa   0x08013bfa   0x00000048   Code   RO         2772    i.Picture_FillRect  graphical.o
    0x08013c42   0x08013c42   0x00000002   PAD
    0x08013c44   0x08013c44   0x00000134   Code   RO         2774    i.Picture_ShowChar  graphical.o
    0x08013d78   0x08013d78   0x00000134   Code   RO         2775    i.Picture_ShowChinese  graphical.o
    0x08013eac   0x08013eac   0x00000100   Code   RO         2777    i.Picture_ShowString  graphical.o
    0x08013fac   0x08013fac   0x0000008a   Code   RO         2778    i.Picture_ShowStringInRectCenter  graphical.o
    0x08014036   0x08014036   0x000000bc   Code   RO         2779    i.Picture_TranDispalyOnline  graphical.o
    0x080140f2   0x080140f2   0x00000002   PAD
    0x080140f4   0x080140f4   0x00000018   Code   RO         1026    i.RCC_ADCCLKConfig  stm32f10x_rcc.o
    0x0801410c   0x0801410c   0x00000020   Code   RO         1027    i.RCC_AHBPeriphClockCmd  stm32f10x_rcc.o
    0x0801412c   0x0801412c   0x00000020   Code   RO         1029    i.RCC_APB1PeriphClockCmd  stm32f10x_rcc.o
    0x0801414c   0x0801414c   0x00000020   Code   RO         1030    i.RCC_APB1PeriphResetCmd  stm32f10x_rcc.o
    0x0801416c   0x0801416c   0x00000020   Code   RO         1031    i.RCC_APB2PeriphClockCmd  stm32f10x_rcc.o
    0x0801418c   0x0801418c   0x00000020   Code   RO         1032    i.RCC_APB2PeriphResetCmd  stm32f10x_rcc.o
    0x080141ac   0x080141ac   0x00000190   Code   RO         1039    i.RCC_GetClocksFreq  stm32f10x_rcc.o
    0x0801433c   0x0801433c   0x0000000c   Code   RO         1052    i.RCC_OTGFSCLKConfig  stm32f10x_rcc.o
    0x08014348   0x08014348   0x00000194   Code   RO         3369    i.RGBDisplay        menutask.o
    0x080144dc   0x080144dc   0x0000005c   Code   RO         3370    i.RGBInitTask       menutask.o
    0x08014538   0x08014538   0x000001e4   Code   RO         3371    i.RGBTask           menutask.o
    0x0801471c   0x0801471c   0x000000b8   Code   RO         2976    i.RGBWWCW_OUT       dmxprotocol.o
    0x080147d4   0x080147d4   0x0000045c   Code   RO         3219    i.RGBWWCW_to_coordinate  color_light.o
    0x08014c30   0x08014c30   0x00000294   Code   RO         3220    i.RGB_to_coordinate  color_light.o
    0x08014ec4   0x08014ec4   0x00000074   Code   RO         4110    i.SPI3_ReadWriteByte  spi.o
    0x08014f38   0x08014f38   0x000000a8   Code   RO         4112    i.SPI3_init         spi.o
    0x08014fe0   0x08014fe0   0x00000088   Code   RO         4113    i.SPI3_send_same_half_word  spi.o
    0x08015068   0x08015068   0x00000088   Code   RO         4115    i.SPI3_write_half_words  spi.o
    0x080150f0   0x080150f0   0x00000018   Code   RO         1285    i.SPI_Cmd           stm32f10x_spi.o
    0x08015108   0x08015108   0x00000012   Code   RO         1293    i.SPI_I2S_GetFlagStatus  stm32f10x_spi.o
    0x0801511a   0x0801511a   0x00000004   Code   RO         1297    i.SPI_I2S_SendData  stm32f10x_spi.o
    0x0801511e   0x0801511e   0x0000003c   Code   RO         1298    i.SPI_Init          stm32f10x_spi.o
    0x0801515a   0x0801515a   0x00000002   PAD
    0x0801515c   0x0801515c   0x00000028   Code   RO         4116    i.SPI_SET_16        spi.o
    0x08015184   0x08015184   0x00000028   Code   RO         4117    i.SPI_SET_8         spi.o
    0x080151ac   0x080151ac   0x0000004c   Code   RO         4023    i.STMFLASH_ErasePage  stmflash.o
    0x080151f8   0x080151f8   0x0000002c   Code   RO         4024    i.STMFLASH_GetStatus  stmflash.o
    0x08015224   0x08015224   0x00000014   Code   RO         4025    i.STMFLASH_Lock     stmflash.o
    0x08015238   0x08015238   0x00000022   Code   RO         4026    i.STMFLASH_Read     stmflash.o
    0x0801525a   0x0801525a   0x00000006   Code   RO         4027    i.STMFLASH_ReadHalfWord  stmflash.o
    0x08015260   0x08015260   0x00000018   Code   RO         4028    i.STMFLASH_Unlock   stmflash.o
    0x08015278   0x08015278   0x0000002a   Code   RO         4029    i.STMFLASH_WaitDone  stmflash.o
    0x080152a2   0x080152a2   0x00000002   PAD
    0x080152a4   0x080152a4   0x000000e8   Code   RO         4030    i.STMFLASH_Write    stmflash.o
    0x0801538c   0x0801538c   0x00000040   Code   RO         4031    i.STMFLASH_WriteHalfWord  stmflash.o
    0x080153cc   0x080153cc   0x00000026   Code   RO         4032    i.STMFLASH_Write_NoCheck  stmflash.o
    0x080153f2   0x080153f2   0x00000002   Code   RO          329    i.SVC_Handler       stm32f10x_it.o
    0x080153f4   0x080153f4   0x00000024   Code   RO         4033    i.SaveConfig        stmflash.o
    0x08015418   0x08015418   0x0000001c   Code   RO         3372    i.SaveFanConfig     menutask.o
    0x08015434   0x08015434   0x0000001c   Code   RO         3373    i.Save_Interface    menutask.o
    0x08015450   0x08015450   0x00000054   Code   RO         3374    i.Scene1Task        menutask.o
    0x080154a4   0x080154a4   0x00000084   Code   RO         3375    i.Scene1TaskInit    menutask.o
    0x08015528   0x08015528   0x0000007c   Code   RO         3376    i.Scene2TaskInit    menutask.o
    0x080155a4   0x080155a4   0x0000007c   Code   RO         3377    i.Scene3TaskInit    menutask.o
    0x08015620   0x08015620   0x00000008   Code   RO          380    i.SetSysClock       system_stm32f10x.o
    0x08015628   0x08015628   0x00000118   Code   RO          381    i.SetSysClockTo72   system_stm32f10x.o
    0x08015740   0x08015740   0x0000001c   Code   RO         3850    i.SlideFilter       ec11.o
    0x0801575c   0x0801575c   0x00000028   Code   RO          418    i.SysTick_CLKSourceConfig  misc.o
    0x08015784   0x08015784   0x00000070   Code   RO         4212    i.SysTick_Configuration  delay.o
    0x080157f4   0x080157f4   0x00000018   Code   RO         4213    i.SysTick_Handler   delay.o
    0x0801580c   0x0801580c   0x00000010   Code   RO         4180    i.Sys_Soft_Reset    sys.o
    0x0801581c   0x0801581c   0x0000006c   Code   RO          383    i.SystemInit        system_stm32f10x.o
    0x08015888   0x08015888   0x00000038   Code   RO         3677    i.TIM2_IRQHandler   usb_bsp.o
    0x080158c0   0x080158c0   0x00000028   Code   RO         3851    i.TIM5_IRQHandler   ec11.o
    0x080158e8   0x080158e8   0x00000028   Code   RO         3781    i.TIM6_IRQHandler   dmx512.o
    0x08015910   0x08015910   0x00000020   Code   RO         4293    i.TIM7_IRQHandler   timer.o
    0x08015930   0x08015930   0x00000018   Code   RO         1428    i.TIM_ARRPreloadConfig  stm32f10x_tim.o
    0x08015948   0x08015948   0x00000006   Code   RO         1435    i.TIM_ClearITPendingBit  stm32f10x_tim.o
    0x0801594e   0x0801594e   0x00000018   Code   RO         1440    i.TIM_Cmd           stm32f10x_tim.o
    0x08015966   0x08015966   0x00000022   Code   RO         1461    i.TIM_GetITStatus   stm32f10x_tim.o
    0x08015988   0x08015988   0x00000012   Code   RO         1465    i.TIM_ITConfig      stm32f10x_tim.o
    0x0801599a   0x0801599a   0x00000002   PAD
    0x0801599c   0x0801599c   0x000000a4   Code   RO         1511    i.TIM_TimeBaseInit  stm32f10x_tim.o
    0x08015a40   0x08015a40   0x0000007c   Code   RO         3782    i.USART2_IRQHandler  dmx512.o
    0x08015abc   0x08015abc   0x0000001c   Code   RO         4261    i.USART3_IRQHandler  uart3.o
    0x08015ad8   0x08015ad8   0x00000012   Code   RO         1972    i.USART_ClearFlag   stm32f10x_usart.o
    0x08015aea   0x08015aea   0x00000018   Code   RO         1976    i.USART_Cmd         stm32f10x_usart.o
    0x08015b02   0x08015b02   0x0000001a   Code   RO         1979    i.USART_GetFlagStatus  stm32f10x_usart.o
    0x08015b1c   0x08015b1c   0x00000054   Code   RO         1980    i.USART_GetITStatus  stm32f10x_usart.o
    0x08015b70   0x08015b70   0x0000004a   Code   RO         1982    i.USART_ITConfig    stm32f10x_usart.o
    0x08015bba   0x08015bba   0x00000002   PAD
    0x08015bbc   0x08015bbc   0x000000d8   Code   RO         1983    i.USART_Init        stm32f10x_usart.o
    0x08015c94   0x08015c94   0x0000000a   Code   RO         1990    i.USART_ReceiveData  stm32f10x_usart.o
    0x08015c9e   0x08015c9e   0x00000026   Code   RO         4700    i.USBH_Alloc_Channel  usbh_hcs_1.o
    0x08015cc4   0x08015cc4   0x00000060   Code   RO         4741    i.USBH_BulkReceiveData  usbh_ioreq_1.o
    0x08015d24   0x08015d24   0x0000005e   Code   RO         4742    i.USBH_BulkSendData  usbh_ioreq_1.o
    0x08015d82   0x08015d82   0x0000004c   Code   RO         4812    i.USBH_ClrFeature   usbh_stdreq_1.o
    0x08015dce   0x08015dce   0x0000000c   Code   RO         4635    i.USBH_Connected    usbh_core_1.o
    0x08015dda   0x08015dda   0x00000046   Code   RO         4743    i.USBH_CtlReceiveData  usbh_ioreq_1.o
    0x08015e20   0x08015e20   0x00000064   Code   RO         4744    i.USBH_CtlReq       usbh_ioreq_1.o
    0x08015e84   0x08015e84   0x0000006e   Code   RO         4745    i.USBH_CtlSendData  usbh_ioreq_1.o
    0x08015ef2   0x08015ef2   0x00000042   Code   RO         4746    i.USBH_CtlSendSetup  usbh_ioreq_1.o
    0x08015f34   0x08015f34   0x0000001c   Code   RO         4701    i.USBH_DeAllocate_AllChannel  usbh_hcs_1.o
    0x08015f50   0x08015f50   0x0000003a   Code   RO         4636    i.USBH_DeInit       usbh_core_1.o
    0x08015f8a   0x08015f8a   0x0000000c   Code   RO         4637    i.USBH_Disconnected  usbh_core_1.o
    0x08015f96   0x08015f96   0x0000002e   Code   RO         4638    i.USBH_ErrorHandle  usbh_core_1.o
    0x08015fc4   0x08015fc4   0x0000001e   Code   RO         4702    i.USBH_Free_Channel  usbh_hcs_1.o
    0x08015fe2   0x08015fe2   0x00000044   Code   RO         4813    i.USBH_GetDescriptor  usbh_stdreq_1.o
    0x08016026   0x08016026   0x00000028   Code   RO         4703    i.USBH_GetFreeChannel  usbh_hcs_1.o
    0x0801604e   0x0801604e   0x00000012   Code   RO         4814    i.USBH_GetNextDesc  usbh_stdreq_1.o
    0x08016060   0x08016060   0x0000005c   Code   RO         4815    i.USBH_Get_CfgDesc  usbh_stdreq_1.o
    0x080160bc   0x080160bc   0x00000038   Code   RO         4816    i.USBH_Get_DevDesc  usbh_stdreq_1.o
    0x080160f4   0x080160f4   0x0000003c   Code   RO         4817    i.USBH_Get_StringDesc  usbh_stdreq_1.o
    0x08016130   0x08016130   0x00000224   Code   RO         4639    i.USBH_HandleControl  usbh_core_1.o
    0x08016354   0x08016354   0x000001dc   Code   RO         4640    i.USBH_HandleEnum   usbh_core_1.o
    0x08016530   0x08016530   0x00000044   Code   RO         4641    i.USBH_Init         usbh_core_1.o
    0x08016574   0x08016574   0x00000024   Code   RO         4945    i.USBH_MSC_BOTReset  usbh_msc_core_1.o
    0x08016598   0x08016598   0x00000060   Code   RO         4904    i.USBH_MSC_BOT_Abort  usbh_msc_bot_1.o
    0x080165f8   0x080165f8   0x00000014   Code   RO         4946    i.USBH_MSC_ClassRequest  usbh_msc_core_1.o
    0x0801660c   0x0801660c   0x00000080   Code   RO         4905    i.USBH_MSC_DecodeCSW  usbh_msc_bot_1.o
    0x0801668c   0x0801668c   0x00000044   Code   RO         4947    i.USBH_MSC_ErrorHandle  usbh_msc_core_1.o
    0x080166d0   0x080166d0   0x0000002c   Code   RO         4948    i.USBH_MSC_GETMaxLUN  usbh_msc_core_1.o
    0x080166fc   0x080166fc   0x000001a8   Code   RO         4949    i.USBH_MSC_Handle   usbh_msc_core_1.o
    0x080168a4   0x080168a4   0x00000350   Code   RO         4906    i.USBH_MSC_HandleBOTXfer  usbh_msc_bot_1.o
    0x08016bf4   0x08016bf4   0x00000044   Code   RO         4907    i.USBH_MSC_Init     usbh_msc_bot_1.o
    0x08016c38   0x08016c38   0x0000004c   Code   RO         4950    i.USBH_MSC_InterfaceDeInit  usbh_msc_core_1.o
    0x08016c84   0x08016c84   0x000000d0   Code   RO         4951    i.USBH_MSC_InterfaceInit  usbh_msc_core_1.o
    0x08016d54   0x08016d54   0x000000d0   Code   RO         5033    i.USBH_MSC_ModeSense6  usbh_msc_scsi_1.o
    0x08016e24   0x08016e24   0x00000100   Code   RO         5034    i.USBH_MSC_Read10   usbh_msc_scsi_1.o
    0x08016f24   0x08016f24   0x000000dc   Code   RO         5035    i.USBH_MSC_ReadCapacity10  usbh_msc_scsi_1.o
    0x08017000   0x08017000   0x000000e0   Code   RO         5036    i.USBH_MSC_RequestSense  usbh_msc_scsi_1.o
    0x080170e0   0x080170e0   0x000000b0   Code   RO         5037    i.USBH_MSC_TestUnitReady  usbh_msc_scsi_1.o
    0x08017190   0x08017190   0x000000e4   Code   RO         5038    i.USBH_MSC_Write10  usbh_msc_scsi_1.o
    0x08017274   0x08017274   0x00000064   Code   RO         4704    i.USBH_Modify_Channel  usbh_hcs_1.o
    0x080172d8   0x080172d8   0x000000a8   Code   RO         5326    i.USBH_OTG_ISR_Handler  usb_hcd_int_1.o
    0x08017380   0x08017380   0x0000009a   Code   RO         4705    i.USBH_Open_Channel  usbh_hcs_1.o
    0x0801741a   0x0801741a   0x00000002   PAD
    0x0801741c   0x0801741c   0x0000011c   Code   RO         4818    i.USBH_ParseCfgDesc  usbh_stdreq_1.o
    0x08017538   0x08017538   0x00000058   Code   RO         4819    i.USBH_ParseDevDesc  usbh_stdreq_1.o
    0x08017590   0x08017590   0x00000020   Code   RO         4820    i.USBH_ParseEPDesc  usbh_stdreq_1.o
    0x080175b0   0x080175b0   0x00000026   Code   RO         4821    i.USBH_ParseInterfaceDesc  usbh_stdreq_1.o
    0x080175d6   0x080175d6   0x00000036   Code   RO         4822    i.USBH_ParseStringDesc  usbh_stdreq_1.o
    0x0801760c   0x0801760c   0x00000198   Code   RO         4642    i.USBH_Process      usbh_core_1.o
    0x080177a4   0x080177a4   0x00000006   Code   RO         4643    i.USBH_SOF          usbh_core_1.o
    0x080177aa   0x080177aa   0x00000026   Code   RO         4823    i.USBH_SetAddress   usbh_stdreq_1.o
    0x080177d0   0x080177d0   0x00000026   Code   RO         4824    i.USBH_SetCfg       usbh_stdreq_1.o
    0x080177f6   0x080177f6   0x00000018   Code   RO         4751    i.USBH_SubmitSetupRequest  usbh_ioreq_1.o
    0x0801780e   0x0801780e   0x00000002   PAD
    0x08017810   0x08017810   0x00000038   Code   RO         3056    i.USBH_USR_Configuration_DescAvailable  usbh_usr.o
    0x08017848   0x08017848   0x00000002   Code   RO         3057    i.USBH_USR_DeInit   usbh_usr.o
    0x0801784a   0x0801784a   0x00000002   Code   RO         3058    i.USBH_USR_DeviceAddressAssigned  usbh_usr.o
    0x0801784c   0x0801784c   0x00000010   Code   RO         3059    i.USBH_USR_DeviceAttached  usbh_usr.o
    0x0801785c   0x0801785c   0x0000001c   Code   RO         3060    i.USBH_USR_DeviceDisconnected  usbh_usr.o
    0x08017878   0x08017878   0x00000028   Code   RO         3061    i.USBH_USR_DeviceNotSupported  usbh_usr.o
    0x080178a0   0x080178a0   0x00000040   Code   RO         3062    i.USBH_USR_DeviceSpeedDetected  usbh_usr.o
    0x080178e0   0x080178e0   0x00000038   Code   RO         3063    i.USBH_USR_Device_DescAvailable  usbh_usr.o
    0x08017918   0x08017918   0x0000004c   Code   RO         3064    i.USBH_USR_EnumerationDone  usbh_usr.o
    0x08017964   0x08017964   0x00000044   Code   RO         3065    i.USBH_USR_Init     usbh_usr.o
    0x080179a8   0x080179a8   0x00000160   Code   RO         3066    i.USBH_USR_MSC_Application  usbh_usr.o
    0x08017b08   0x08017b08   0x00000024   Code   RO         3067    i.USBH_USR_Manufacturer_String  usbh_usr.o
    0x08017b2c   0x08017b2c   0x00000024   Code   RO         3068    i.USBH_USR_OverCurrentDetected  usbh_usr.o
    0x08017b50   0x08017b50   0x00000020   Code   RO         3069    i.USBH_USR_Product_String  usbh_usr.o
    0x08017b70   0x08017b70   0x00000002   Code   RO         3070    i.USBH_USR_ResetDevice  usbh_usr.o
    0x08017b72   0x08017b72   0x00000002   PAD
    0x08017b74   0x08017b74   0x00000028   Code   RO         3071    i.USBH_USR_SerialNum_String  usbh_usr.o
    0x08017b9c   0x08017b9c   0x00000010   Code   RO         3072    i.USBH_USR_UnrecoveredError  usbh_usr.o
    0x08017bac   0x08017bac   0x00000006   Code   RO         3073    i.USBH_USR_UserInput  usbh_usr.o
    0x08017bb2   0x08017bb2   0x00000002   PAD
    0x08017bb4   0x08017bb4   0x00000040   Code   RO         3678    i.USB_OTG_BSP_ConfigVBUS  usb_bsp.o
    0x08017bf4   0x08017bf4   0x00000024   Code   RO         3679    i.USB_OTG_BSP_DriveVBUS  usb_bsp.o
    0x08017c18   0x08017c18   0x0000002c   Code   RO         3680    i.USB_OTG_BSP_EnableInterrupt  usb_bsp.o
    0x08017c44   0x08017c44   0x00000018   Code   RO         3681    i.USB_OTG_BSP_Init  usb_bsp.o
    0x08017c5c   0x08017c5c   0x0000002e   Code   RO         3682    i.USB_OTG_BSP_TimeInit  usb_bsp.o
    0x08017c8a   0x08017c8a   0x0000000e   Code   RO         3683    i.USB_OTG_BSP_mDelay  usb_bsp.o
    0x08017c98   0x08017c98   0x0000000e   Code   RO         3684    i.USB_OTG_BSP_uDelay  usb_bsp.o
    0x08017ca6   0x08017ca6   0x00000126   Code   RO         5082    i.USB_OTG_CoreInit  usb_core_1.o
    0x08017dcc   0x08017dcc   0x000000d6   Code   RO         5083    i.USB_OTG_CoreInitHost  usb_core_1.o
    0x08017ea2   0x08017ea2   0x00000002   PAD
    0x08017ea4   0x08017ea4   0x00000070   Code   RO         5084    i.USB_OTG_CoreReset  usb_core_1.o
    0x08017f14   0x08017f14   0x00000022   Code   RO         5085    i.USB_OTG_DisableGlobalInt  usb_core_1.o
    0x08017f36   0x08017f36   0x0000005c   Code   RO         5086    i.USB_OTG_DriveVbus  usb_core_1.o
    0x08017f92   0x08017f92   0x00000034   Code   RO         5087    i.USB_OTG_EnableCommonInt  usb_core_1.o
    0x08017fc6   0x08017fc6   0x00000022   Code   RO         5088    i.USB_OTG_EnableGlobalInt  usb_core_1.o
    0x08017fe8   0x08017fe8   0x00000074   Code   RO         5089    i.USB_OTG_EnableHostInt  usb_core_1.o
    0x0801805c   0x0801805c   0x0000004c   Code   RO         5090    i.USB_OTG_FlushRxFifo  usb_core_1.o
    0x080180a8   0x080180a8   0x00000054   Code   RO         5091    i.USB_OTG_FlushTxFifo  usb_core_1.o
    0x080180fc   0x080180fc   0x0000000c   Code   RO         5092    i.USB_OTG_GetMode   usb_core_1.o
    0x08018108   0x08018108   0x0000005a   Code   RO         5093    i.USB_OTG_HC_DoPing  usb_core_1.o
    0x08018162   0x08018162   0x00000082   Code   RO         5094    i.USB_OTG_HC_Halt   usb_core_1.o
    0x080181e4   0x080181e4   0x00000238   Code   RO         5095    i.USB_OTG_HC_Init   usb_core_1.o
    0x0801841c   0x0801841c   0x000001f6   Code   RO         5096    i.USB_OTG_HC_StartXfer  usb_core_1.o
    0x08018612   0x08018612   0x00000018   Code   RO         5097    i.USB_OTG_InitFSLSPClkSel  usb_core_1.o
    0x0801862a   0x0801862a   0x00000010   Code   RO         5099    i.USB_OTG_IsEvenFrame  usb_core_1.o
    0x0801863a   0x0801863a   0x00000014   Code   RO         5100    i.USB_OTG_IsHostMode  usb_core_1.o
    0x0801864e   0x0801864e   0x00000010   Code   RO         5101    i.USB_OTG_ReadCoreItr  usb_core_1.o
    0x0801865e   0x0801865e   0x00000030   Code   RO         5102    i.USB_OTG_ReadHPRT0  usb_core_1.o
    0x0801868e   0x0801868e   0x00000008   Code   RO         5103    i.USB_OTG_ReadHostAllChannels_intr  usb_core_1.o
    0x08018696   0x08018696   0x00000028   Code   RO         5105    i.USB_OTG_ReadPacket  usb_core_1.o
    0x080186be   0x080186be   0x00000040   Code   RO         5106    i.USB_OTG_ResetPort  usb_core_1.o
    0x080186fe   0x080186fe   0x00000002   PAD
    0x08018700   0x08018700   0x000000d0   Code   RO         5107    i.USB_OTG_SelectCore  usb_core_1.o
    0x080187d0   0x080187d0   0x0000004e   Code   RO         5108    i.USB_OTG_SetCurrentMode  usb_core_1.o
    0x0801881e   0x0801881e   0x00000002   PAD
    0x08018820   0x08018820   0x0000002c   Code   RO         5327    i.USB_OTG_USBH_handle_Disconnect_ISR  usb_hcd_int_1.o
    0x0801884c   0x0801884c   0x00000046   Code   RO         5328    i.USB_OTG_USBH_handle_IncompletePeriodicXfer_ISR  usb_hcd_int_1.o
    0x08018892   0x08018892   0x00000056   Code   RO         5329    i.USB_OTG_USBH_handle_hc_ISR  usb_hcd_int_1.o
    0x080188e8   0x080188e8   0x0000042a   Code   RO         5330    i.USB_OTG_USBH_handle_hc_n_In_ISR  usb_hcd_int_1.o
    0x08018d12   0x08018d12   0x000003d0   Code   RO         5331    i.USB_OTG_USBH_handle_hc_n_Out_ISR  usb_hcd_int_1.o
    0x080190e2   0x080190e2   0x0000012e   Code   RO         5332    i.USB_OTG_USBH_handle_nptxfempty_ISR  usb_hcd_int_1.o
    0x08019210   0x08019210   0x00000120   Code   RO         5333    i.USB_OTG_USBH_handle_port_ISR  usb_hcd_int_1.o
    0x08019330   0x08019330   0x0000012e   Code   RO         5334    i.USB_OTG_USBH_handle_ptxfempty_ISR  usb_hcd_int_1.o
    0x0801945e   0x0801945e   0x00000164   Code   RO         5335    i.USB_OTG_USBH_handle_rx_qlvl_ISR  usb_hcd_int_1.o
    0x080195c2   0x080195c2   0x00000002   PAD
    0x080195c4   0x080195c4   0x0000002c   Code   RO         5336    i.USB_OTG_USBH_handle_sof_ISR  usb_hcd_int_1.o
    0x080195f0   0x080195f0   0x00000040   Code   RO         5110    i.USB_OTG_WritePacket  usb_core_1.o
    0x08019630   0x08019630   0x00000004   Code   RO          330    i.UsageFault_Handler  stm32f10x_it.o
    0x08019634   0x08019634   0x00000028   Code   RO         5798    i.__ARM_fpclassify  m_ws.l(fpclassify.o)
    0x0801965c   0x0801965c   0x00000388   Code   RO         5803    i.__ieee754_rem_pio2  m_ws.l(rred.o)
    0x080199e4   0x080199e4   0x000000fc   Code   RO         5781    i.__kernel_cos      m_ws.l(cos_i.o)
    0x08019ae0   0x08019ae0   0x000000aa   Code   RO         5800    i.__kernel_poly     m_ws.l(poly.o)
    0x08019b8a   0x08019b8a   0x00000002   PAD
    0x08019b8c   0x08019b8c   0x000000ec   Code   RO         5808    i.__kernel_sin      m_ws.l(sin_i.o)
    0x08019c78   0x08019c78   0x00000010   Code   RO         5784    i.__mathlib_dbl_divzero  m_ws.l(dunder.o)
    0x08019c88   0x08019c88   0x00000006   Code   RO         5785    i.__mathlib_dbl_infnan  m_ws.l(dunder.o)
    0x08019c8e   0x08019c8e   0x00000004   Code   RO         5786    i.__mathlib_dbl_infnan2  m_ws.l(dunder.o)
    0x08019c92   0x08019c92   0x0000000c   Code   RO         5787    i.__mathlib_dbl_invalid  m_ws.l(dunder.o)
    0x08019c9e   0x08019c9e   0x0000000e   Code   RO         5788    i.__mathlib_dbl_overflow  m_ws.l(dunder.o)
    0x08019cac   0x08019cac   0x00000010   Code   RO         5790    i.__mathlib_dbl_underflow  m_ws.l(dunder.o)
    0x08019cbc   0x08019cbc   0x0000000e   Code   RO         5474    i._is_digit         c_w.l(__printf_wp.o)
    0x08019cca   0x08019cca   0x00000002   PAD
    0x08019ccc   0x08019ccc   0x00000054   Code   RO         3783    i.change_baude      dmx512.o
    0x08019d20   0x08019d20   0x00000090   Code   RO         4311    i.check_fs          ff.o
    0x08019db0   0x08019db0   0x00000014   Code   RO         4312    i.chk_chr           ff.o
    0x08019dc4   0x08019dc4   0x000002e8   Code   RO         4313    i.chk_mounted       ff.o
    0x0801a0ac   0x0801a0ac   0x0000001a   Code   RO         4314    i.clust2sect        ff.o
    0x0801a0c6   0x0801a0c6   0x00000002   PAD
    0x0801a0c8   0x0801a0c8   0x00000090   Code   RO         4315    i.cmp_lfn           ff.o
    0x0801a158   0x0801a158   0x0000000c   Code   RO         3222    i.color_light_init  color_light.o
    0x0801a164   0x0801a164   0x000005d4   Code   RO         3223    i.coordinate_to_RGBWWCW  color_light.o
    0x0801a738   0x0801a738   0x0000009c   Code   RO         5579    i.cos               m_ws.l(cos.o)
    0x0801a7d4   0x0801a7d4   0x000000b6   Code   RO         4316    i.create_chain      ff.o
    0x0801a88a   0x0801a88a   0x00000002   PAD
    0x0801a88c   0x0801a88c   0x00000218   Code   RO         4317    i.create_name       ff.o
    0x0801aaa4   0x0801aaa4   0x00000018   Code   RO         4214    i.delay_ms          delay.o
    0x0801aabc   0x0801aabc   0x00000018   Code   RO         4215    i.delay_us          delay.o
    0x0801aad4   0x0801aad4   0x000000de   Code   RO         4318    i.dir_find          ff.o
    0x0801abb2   0x0801abb2   0x00000116   Code   RO         4319    i.dir_next          ff.o
    0x0801acc8   0x0801acc8   0x000000be   Code   RO         4320    i.dir_read          ff.o
    0x0801ad86   0x0801ad86   0x0000018c   Code   RO         4321    i.dir_register      ff.o
    0x0801af12   0x0801af12   0x0000009c   Code   RO         4323    i.dir_seek          ff.o
    0x0801afae   0x0801afae   0x00000002   PAD
    0x0801afb0   0x0801afb0   0x00000028   Code   RO         4994    i.disk_initialize   usbh_msc_fatfs_1.o
    0x0801afd8   0x0801afd8   0x00000060   Code   RO         4995    i.disk_ioctl        usbh_msc_fatfs_1.o
    0x0801b038   0x0801b038   0x0000006c   Code   RO         4996    i.disk_read         usbh_msc_fatfs_1.o
    0x0801b0a4   0x0801b0a4   0x00000014   Code   RO         4997    i.disk_status       usbh_msc_fatfs_1.o
    0x0801b0b8   0x0801b0b8   0x0000007c   Code   RO         4998    i.disk_write        usbh_msc_fatfs_1.o
    0x0801b134   0x0801b134   0x00000188   Code   RO         3784    i.dmx512_init       dmx512.o
    0x0801b2bc   0x0801b2bc   0x00000128   Code   RO         3852    i.ec11_init         ec11.o
    0x0801b3e4   0x0801b3e4   0x00000016   Code   RO         4325    i.f_close           ff.o
    0x0801b3fa   0x0801b3fa   0x000001c0   Code   RO         4328    i.f_lseek           ff.o
    0x0801b5ba   0x0801b5ba   0x00000002   PAD
    0x0801b5bc   0x0801b5bc   0x0000002c   Code   RO         4331    i.f_mount           ff.o
    0x0801b5e8   0x0801b5e8   0x00000192   Code   RO         4332    i.f_open            ff.o
    0x0801b77a   0x0801b77a   0x0000006c   Code   RO         4333    i.f_opendir         ff.o
    0x0801b7e6   0x0801b7e6   0x000001d2   Code   RO         4337    i.f_read            ff.o
    0x0801b9b8   0x0801b9b8   0x00000060   Code   RO         4338    i.f_readdir         ff.o
    0x0801ba18   0x0801ba18   0x000000b8   Code   RO         4341    i.f_sync            ff.o
    0x0801bad0   0x0801bad0   0x0000004c   Code   RO         4615    i.ff_convert        ccsbcs.o
    0x0801bb1c   0x0801bb1c   0x00000038   Code   RO         4616    i.ff_wtoupper       ccsbcs.o
    0x0801bb54   0x0801bb54   0x00000214   Code   RO         3378    i.firmware_update   menutask.o
    0x0801bd68   0x0801bd68   0x00000020   Code   RO         3379    i.firmware_update_Enter  menutask.o
    0x0801bd88   0x0801bd88   0x00000034   Code   RO         3380    i.firmware_update_init  menutask.o
    0x0801bdbc   0x0801bdbc   0x00000080   Code   RO         4346    i.fit_lfn           ff.o
    0x0801be3c   0x0801be3c   0x0000009a   Code   RO         4347    i.follow_path       ff.o
    0x0801bed6   0x0801bed6   0x00000090   Code   RO         4348    i.gen_numname       ff.o
    0x0801bf66   0x0801bf66   0x00000112   Code   RO         4349    i.get_fat           ff.o
    0x0801c078   0x0801c078   0x00000004   Code   RO         4600    i.get_fattime       fattime.o
    0x0801c07c   0x0801c07c   0x00000124   Code   RO         4350    i.get_fileinfo      ff.o
    0x0801c1a0   0x0801c1a0   0x0000009a   Code   RO         2977    i.get_offset_16bit  dmxprotocol.o
    0x0801c23a   0x0801c23a   0x00000050   Code   RO         2978    i.get_offset_8bit   dmxprotocol.o
    0x0801c28a   0x0801c28a   0x00000002   PAD
    0x0801c28c   0x0801c28c   0x000000d4   Code   RO         2428    i.key_service       key.o
    0x0801c360   0x0801c360   0x0000035c   Code   RO         5587    i.log               m_ws.l(log.o)
    0x0801c6bc   0x0801c6bc   0x000000ec   Code   RO           27    i.main              main.o
    0x0801c7a8   0x0801c7a8   0x00000026   Code   RO         4351    i.mem_cmp           ff.o
    0x0801c7ce   0x0801c7ce   0x0000001a   Code   RO         4352    i.mem_cpy           ff.o
    0x0801c7e8   0x0801c7e8   0x00000014   Code   RO         4353    i.mem_set           ff.o
    0x0801c7fc   0x0801c7fc   0x00000072   Code   RO         4354    i.move_window       ff.o
    0x0801c86e   0x0801c86e   0x00000002   PAD
    0x0801c870   0x0801c870   0x00000044   Code   RO         2898    i.my_mem_init       malloc.o
    0x0801c8b4   0x0801c8b4   0x00000040   Code   RO         2900    i.my_mem_perused    malloc.o
    0x0801c8f4   0x0801c8f4   0x00000014   Code   RO         2904    i.mymemset          malloc.o
    0x0801c908   0x0801c908   0x00000030   Code   RO           28    i.param_init        main.o
    0x0801c938   0x0801c938   0x00000074   Code   RO         4355    i.pick_lfn          ff.o
    0x0801c9ac   0x0801c9ac   0x00000058   Code   RO         3381    i.point_out         menutask.o
    0x0801ca04   0x0801ca04   0x000009d8   Code   RO         5597    i.pow               m_ws.l(pow.o)
    0x0801d3dc   0x0801d3dc   0x00000146   Code   RO         4356    i.put_fat           ff.o
    0x0801d522   0x0801d522   0x00000002   PAD
    0x0801d524   0x0801d524   0x0000002c   Code   RO         2979    i.receiving_dmx_data  dmxprotocol.o
    0x0801d550   0x0801d550   0x00000138   Code   RO         3854    i.refresh_seepd     ec11.o
    0x0801d688   0x0801d688   0x00000068   Code   RO         4357    i.remove_chain      ff.o
    0x0801d6f0   0x0801d6f0   0x0000004c   Code   RO         5815    i.sqrt              m_ws.l(sqrt.o)
    0x0801d73c   0x0801d73c   0x00000020   Code   RO         4358    i.sum_sfn           ff.o
    0x0801d75c   0x0801d75c   0x000000ca   Code   RO         4359    i.sync              ff.o
    0x0801d826   0x0801d826   0x00000002   PAD
    0x0801d828   0x0801d828   0x00000060   Code   RO         4294    i.timer4_init       timer.o
    0x0801d888   0x0801d888   0x00000050   Code   RO         4262    i.uart3_dma_send    uart3.o
    0x0801d8d8   0x0801d8d8   0x00000128   Code   RO         4263    i.uart3_init        uart3.o
    0x0801da00   0x0801da00   0x000001a0   Code   RO         3786    i.uart_duty         dmx512.o
    0x0801dba0   0x0801dba0   0x0000002a   Code   RO         4360    i.validate          ff.o
    0x0801dbca   0x0801dbca   0x00000002   PAD
    0x0801dbcc   0x0801dbcc   0x0000002c   Code   RO         5898    locale$$code        c_w.l(lc_numeric_c.o)
    0x0801dbf8   0x0801dbf8   0x0000002c   Code   RO         5929    locale$$code        c_w.l(lc_ctype_c.o)
    0x0801dc24   0x0801dc24   0x00000062   Code   RO         5510    x$fpl$d2f           fz_ws.l(d2f.o)
    0x0801dc86   0x0801dc86   0x00000002   PAD
    0x0801dc88   0x0801dc88   0x00000150   Code   RO         5512    x$fpl$dadd          fz_ws.l(daddsub_clz.o)
    0x0801ddd8   0x0801ddd8   0x00000010   Code   RO         5909    x$fpl$dcheck1       fz_ws.l(dcheck1.o)
    0x0801dde8   0x0801dde8   0x00000018   Code   RO         5758    x$fpl$dcmpinf       fz_ws.l(dcmpi.o)
    0x0801de00   0x0801de00   0x000002b0   Code   RO         5519    x$fpl$ddiv          fz_ws.l(ddiv.o)
    0x0801e0b0   0x0801e0b0   0x00000078   Code   RO         5760    x$fpl$deqf          fz_ws.l(deqf.o)
    0x0801e128   0x0801e128   0x0000005e   Code   RO         5522    x$fpl$dfix          fz_ws.l(dfix.o)
    0x0801e186   0x0801e186   0x00000002   PAD
    0x0801e188   0x0801e188   0x0000005a   Code   RO         5526    x$fpl$dfixu         fz_ws.l(dfixu.o)
    0x0801e1e2   0x0801e1e2   0x0000002e   Code   RO         5531    x$fpl$dflt          fz_ws.l(dflt_clz.o)
    0x0801e210   0x0801e210   0x00000026   Code   RO         5530    x$fpl$dfltu         fz_ws.l(dflt_clz.o)
    0x0801e236   0x0801e236   0x00000002   PAD
    0x0801e238   0x0801e238   0x00000078   Code   RO         5536    x$fpl$dleqf         fz_ws.l(dleqf.o)
    0x0801e2b0   0x0801e2b0   0x00000154   Code   RO         5538    x$fpl$dmul          fz_ws.l(dmul.o)
    0x0801e404   0x0801e404   0x0000009c   Code   RO         5762    x$fpl$dnaninf       fz_ws.l(dnaninf.o)
    0x0801e4a0   0x0801e4a0   0x0000000c   Code   RO         5764    x$fpl$dretinf       fz_ws.l(dretinf.o)
    0x0801e4ac   0x0801e4ac   0x0000006c   Code   RO         5540    x$fpl$drleqf        fz_ws.l(drleqf.o)
    0x0801e518   0x0801e518   0x00000016   Code   RO         5513    x$fpl$drsb          fz_ws.l(daddsub_clz.o)
    0x0801e52e   0x0801e52e   0x00000002   PAD
    0x0801e530   0x0801e530   0x000001cc   Code   RO         5911    x$fpl$dsqrt         fz_ws.l(dsqrt_noumaal.o)
    0x0801e6fc   0x0801e6fc   0x000001d4   Code   RO         5514    x$fpl$dsub          fz_ws.l(daddsub_clz.o)
    0x0801e8d0   0x0801e8d0   0x00000056   Code   RO         5542    x$fpl$f2d           fz_ws.l(f2d.o)
    0x0801e926   0x0801e926   0x00000002   PAD
    0x0801e928   0x0801e928   0x000000c4   Code   RO         5544    x$fpl$fadd          fz_ws.l(faddsub_clz.o)
    0x0801e9ec   0x0801e9ec   0x00000018   Code   RO         5766    x$fpl$fcmpinf       fz_ws.l(fcmpi.o)
    0x0801ea04   0x0801ea04   0x00000184   Code   RO         5551    x$fpl$fdiv          fz_ws.l(fdiv.o)
    0x0801eb88   0x0801eb88   0x00000068   Code   RO         5554    x$fpl$feqf          fz_ws.l(feqf.o)
    0x0801ebf0   0x0801ebf0   0x00000036   Code   RO         5556    x$fpl$ffix          fz_ws.l(ffix.o)
    0x0801ec26   0x0801ec26   0x00000002   PAD
    0x0801ec28   0x0801ec28   0x0000003e   Code   RO         5560    x$fpl$ffixu         fz_ws.l(ffixu.o)
    0x0801ec66   0x0801ec66   0x00000002   PAD
    0x0801ec68   0x0801ec68   0x00000030   Code   RO         5565    x$fpl$fflt          fz_ws.l(fflt_clz.o)
    0x0801ec98   0x0801ec98   0x00000026   Code   RO         5564    x$fpl$ffltu         fz_ws.l(fflt_clz.o)
    0x0801ecbe   0x0801ecbe   0x00000002   PAD
    0x0801ecc0   0x0801ecc0   0x00000068   Code   RO         5570    x$fpl$fleqf         fz_ws.l(fleqf.o)
    0x0801ed28   0x0801ed28   0x00000102   Code   RO         5572    x$fpl$fmul          fz_ws.l(fmul.o)
    0x0801ee2a   0x0801ee2a   0x0000008c   Code   RO         5768    x$fpl$fnaninf       fz_ws.l(fnaninf.o)
    0x0801eeb6   0x0801eeb6   0x0000000a   Code   RO         5770    x$fpl$fretinf       fz_ws.l(fretinf.o)
    0x0801eec0   0x0801eec0   0x00000062   Code   RO         5574    x$fpl$frleqf        fz_ws.l(frleqf.o)
    0x0801ef22   0x0801ef22   0x00000002   PAD
    0x0801ef24   0x0801ef24   0x000000ea   Code   RO         5546    x$fpl$fsub          fz_ws.l(faddsub_clz.o)
    0x0801f00e   0x0801f00e   0x00000004   Code   RO         5576    x$fpl$printf1       fz_ws.l(printf1.o)
    0x0801f012   0x0801f012   0x00000004   Code   RO         5772    x$fpl$printf2       fz_ws.l(printf2.o)
    0x0801f016   0x0801f016   0x00000064   Code   RO         5947    x$fpl$retnan        fz_ws.l(retnan.o)
    0x0801f07a   0x0801f07a   0x0000005c   Code   RO         5778    x$fpl$scalbn        fz_ws.l(scalbn.o)
    0x0801f0d6   0x0801f0d6   0x00000030   Code   RO         5977    x$fpl$trapveneer    fz_ws.l(trapv.o)
    0x0801f106   0x0801f106   0x00000000   Code   RO         5780    x$fpl$usenofp       fz_ws.l(usenofp.o)
    0x0801f106   0x0801f106   0x00000178   Data   RO         2567    .constdata          picture_data.o
    0x0801f27e   0x0801f27e   0x00000002   PAD
    0x0801f280   0x0801f280   0x00002814   Data   RO         2653    .constdata          st7735s.o
    0x08021a94   0x08021a94   0x00000018   Data   RO         2909    .constdata          malloc.o
    0x08021aac   0x08021aac   0x0000019a   Data   RO         3075    .constdata          usbh_usr.o
    0x08021c46   0x08021c46   0x00000002   PAD
    0x08021c48   0x08021c48   0x000005f0   Data   RO         3227    .constdata          color_light.o
    0x08022238   0x08022238   0x0000a000   Data   RO         3325    .constdata          filmgear_data.o
    0x0802c238   0x0802c238   0x000000d2   Data   RO         4361    .constdata          ff.o
    0x0802c30a   0x0802c30a   0x000004c0   Data   RO         4617    .constdata          ccsbcs.o
    0x0802c7ca   0x0802c7ca   0x00000011   Data   RO         5482    .constdata          c_w.l(__printf_flags_ss_wp.o)
    0x0802c7db   0x0802c7db   0x00000005   PAD
    0x0802c7e0   0x0802c7e0   0x00000038   Data   RO         5588    .constdata          m_ws.l(log.o)
    0x0802c818   0x0802c818   0x00000088   Data   RO         5598    .constdata          m_ws.l(pow.o)
    0x0802c8a0   0x0802c8a0   0x00000008   Data   RO         5658    .constdata          c_w.l(_printf_wctomb.o)
    0x0802c8a8   0x0802c8a8   0x00000028   Data   RO         5687    .constdata          c_w.l(_printf_hex_int_ll_ptr.o)
    0x0802c8d0   0x0802c8d0   0x00000030   Data   RO         5782    .constdata          m_ws.l(cos_i.o)
    0x0802c900   0x0802c900   0x00000008   Data   RO         5802    .constdata          m_ws.l(qnan.o)
    0x0802c908   0x0802c908   0x000000c8   Data   RO         5805    .constdata          m_ws.l(rred.o)
    0x0802c9d0   0x0802c9d0   0x00000028   Data   RO         5809    .constdata          m_ws.l(sin_i.o)
    0x0802c9f8   0x0802c9f8   0x00000026   Data   RO         5860    .constdata          c_w.l(_printf_fp_hex.o)
    0x0802ca1e   0x0802ca1e   0x00000002   PAD
    0x0802ca20   0x0802ca20   0x00000094   Data   RO         5871    .constdata          c_w.l(bigflt0.o)
    0x0802cab4   0x0802cab4   0x00000499   Data   RO         2452    .conststring        menu.o
    0x0802cf4d   0x0802cf4d   0x00000003   PAD
    0x0802cf50   0x0802cf50   0x0000004b   Data   RO         3382    .conststring        menutask.o
    0x0802cf9b   0x0802cf9b   0x00000001   PAD
    0x0802cf9c   0x0802cf9c   0x00000020   Data   RO         6009    Region$$Table       anon$$obj.o
    0x0802cfbc   0x0802cfbc   0x0000001c   Data   RO         5897    locale$$data        c_w.l(lc_numeric_c.o)
    0x0802cfd8   0x0802cfd8   0x00000110   Data   RO         5928    locale$$data        c_w.l(lc_ctype_c.o)


    Execution Region RW_IRAM1 (Exec base: 0x20000000, Load base: 0x0802d0e8, Size: 0x0000d798, Max: 0x00010000, ABSOLUTE, COMPRESSED[0x000003f0])

    Exec Addr    Load Addr    Size         Type   Attr      Idx    E Section Name        Object

    0x20000000   COMPRESSED   0x00000058   Data   RW           30    .data               main.o
    0x20000058   COMPRESSED   0x00000014   Data   RW         1067    .data               stm32f10x_rcc.o
    0x2000006c   COMPRESSED   0x00000018   Data   RW         2429    .data               key.o
    0x20000084   COMPRESSED   0x00000e0c   Data   RW         2453    .data               menu.o
    0x20000e90   COMPRESSED   0x00000020   Data   RW         2511    .data               menu_handle.o
    0x20000eb0   COMPRESSED   0x0000000d   Data   RW         2583    .data               scheduler.o
    0x20000ebd   COMPRESSED   0x00000003   PAD
    0x20000ec0   COMPRESSED   0x0000000a   Data   RW         2654    .data               st7735s.o
    0x20000eca   COMPRESSED   0x00000001   Data   RW         2782    .data               graphical.o
    0x20000ecb   COMPRESSED   0x00000001   PAD
    0x20000ecc   COMPRESSED   0x0000001c   Data   RW         2910    .data               malloc.o
    0x20000ee8   COMPRESSED   0x00000001   Data   RW         2981    .data               dmxprotocol.o
    0x20000ee9   COMPRESSED   0x00000003   PAD
    0x20000eec   COMPRESSED   0x0000004d   Data   RW         3076    .data               usbh_usr.o
    0x20000f39   COMPRESSED   0x00000003   PAD
    0x20000f3c   COMPRESSED   0x00000058   Data   RW         3228    .data               color_light.o
    0x20000f94   COMPRESSED   0x00000014   Data   RW         3383    .data               menutask.o
    0x20000fa8   COMPRESSED   0x00000008   Data   RW         3685    .data               usb_bsp.o
    0x20000fb0   COMPRESSED   0x00000008   Data   RW         3752    .data               adc.o
    0x20000fb8   COMPRESSED   0x0000001d   Data   RW         3789    .data               dmx512.o
    0x20000fd5   COMPRESSED   0x00000003   PAD
    0x20000fd8   COMPRESSED   0x0000001b   Data   RW         3856    .data               ec11.o
    0x20000ff3   COMPRESSED   0x00000001   PAD
    0x20000ff4   COMPRESSED   0x0000000c   Data   RW         3919    .data               ledpower.o
    0x20001000   COMPRESSED   0x00000001   Data   RW         4118    .data               spi.o
    0x20001001   COMPRESSED   0x00000003   PAD
    0x20001004   COMPRESSED   0x00000004   Data   RW         4217    .data               delay.o
    0x20001008   COMPRESSED   0x0000000a   Data   RW         4362    .data               ff.o
    0x20001012   COMPRESSED   0x00000002   PAD
    0x20001014   COMPRESSED   0x00000012   Data   RW         4644    .data               usbh_core_1.o
    0x20001026   COMPRESSED   0x00000003   Data   RW         4827    .data               usbh_stdreq_1.o
    0x20001029   COMPRESSED   0x00000003   PAD
    0x2000102c   COMPRESSED   0x00000011   Data   RW         4909    .data               usbh_msc_bot_1.o
    0x2000103d   COMPRESSED   0x00000003   PAD
    0x20001040   COMPRESSED   0x0000001d   Data   RW         4953    .data               usbh_msc_core_1.o
    0x2000105d   COMPRESSED   0x00000001   Data   RW         4999    .data               usbh_msc_fatfs_1.o
    0x2000105e   COMPRESSED   0x00000001   Data   RW         5040    .data               usbh_msc_scsi_1.o
    0x2000105f   COMPRESSED   0x00000001   PAD
    0x20001060        -       0x000006b8   Zero   RW           29    .bss                main.o
    0x20001718        -       0x00006d78   Zero   RW         2510    .bss                menu_handle.o
    0x20008490        -       0x00000040   Zero   RW         2582    .bss                scheduler.o
    0x200084d0   COMPRESSED   0x00000010   PAD
    0x200084e0        -       0x00002a80   Zero   RW         2908    .bss                malloc.o
    0x2000af60        -       0x0000004a   Zero   RW         2980    .bss                dmxprotocol.o
    0x2000afaa   COMPRESSED   0x00000002   PAD
    0x2000afac        -       0x00000664   Zero   RW         3074    .bss                usbh_usr.o
    0x2000b610        -       0x000001c8   Zero   RW         3226    .bss                color_light.o
    0x2000b7d8        -       0x00000058   Zero   RW         3646    .bss                gui.o
    0x2000b830        -       0x000000c8   Zero   RW         3750    .bss                adc.o
    0x2000b8f8        -       0x0000034c   Zero   RW         3788    .bss                dmx512.o
    0x2000bc44        -       0x0000004c   Zero   RW         3855    .bss                ec11.o
    0x2000bc90        -       0x0000000a   Zero   RW         3918    .bss                ledpower.o
    0x2000bc9a        -       0x00000800   Zero   RW         4035    .bss                stmflash.o
    0x2000c49a        -       0x00000201   Zero   RW         4264    .bss                uart3.o
    0x2000c69b        -       0x00000200   Zero   RW         4826    .bss                usbh_stdreq_1.o
    0x2000c89b   COMPRESSED   0x00000001   PAD
    0x2000c89c        -       0x00000040   Zero   RW         4908    .bss                usbh_msc_bot_1.o
    0x2000c8dc        -       0x0000004a   Zero   RW         4952    .bss                usbh_msc_core_1.o
    0x2000c926   COMPRESSED   0x00000002   PAD
    0x2000c928        -       0x00000410   Zero   RW         5039    .bss                usbh_msc_scsi_1.o
    0x2000cd38        -       0x00000060   Zero   RW         5825    .bss                c_w.l(libspace.o)
    0x2000cd98        -       0x00000200   Zero   RW           18    HEAP                startup_stm32f10x_cl.o
    0x2000cf98        -       0x00000800   Zero   RW           17    STACK               startup_stm32f10x_cl.o



  Load Region LR$$.ARM.__AT_0x68000000 (Base: 0x68000000, Size: 0x00000000, Max: 0x000f0000, ABSOLUTE)

    Execution Region ER$$.ARM.__AT_0x68000000 (Exec base: 0x68000000, Load base: 0x68000000, Size: 0x000f0000, Max: 0x000f0000, ABSOLUTE, UNINIT)

    Exec Addr    Load Addr    Size         Type   Attr      Idx    E Section Name        Object

    0x68000000        -       0x000f0000   Zero   RW         2906    .ARM.__AT_0x68000000  malloc.o



  Load Region LR$$.ARM.__AT_0x680F0000 (Base: 0x680f0000, Size: 0x00000000, Max: 0x0000f000, ABSOLUTE)

    Execution Region ER$$.ARM.__AT_0x680F0000 (Exec base: 0x680f0000, Load base: 0x680f0000, Size: 0x0000f000, Max: 0x0000f000, ABSOLUTE, UNINIT)

    Exec Addr    Load Addr    Size         Type   Attr      Idx    E Section Name        Object

    0x680f0000        -       0x0000f000   Zero   RW         2907    .ARM.__AT_0x680F0000  malloc.o


==============================================================================

Image component sizes


      Code (inc. data)   RO Data    RW Data    ZI Data      Debug   Object Name

       584         78          0          8        200       2636   adc.o
       132         16       1216          0          0       1823   ccsbcs.o
      5020        428       1520         88        456      11539   color_light.o
         0          0          0          0          0       4540   core_cm3.o
       236         18          0          4          0      18271   delay.o
      1248        210          0         29        844       4789   dmx512.o
      2922        120          0          1         74       9144   dmxprotocol.o
      1260        148          0         27         76       5488   ec11.o
         4          0          0          0          0        442   fattime.o
      6820         70        210         10          0      32099   ff.o
         0          0      40960          0          0        443   filmgear_data.o
      1714         46          0          1          0      10567   graphical.o
       772         64          0          0         88       2330   gui.o
       212         30          0         24          0       1144   key.o
       570         38          0         12         10       3371   ledpower.o
       642         98          0         88       1720     323800   main.o
       152         24         24         28    1055360       3195   malloc.o
       790         48       1177       3596          0       5538   menu.o
      1432        112          0         32      28024       8269   menu_handle.o
      9372       2336         75         20          0      24922   menutask.o
       172         22          0          0          0       2049   misc.o
         0          0        376          0          0        643   picture_data.o
       736         86          0         13         64       5047   scheduler.o
       680         74          0          1          0       4483   spi.o
       994         44      10260         10          0       7179   st7735s.o
        64         26        336          0       2560        800   startup_stm32f10x_cl.o
       482         24          0          0          0       7934   stm32f10x_adc.o
       148          6          0          0          0        976   stm32f10x_exti.o
       494         10          0          0          0       4472   stm32f10x_gpio.o
        24          0          0          0          0       3396   stm32f10x_it.o
       596         68          0         20          0       7976   stm32f10x_rcc.o
       106          0          0          0          0       3276   stm32f10x_spi.o
       270         42          0          0          0       4093   stm32f10x_tim.o
       452          6          0          0          0       6162   stm32f10x_usart.o
       676         66          0          0       2048       7340   stmflash.o
        16          8          0          0          0        409   sys.o
       396         32          0          0          0       1897   system_stm32f10x.o
       128         12          0          0          0       1084   timer.o
       632         82          0          0        513       3188   uart3.o
       468         28          0          8          0       6886   usb_bsp.o
      2996         18          0          0          0      18291   usb_core_1.o
       202          0          0          0          0       5063   usb_hcd_1.o
      3702         16          0          0          0      10231   usb_hcd_int_1.o
      1634         42          0         18          0       8957   usbh_core_1.o
       390          0          0          0          0       4524   usbh_hcs_1.o
       560          0          0          0          0       5522   usbh_ioreq_1.o
      1140        100          0         17         64       6769   usbh_msc_bot_1.o
       876         62          0         29         74       6541   usbh_msc_core_1.o
       388         52          0          1          0       4494   usbh_msc_fatfs_1.o
      1312         88          0          1       1040       7264   usbh_msc_scsi_1.o
       942         14          0          3        512      10253   usbh_stdreq_1.o
      1148        524        410         77       1636      24676   usbh_usr.o

    ----------------------------------------------------------------------
     56768       5436      56604       4192    1095384     666225   Object Totals
         0          0         32          0          0          0   (incl. Generated)
        62          0          8         26         21          0   (incl. Padding)

    ----------------------------------------------------------------------

      Code (inc. data)   RO Data    RW Data    ZI Data      Debug   Library Member Name

        44          6          0          0          0         84   __2sprintf.o
        90          0          0          0          0          0   __dczerorl2.o
         8          0          0          0          0         68   __main.o
       392          4         17          0          0         92   __printf_flags_ss_wp.o
        14          0          0          0          0         68   __printf_wp.o
         0          0          0          0          0          0   __rtentry.o
        12          0          0          0          0          0   __rtentry2.o
         6          0          0          0          0          0   __rtentry4.o
        52          8          0          0          0          0   __scatter.o
        28          0          0          0          0          0   __scatter_zi.o
        28          0          0          0          0         68   _chval.o
         6          0          0          0          0          0   _printf_a.o
         6          0          0          0          0          0   _printf_c.o
        44          0          0          0          0        108   _printf_char.o
        48          6          0          0          0         96   _printf_char_common.o
        40          0          0          0          0         68   _printf_charcount.o
         6          0          0          0          0          0   _printf_d.o
       120         16          0          0          0         92   _printf_dec.o
         6          0          0          0          0          0   _printf_e.o
         6          0          0          0          0          0   _printf_f.o
      1054          0          0          0          0        216   _printf_fp_dec.o
       764          8         38          0          0        100   _printf_fp_hex.o
       128         16          0          0          0         84   _printf_fp_infnan.o
         6          0          0          0          0          0   _printf_g.o
       148          4         40          0          0        160   _printf_hex_int_ll_ptr.o
         6          0          0          0          0          0   _printf_i.o
       178          0          0          0          0         88   _printf_intcommon.o
        10          0          0          0          0          0   _printf_l.o
         6          0          0          0          0          0   _printf_lc.o
        10          0          0          0          0          0   _printf_ll.o
         6          0          0          0          0          0   _printf_lld.o
         6          0          0          0          0          0   _printf_lli.o
         6          0          0          0          0          0   _printf_llo.o
         6          0          0          0          0          0   _printf_llu.o
         6          0          0          0          0          0   _printf_llx.o
       124         16          0          0          0         92   _printf_longlong_dec.o
         6          0          0          0          0          0   _printf_ls.o
         6          0          0          0          0          0   _printf_n.o
         6          0          0          0          0          0   _printf_o.o
       112         10          0          0          0        124   _printf_oct_int_ll.o
         6          0          0          0          0          0   _printf_p.o
        78          0          0          0          0        108   _printf_pad.o
         0          0          0          0          0          0   _printf_percent.o
         4          0          0          0          0          0   _printf_percent_end.o
         6          0          0          0          0          0   _printf_s.o
        82          0          0          0          0         80   _printf_str.o
        36          0          0          0          0         84   _printf_truncate.o
         6          0          0          0          0          0   _printf_u.o
        44          0          0          0          0        108   _printf_wchar.o
       188          6          8          0          0         92   _printf_wctomb.o
         6          0          0          0          0          0   _printf_x.o
        22          0          0          0          0        100   _rserrno.o
        10          0          0          0          0         68   _sputc.o
       158          0          0          0          0         92   _strtoul.o
        64          0          0          0          0         92   _wcrtomb.o
        26          0          0          0          0         80   atoi.o
       228          4        148          0          0         96   bigflt0.o
      1936        128          0          0          0        672   btod.o
        10          0          0          0          0         68   defsig_exit.o
        50          0          0          0          0         88   defsig_general.o
        80         58          0          0          0         76   defsig_rtmem_inner.o
        14          0          0          0          0         80   defsig_rtmem_outer.o
        18          0          0          0          0         80   exit.o
        94          0          0          0          0         80   h1_alloc.o
        52          0          0          0          0         68   h1_extend.o
        78          0          0          0          0         80   h1_free.o
        14          0          0          0          0         84   h1_init.o
         6          0          0          0          0        152   heapauxi.o
         4          0          0          0          0        136   hguard.o
         0          0          0          0          0          0   indicate_semi.o
       138          0          0          0          0        168   init_alloc.o
        44         10        272          0          0         76   lc_ctype_c.o
        44         10         28          0          0         76   lc_numeric_c.o
         2          0          0          0          0          0   libinit.o
        38          0          0          0          0          0   libinit2.o
         2          0          0          0          0          0   libshutdown.o
         2          0          0          0          0          0   libshutdown2.o
         8          4          0          0         96         68   libspace.o
       138          0          0          0          0         80   lludiv10.o
         0          0          0          0          0          0   maybetermalloc1.o
        88          0          0          0          0         76   memcmp.o
        16          4          0          0          0         76   rt_ctype_table.o
         8          4          0          0          0         68   rt_errno_addr_intlibspace.o
         8          4          0          0          0         68   rt_heap_descriptor_intlibspace.o
         8          4          0          0          0         68   rt_locale_intlibspace.o
        68          0          0          0          0         68   rt_memclr.o
        78          0          0          0          0         80   rt_memclr_w.o
       138          0          0          0          0         68   rt_memcpy_v6.o
       100          0          0          0          0         80   rt_memcpy_w.o
         2          0          0          0          0          0   rtexit.o
        10          0          0          0          0          0   rtexit2.o
       128          0          0          0          0         68   strcmpv7m.o
        62          0          0          0          0         76   strlen.o
        36          0          0          0          0         80   strstr.o
       112          0          0          0          0         88   strtol.o
        12          4          0          0          0         68   sys_exit.o
        74          0          0          0          0         80   sys_stackheap_outer.o
        14          0          0          0          0         76   sys_wrch.o
         2          0          0          0          0         68   use_no_semi.o
        36          4          0          0          0         76   vsprintf.o
        98          4          0          0          0         92   d2f.o
       826         16          0          0          0        348   daddsub_clz.o
        16          4          0          0          0         68   dcheck1.o
        24          0          0          0          0         68   dcmpi.o
       688        140          0          0          0        208   ddiv.o
       120          4          0          0          0         92   deqf.o
        94          4          0          0          0         92   dfix.o
        90          4          0          0          0         92   dfixu.o
        84          0          0          0          0        136   dflt_clz.o
       120          4          0          0          0         92   dleqf.o
       340         12          0          0          0        104   dmul.o
       156          4          0          0          0         92   dnaninf.o
        12          0          0          0          0         68   dretinf.o
       108          0          0          0          0         80   drleqf.o
       460         56          0          0          0        120   dsqrt_noumaal.o
        86          4          0          0          0         84   f2d.o
       430          8          0          0          0        168   faddsub_clz.o
        24          0          0          0          0         68   fcmpi.o
       388         76          0          0          0         96   fdiv.o
       104          4          0          0          0         84   feqf.o
        54          4          0          0          0         84   ffix.o
        62          4          0          0          0         84   ffixu.o
        86          0          0          0          0        136   fflt_clz.o
       104          4          0          0          0         84   fleqf.o
       258          4          0          0          0         84   fmul.o
       140          4          0          0          0         84   fnaninf.o
        10          0          0          0          0         68   fretinf.o
        98          0          0          0          0         68   frleqf.o
         4          0          0          0          0         68   printf1.o
         4          0          0          0          0         68   printf2.o
       100          0          0          0          0         68   retnan.o
        92          0          0          0          0         68   scalbn.o
        48          0          0          0          0         68   trapv.o
         0          0          0          0          0          0   usenofp.o
       156          8          0          0          0        104   cos.o
       252         22         48          0          0        124   cos_i.o
        68         10          0          0          0        408   dunder.o
        40          0          0          0          0         68   fpclassify.o
       860         52         56          0          0        256   log.o
       170          0          0          0          0         96   poly.o
      2520        190        136          0          0        324   pow.o
         0          0          8          0          0          0   qnan.o
       904         76        200          0          0        140   rred.o
       236         12         40          0          0        128   sin_i.o
        76          0          0          0          0         84   sqrt.o

    ----------------------------------------------------------------------
     18934       1072       1046          0         96      11088   Library Totals
        38          0          7          0          0          0   (incl. Padding)

    ----------------------------------------------------------------------

      Code (inc. data)   RO Data    RW Data    ZI Data      Debug   Library Name

      8286        338        551          0         96       6072   c_w.l
      5328        364          0          0          0       3284   fz_ws.l
      5282        370        488          0          0       1732   m_ws.l

    ----------------------------------------------------------------------
     18934       1072       1046          0         96      11088   Library Totals

    ----------------------------------------------------------------------

==============================================================================


      Code (inc. data)   RO Data    RW Data    ZI Data      Debug   

     75702       6508      57650       4192    1095480     650633   Grand Totals
     75702       6508      57650       1008    1095480     650633   ELF Image Totals (compressed)
     75702       6508      57650       1008          0          0   ROM Totals

==============================================================================

    Total RO  Size (Code + RO Data)               133352 ( 130.23kB)
    Total RW  Size (RW Data + ZI Data)           1099672 (1073.90kB)
    Total ROM Size (Code + RO Data + RW Data)     134360 ( 131.21kB)

==============================================================================

