Component: ARM Compiler 5.06 update 6 (build 750) Tool: armlink [4d35ed]

==============================================================================

Section Cross References

    main.o(i.GPIO_init) refers to stm32f10x_rcc.o(i.RCC_APB2PeriphClockCmd) for RCC_APB2PeriphClockCmd
    main.o(i.GPIO_init) refers to stm32f10x_gpio.o(i.GPIO_Init) for GPIO_Init
    main.o(i.GPIO_init) refers to stm32f10x_gpio.o(i.GPIO_PinRemapConfig) for GPIO_PinRemapConfig
    main.o(i.GPIO_init) refers to delay.o(i.delay_ms) for delay_ms
    main.o(i.main) refers to misc.o(i.NVIC_PriorityGroupConfig) for NVIC_PriorityGroupConfig
    main.o(i.main) refers to delay.o(i.SysTick_Configuration) for SysTick_Configuration
    main.o(i.main) refers to main.o(i.GPIO_init) for GPIO_init
    main.o(i.main) refers to stmflash.o(i.LoadConfig) for LoadConfig
    main.o(i.main) refers to debug.o(i.Debug_init) for Debug_init
    main.o(i.main) refers to malloc.o(i.my_mem_init) for my_mem_init
    main.o(i.main) refers to adc.o(i.ADC1Init) for ADC1Init
    main.o(i.main) refers to dmx512.o(i.dmx512_init) for dmx512_init
    main.o(i.main) refers to uart3.o(i.uart3_init) for uart3_init
    main.o(i.main) refers to st7735s.o(i.Lcd_Init) for Lcd_Init
    main.o(i.main) refers to color_light.o(i.color_light_init) for color_light_init
    main.o(i.main) refers to st7735s.o(i.LCD_Clear) for LCD_Clear
    main.o(i.main) refers to timer.o(i.SceneTimerInit) for SceneTimerInit
    main.o(i.main) refers to graphical.o(i.LCD_Fill_Picture) for LCD_Fill_Picture
    main.o(i.main) refers to delay.o(i.delay_ms) for delay_ms
    main.o(i.main) refers to menu_handle.o(i.Menu_init) for Menu_init
    main.o(i.main) refers to main.o(i.param_init) for param_init
    main.o(i.main) refers to ledpower.o(i.AllLedPowerOff) for AllLedPowerOff
    main.o(i.main) refers to ledpower.o(i.FAN_OUT) for FAN_OUT
    main.o(i.main) refers to usbh_core.o(i.USBH_Init) for USBH_Init
    main.o(i.main) refers to menu_handle.o(i.MenuBuf_malloc) for MenuBuf_malloc
    main.o(i.main) refers to panle_gui.o(i.GUI_DisplayInit) for GUI_DisplayInit
    main.o(i.main) refers to menu_handle.o(i.MenuBuf_free) for MenuBuf_free
    main.o(i.main) refers to timer.o(i.timer4_init) for timer4_init
    main.o(i.main) refers to ec11.o(i.ec11_init) for ec11_init
    main.o(i.main) refers to algorithm_test.o(i.AlgorithmTest) for AlgorithmTest
    main.o(i.main) refers to scheduler.o(i.Duty_Loop) for Duty_Loop
    main.o(i.main) refers to filmgear_data.o(.constdata) for gImage_filmgear_data
    main.o(i.main) refers to usbh_usr.o(.data) for USR_cb
    main.o(i.main) refers to usbh_msc_core.o(.data) for USBH_MSC_cb
    main.o(i.main) refers to main.o(.bss) for USB_Host
    main.o(i.main) refers to menu_handle.o(.bss) for MENU_BUF
    main.o(i.main) refers to menu_handle.o(.data) for MenuPic
    main.o(i.main) refers to spi.o(.data) for DMAING
    main.o(i.param_init) refers to main.o(.bss) for Sys
    system_stm32f10x.o(i.SetSysClock) refers to system_stm32f10x.o(i.SetSysClockTo72) for SetSysClockTo72
    system_stm32f10x.o(i.SystemCoreClockUpdate) refers to system_stm32f10x.o(.data) for SystemCoreClock
    system_stm32f10x.o(i.SystemInit) refers to system_stm32f10x.o(i.SetSysClock) for SetSysClock
    algorithm_test.o(i.HsiToCoordTest) refers to debug.o(i.Debug_printf) for Debug_printf
    algorithm_test.o(i.HsiToCoordTest) refers to delay.o(i.GetSysTime_us) for GetSysTime_us
    algorithm_test.o(i.HsiToCoordTest) refers to fflt_clz.o(x$fpl$ffltu) for __aeabi_ui2f
    algorithm_test.o(i.HsiToCoordTest) refers to fdiv.o(x$fpl$fdiv) for __aeabi_fdiv
    algorithm_test.o(i.HsiToCoordTest) refers to color_light.o(i.HSI_to_RGB) for HSI_to_RGB
    algorithm_test.o(i.HsiToCoordTest) refers to rt_memcpy_w.o(.text) for __aeabi_memcpy4
    algorithm_test.o(i.HsiToCoordTest) refers to color_light.o(i.RGB_to_coordinate) for RGB_to_coordinate
    algorithm_test.o(i.HsiToCoordTest) refers to mymath.o(i.InTriangle) for InTriangle
    algorithm_test.o(i.HsiToCoordTest) refers to f2d.o(x$fpl$f2d) for __aeabi_f2d
    algorithm_test.o(i.HsiToCoordTest) refers to color_light.o(i.coordinate_to_RGBWWCW) for coordinate_to_RGBWWCW
    algorithm_test.o(i.HsiToCoordTest) refers to color_light.o(i.RGBWWCW_to_coordinate) for RGBWWCW_to_coordinate
    algorithm_test.o(i.HsiToCoordTest) refers to faddsub_clz.o(x$fpl$fsub) for __aeabi_fsub
    algorithm_test.o(i.HsiToCoordTest) refers to frleqf.o(x$fpl$frleqf) for __aeabi_cfrcmple
    algorithm_test.o(i.HsiToCoordTest) refers to drleqf.o(x$fpl$drleqf) for __aeabi_cdrcmple
    algorithm_test.o(i.HsiToCoordTest) refers to daddsub_clz.o(x$fpl$dadd) for __aeabi_dadd
    algorithm_test.o(i.HsiToCoordTest) refers to d2f.o(x$fpl$d2f) for __aeabi_d2f
    algorithm_test.o(i.HsiToCoordTest) refers to dleqf.o(x$fpl$dleqf) for __aeabi_cdcmple
    color_light.o(i.CCTToCoordinate) refers to fmul.o(x$fpl$fmul) for __aeabi_fmul
[...]
    0x0800cabe   0x0800cabe   0x00000000   Code   RO         6430    .ARM.Collect$$libshutdown$$0000000C  c_w.l(libshutdown2.o)
    0x0800cabe   0x0800cabe   0x00000000   Code   RO         6433    .ARM.Collect$$libshutdown$$0000000F  c_w.l(libshutdown2.o)
    0x0800cabe   0x0800cabe   0x00000002   Code   RO         6434    .ARM.Collect$$libshutdown$$00000010  c_w.l(libshutdown2.o)
    0x0800cac0   0x0800cac0   0x00000000   Code   RO         6056    .ARM.Collect$$rtentry$$00000000  c_w.l(__rtentry.o)
    0x0800cac0   0x0800cac0   0x00000000   Code   RO         6278    .ARM.Collect$$rtentry$$00000002  c_w.l(__rtentry2.o)
    0x0800cac0   0x0800cac0   0x00000006   Code   RO         6290    .ARM.Collect$$rtentry$$00000004  c_w.l(__rtentry4.o)
    0x0800cac6   0x0800cac6   0x00000000   Code   RO         6280    .ARM.Collect$$rtentry$$00000009  c_w.l(__rtentry2.o)
    0x0800cac6   0x0800cac6   0x00000004   Code   RO         6281    .ARM.Collect$$rtentry$$0000000A  c_w.l(__rtentry2.o)
    0x0800caca   0x0800caca   0x00000000   Code   RO         6283    .ARM.Collect$$rtentry$$0000000C  c_w.l(__rtentry2.o)
    0x0800caca   0x0800caca   0x00000008   Code   RO         6284    .ARM.Collect$$rtentry$$0000000D  c_w.l(__rtentry2.o)
    0x0800cad2   0x0800cad2   0x00000002   Code   RO         6409    .ARM.Collect$$rtexit$$00000000  c_w.l(rtexit.o)
    0x0800cad4   0x0800cad4   0x00000000   Code   RO         6456    .ARM.Collect$$rtexit$$00000002  c_w.l(rtexit2.o)
    0x0800cad4   0x0800cad4   0x00000004   Code   RO         6457    .ARM.Collect$$rtexit$$00000003  c_w.l(rtexit2.o)
    0x0800cad8   0x0800cad8   0x00000006   Code   RO         6458    .ARM.Collect$$rtexit$$00000004  c_w.l(rtexit2.o)
    0x0800cade   0x0800cade   0x00000002   PAD
    0x0800cae0   0x0800cae0   0x00000000   Code   RO         6301    .emb_text           c_w.l(maybetermalloc1.o)
    0x0800cae0   0x0800cae0   0x00000040   Code   RO         5828    .text               startup_stm32f10x_cl.o
    0x0800cb20   0x0800cb20   0x0000005e   Code   RO         5838    .text               c_w.l(h1_alloc.o)
    0x0800cb7e   0x0800cb7e   0x0000004e   Code   RO         5840    .text               c_w.l(h1_free.o)
    0x0800cbcc   0x0800cbcc   0x00000024   Code   RO         5896    .text               c_w.l(vsprintf.o)
    0x0800cbf0   0x0800cbf0   0x0000002c   Code   RO         5898    .text               c_w.l(__2sprintf.o)
    0x0800cc1c   0x0800cc1c   0x00000052   Code   RO         5904    .text               c_w.l(_printf_str.o)
    0x0800cc6e   0x0800cc6e   0x00000002   PAD
    0x0800cc70   0x0800cc70   0x00000078   Code   RO         5906    .text               c_w.l(_printf_dec.o)
    0x0800cce8   0x0800cce8   0x00000188   Code   RO         5925    .text               c_w.l(__printf_flags_ss_wp.o)
    0x0800ce70   0x0800ce70   0x0000001a   Code   RO         5932    .text               c_w.l(atoi.o)
    0x0800ce8a   0x0800ce8a   0x00000024   Code   RO         5934    .text               c_w.l(strstr.o)
    0x0800ceae   0x0800ceae   0x00000058   Code   RO         5936    .text               c_w.l(memcmp.o)
    0x0800cf06   0x0800cf06   0x0000003e   Code   RO         5938    .text               c_w.l(strlen.o)
    0x0800cf44   0x0800cf44   0x0000008a   Code   RO         5940    .text               c_w.l(rt_memcpy_v6.o)
    0x0800cfce   0x0800cfce   0x00000064   Code   RO         5942    .text               c_w.l(rt_memcpy_w.o)
    0x0800d032   0x0800d032   0x00000044   Code   RO         5944    .text               c_w.l(rt_memclr.o)
    0x0800d076   0x0800d076   0x0000004e   Code   RO         5946    .text               c_w.l(rt_memclr_w.o)
    0x0800d0c4   0x0800d0c4   0x00000080   Code   RO         5948    .text               c_w.l(strcmpv7m.o)
    0x0800d144   0x0800d144   0x00000006   Code   RO         5950    .text               c_w.l(heapauxi.o)
    0x0800d14a   0x0800d14a   0x00000002   PAD
    0x0800d14c   0x0800d14c   0x00000008   Code   RO         6060    .text               c_w.l(rt_heap_descriptor_intlibspace.o)
    0x0800d154   0x0800d154   0x00000008   Code   RO         6065    .text               c_w.l(rt_errno_addr_intlibspace.o)
    0x0800d15c   0x0800d15c   0x00000004   Code   RO         6067    .text               c_w.l(hguard.o)
    0x0800d160   0x0800d160   0x0000008a   Code   RO         6069    .text               c_w.l(init_alloc.o)
    0x0800d1ea   0x0800d1ea   0x0000000e   Code   RO         6073    .text               c_w.l(h1_init.o)
    0x0800d1f8   0x0800d1f8   0x00000016   Code   RO         6087    .text               c_w.l(_rserrno.o)
    0x0800d20e   0x0800d20e   0x0000004e   Code   RO         6089    .text               c_w.l(_printf_pad.o)
    0x0800d25c   0x0800d25c   0x00000024   Code   RO         6091    .text               c_w.l(_printf_truncate.o)
    0x0800d280   0x0800d280   0x000000b2   Code   RO         6093    .text               c_w.l(_printf_intcommon.o)
    0x0800d332   0x0800d332   0x00000028   Code   RO         6095    .text               c_w.l(_printf_charcount.o)
    0x0800d35a   0x0800d35a   0x0000041e   Code   RO         6097    .text               c_w.l(_printf_fp_dec.o)
    0x0800d778   0x0800d778   0x00000030   Code   RO         6099    .text               c_w.l(_printf_char_common.o)
    0x0800d7a8   0x0800d7a8   0x0000000a   Code   RO         6101    .text               c_w.l(_sputc.o)
    0x0800d7b2   0x0800d7b2   0x0000002c   Code   RO         6103    .text               c_w.l(_printf_char.o)
    0x0800d7de   0x0800d7de   0x00000002   PAD
    0x0800d7e0   0x0800d7e0   0x000000bc   Code   RO         6105    .text               c_w.l(_printf_wctomb.o)
    0x0800d89c   0x0800d89c   0x0000007c   Code   RO         6108    .text               c_w.l(_printf_longlong_dec.o)
    0x0800d918   0x0800d918   0x00000070   Code   RO         6114    .text               c_w.l(_printf_oct_int_ll.o)
    0x0800d988   0x0800d988   0x00000094   Code   RO         6134    .text               c_w.l(_printf_hex_int_ll_ptr.o)
    0x0800da1c   0x0800da1c   0x000000a4   Code   RO         6157    .text               c_w.l(strtod.o)
    0x0800dac0   0x0800dac0   0x00000070   Code   RO         6159    .text               c_w.l(strtol.o)
    0x0800db30   0x0800db30   0x00000008   Code   RO         6274    .text               c_w.l(libspace.o)
    0x0800db38   0x0800db38   0x00000010   Code   RO         6292    .text               c_w.l(rt_ctype_table.o)
    0x0800db48   0x0800db48   0x00000008   Code   RO         6297    .text               c_w.l(rt_locale_intlibspace.o)
    0x0800db50   0x0800db50   0x00000034   Code   RO         6303    .text               c_w.l(h1_extend.o)
    0x0800db84   0x0800db84   0x0000008a   Code   RO         6307    .text               c_w.l(lludiv10.o)
    0x0800dc0e   0x0800dc0e   0x00000012   Code   RO         6309    .text               c_w.l(isspace.o)
    0x0800dc20   0x0800dc20   0x000002fc   Code   RO         6311    .text               c_w.l(_printf_fp_hex.o)
    0x0800df1c   0x0800df1c   0x00000080   Code   RO         6314    .text               c_w.l(_printf_fp_infnan.o)
    0x0800df9c   0x0800df9c   0x0000002c   Code   RO         6318    .text               c_w.l(_printf_wchar.o)
    0x0800dfc8   0x0800dfc8   0x00000040   Code   RO         6320    .text               c_w.l(_sgetc.o)
    0x0800e008   0x0800e008   0x0000009e   Code   RO         6322    .text               c_w.l(_strtoul.o)
    0x0800e0a6   0x0800e0a6   0x00000002   PAD
    0x0800e0a8   0x0800e0a8   0x000000e4   Code   RO         6324    .text               c_w.l(bigflt0.o)
    0x0800e18c   0x0800e18c   0x00000040   Code   RO         6349    .text               c_w.l(_wcrtomb.o)
    0x0800e1cc   0x0800e1cc   0x0000000e   Code   RO         6354    .text               c_w.l(defsig_rtmem_outer.o)
    0x0800e1da   0x0800e1da   0x00000002   Code   RO         6373    .text               c_w.l(use_no_semi.o)
    0x0800e1dc   0x0800e1dc   0x00000000   Code   RO         6375    .text               c_w.l(indicate_semi.o)
    0x0800e1dc   0x0800e1dc   0x0000004a   Code   RO         6376    .text               c_w.l(sys_stackheap_outer.o)
    0x0800e226   0x0800e226   0x0000001c   Code   RO         6382    .text               c_w.l(_chval.o)
    0x0800e242   0x0800e242   0x00000002   PAD
    0x0800e244   0x0800e244   0x000004f8   Code   RO         6384    .text               c_w.l(scanf_fp.o)
    0x0800e73c   0x0800e73c   0x00000012   Code   RO         6389    .text               c_w.l(exit.o)
    0x0800e74e   0x0800e74e   0x0000000a   Code   RO         6391    .text               c_w.l(defsig_exit.o)
    0x0800e758   0x0800e758   0x00000050   Code   RO         6393    .text               c_w.l(defsig_rtmem_inner.o)
    0x0800e7a8   0x0800e7a8   0x0000000c   Code   RO         6407    .text               c_w.l(sys_exit.o)
    0x0800e7b4   0x0800e7b4   0x00000032   Code   RO         6417    .text               c_w.l(defsig_general.o)
    0x0800e7e6   0x0800e7e6   0x0000000e   Code   RO         6453    .text               c_w.l(sys_wrch.o)
    0x0800e7f4   0x0800e7f4   0x00000320   Code   RO         6462    .text               c_w.l(scanf_hexfp.o)
    0x0800eb14   0x0800eb14   0x00000134   Code   RO         6464    .text               c_w.l(scanf_infnan.o)
    0x0800ec48   0x0800ec48   0x00000026   Code   RO         6472    .text               c_w.l(llshl.o)
    0x0800ec6e   0x0800ec6e   0x0000003e   Code   RO         6327    CL$$btod_d2e        c_w.l(btod.o)
    0x0800ecac   0x0800ecac   0x00000046   Code   RO         6329    CL$$btod_d2e_denorm_low  c_w.l(btod.o)
    0x0800ecf2   0x0800ecf2   0x00000060   Code   RO         6328    CL$$btod_d2e_norm_op1  c_w.l(btod.o)
    0x0800ed52   0x0800ed52   0x00000338   Code   RO         6337    CL$$btod_div_common  c_w.l(btod.o)
    0x0800f08a   0x0800f08a   0x00000002   PAD
    0x0800f08c   0x0800f08c   0x00000084   Code   RO         6335    CL$$btod_e2d        c_w.l(btod.o)
    0x0800f110   0x0800f110   0x000000dc   Code   RO         6334    CL$$btod_e2e        c_w.l(btod.o)
    0x0800f1ec   0x0800f1ec   0x0000002a   Code   RO         6331    CL$$btod_ediv       c_w.l(btod.o)
    0x0800f216   0x0800f216   0x0000002a   Code   RO         6333    CL$$btod_edivd      c_w.l(btod.o)
    0x0800f240   0x0800f240   0x0000002a   Code   RO         6330    CL$$btod_emul       c_w.l(btod.o)
    0x0800f26a   0x0800f26a   0x0000002a   Code   RO         6332    CL$$btod_emuld      c_w.l(btod.o)
    0x0800f294   0x0800f294   0x00000244   Code   RO         6336    CL$$btod_mult_common  c_w.l(btod.o)
    0x0800f4d8   0x0800f4d8   0x00000108   Code   RO         1592    i.ADC1Init          adc.o
    0x0800f5e0   0x0800f5e0   0x00000016   Code   RO         2295    i.ADC_Cmd           stm32f10x_adc.o
    0x0800f5f6   0x0800f5f6   0x00000016   Code   RO         2296    i.ADC_DMACmd        stm32f10x_adc.o
    0x0800f60c   0x0800f60c   0x0000005c   Code   RO         2297    i.ADC_DeInit        stm32f10x_adc.o
    0x0800f668   0x0800f668   0x00000014   Code   RO         2303    i.ADC_GetCalibrationStatus  stm32f10x_adc.o
    0x0800f67c   0x0800f67c   0x00000014   Code   RO         2309    i.ADC_GetResetCalibrationStatus  stm32f10x_adc.o
    0x0800f690   0x0800f690   0x00000050   Code   RO         2313    i.ADC_Init          stm32f10x_adc.o
    0x0800f6e0   0x0800f6e0   0x000000b8   Code   RO         2317    i.ADC_RegularChannelConfig  stm32f10x_adc.o
    0x0800f798   0x0800f798   0x0000000a   Code   RO         2318    i.ADC_ResetCalibration  stm32f10x_adc.o
    0x0800f7a2   0x0800f7a2   0x00000016   Code   RO         2320    i.ADC_SoftwareStartConvCmd  stm32f10x_adc.o
    0x0800f7b8   0x0800f7b8   0x0000000a   Code   RO         2322    i.ADC_StartCalibration  stm32f10x_adc.o
    0x0800f7c2   0x0800f7c2   0x00000062   Code   RO         1399    i.Address_set       st7735s.o
    0x0800f824   0x0800f824   0x00000002   Code   RO          392    i.AlgorithmTest     algorithm_test.o
    0x0800f826   0x0800f826   0x00000002   PAD
    0x0800f828   0x0800f828   0x00000024   Code   RO         1829    i.AllLedPowerOff    ledpower.o
    0x0800f84c   0x0800f84c   0x00000012   Code   RO         1830    i.AllLedPowerOut    ledpower.o
    0x0800f85e   0x0800f85e   0x00000002   PAD
    0x0800f860   0x0800f860   0x0000002c   Code   RO         2112    i.BSP_Delay         usb_bsp.o
    0x0800f88c   0x0800f88c   0x0000006e   Code   RO         2113    i.BSP_SetTime       usb_bsp.o
    0x0800f8fa   0x0800f8fa   0x00000002   PAD
    0x0800f8fc   0x0800f8fc   0x000000e4   Code   RO          702    i.Bin_Browser       usbh_usr.o
    0x0800f9e0   0x0800f9e0   0x00000004   Code   RO          301    i.BusFault_Handler  stm32f10x_it.o
    0x0800f9e4   0x0800f9e4   0x00000230   Code   RO         5468    i.CCTDisplay        panle_menutask.o
    0x0800fc14   0x0800fc14   0x00000054   Code   RO         5469    i.CCTInitTask       panle_menutask.o
    0x0800fc68   0x0800fc68   0x00000260   Code   RO         5470    i.CCTTask           panle_menutask.o
    0x0800fec8   0x0800fec8   0x000001ac   Code   RO          414    i.CCTToCoordinate   color_light.o
    0x08010074   0x08010074   0x00000120   Code   RO          860    i.CCT_HSI_OUT_16BIT  dmxprotocol.o
    0x08010194   0x08010194   0x0000011c   Code   RO          861    i.CCT_HSI_OUT_8BIT  dmxprotocol.o
    0x080102b0   0x080102b0   0x00000114   Code   RO          862    i.CCT_LEDK_OUT_16BIT  dmxprotocol.o
    0x080103c4   0x080103c4   0x0000010c   Code   RO          863    i.CCT_LEDK_OUT_8BIT  dmxprotocol.o
    0x080104d0   0x080104d0   0x00000070   Code   RO          864    i.CCT_OUT_16BIT     dmxprotocol.o
    0x08010540   0x08010540   0x0000006c   Code   RO          865    i.CCT_OUT_8BIT      dmxprotocol.o
    0x080105ac   0x080105ac   0x00000032   Code   RO          614    i.CharToInt         scene.o
    0x080105de   0x080105de   0x00000002   PAD
    0x080105e0   0x080105e0   0x0000000c   Code   RO         5471    i.ChineseTask       panle_menutask.o
    0x080105ec   0x080105ec   0x00000014   Code   RO         5472    i.ChineseTaskInit   panle_menutask.o
    0x08010600   0x08010600   0x0000000c   Code   RO         2013    i.ClearCNT          timer.o
    0x0801060c   0x0801060c   0x00000014   Code   RO         5473    i.ClearMenu         panle_menutask.o
    0x08010620   0x08010620   0x000001a4   Code   RO          415    i.ColorLightHSIOut  color_light.o
    0x080107c4   0x080107c4   0x000000c4   Code   RO          417    i.CoordinateOut     color_light.o
    0x08010888   0x08010888   0x000000ac   Code   RO         1167    i.CreateMenu        menu.o
    0x08010934   0x08010934   0x000000b4   Code   RO         1593    i.DMA1_Channel1_IRQHandler  adc.o
    0x080109e8   0x080109e8   0x0000002c   Code   RO         2185    i.DMA2_Channel2_IRQHandler  spi.o
    0x08010a14   0x08010a14   0x00000074   Code   RO         2061    i.DMX1_Send         uart3.o
    0x08010a88   0x08010a88   0x00000764   Code   RO          866    i.DMX512_handle     dmxprotocol.o
    0x080111ec   0x080111ec   0x000001c0   Code   RO         5416    i.DMXChanleDataRefresh  panle.o
    0x080113ac   0x080113ac   0x00000098   Code   RO          867    i.DMXTask           dmxprotocol.o
    0x08011444   0x08011444   0x00000180   Code   RO         5475    i.DMX_AdressDisplay  panle_menutask.o
    0x080115c4   0x080115c4   0x00000160   Code   RO         5476    i.DMX_AdressTask    panle_menutask.o
    0x08011724   0x08011724   0x000000bc   Code   RO         5477    i.DMX_AdressTaskInit  panle_menutask.o
    0x080117e0   0x080117e0   0x00000110   Code   RO         5478    i.DMX_ModeDisplay   panle_menutask.o
    0x080118f0   0x080118f0   0x00000314   Code   RO         5479    i.DMX_ModeTask      panle_menutask.o
    0x08011c04   0x08011c04   0x00000044   Code   RO         5480    i.DMX_ModeTaskInit  panle_menutask.o
    0x08011c48   0x08011c48   0x00000002   Code   RO          302    i.DebugMon_Handler  stm32f10x_it.o
    0x08011c4a   0x08011c4a   0x00000002   PAD
    0x08011c4c   0x08011c4c   0x000000bc   Code   RO         1624    i.Debug_init        debug.o
    0x08011d08   0x08011d08   0x00000038   Code   RO         1625    i.Debug_printf      debug.o
    0x08011d40   0x08011d40   0x00000048   Code   RO         5481    i.DefaultInit       panle_menutask.o
    0x08011d88   0x08011d88   0x000000dc   Code   RO         5482    i.DefaultTask       panle_menutask.o
    0x08011e64   0x08011e64   0x00000048   Code   RO         1522    i.Duty_10ms         scheduler.o
    0x08011eac   0x08011eac   0x00000058   Code   RO         1523    i.Duty_1ms          scheduler.o
    0x08011f04   0x08011f04   0x00000064   Code   RO         1524    i.Duty_20ms         scheduler.o
    0x08011f68   0x08011f68   0x0000004c   Code   RO         1525    i.Duty_2ms          scheduler.o
    0x08011fb4   0x08011fb4   0x00000084   Code   RO         1526    i.Duty_50ms         scheduler.o
    0x08012038   0x08012038   0x00000044   Code   RO         1527    i.Duty_5ms          scheduler.o
    0x0801207c   0x0801207c   0x00000080   Code   RO         1528    i.Duty_Loop         scheduler.o
    0x080120fc   0x080120fc   0x000000e8   Code   RO          615    i.EXFile_Browser    scene.o
    0x080121e4   0x080121e4   0x000000a4   Code   RO         1762    i.EXTI15_10_IRQHandler  ec11.o
    0x08012288   0x08012288   0x000000a0   Code   RO         1763    i.EXTI1_IRQHandler  ec11.o
    0x08012328   0x08012328   0x000000a0   Code   RO         1764    i.EXTI4_IRQHandler  ec11.o
    0x080123c8   0x080123c8   0x000000a8   Code   RO         1725    i.EXTI9_5_IRQHandler  dmx512.o
    0x08012470   0x08012470   0x00000094   Code   RO         2721    i.EXTI_Init         stm32f10x_exti.o
    0x08012504   0x08012504   0x00000014   Code   RO         5483    i.EnglishTaskInit   panle_menutask.o
    0x08012518   0x08012518   0x000000b4   Code   RO         5484    i.FAN_AUTO_TaskInit  panle_menutask.o
    0x080125cc   0x080125cc   0x000000c8   Code   RO         5485    i.FAN_DMX_TaskInit  panle_menutask.o
    0x08012694   0x08012694   0x00000098   Code   RO         5486    i.FAN_OFF_TaskInit  panle_menutask.o
    0x0801272c   0x0801272c   0x00000018   Code   RO         1831    i.FAN_OUT           ledpower.o
    0x08012744   0x08012744   0x00000084   Code   RO         1168    i.FindChild         menu.o
    0x080127c8   0x080127c8   0x000000bc   Code   RO         1169    i.FindLeft          menu.o
    0x08012884   0x08012884   0x00000068   Code   RO         1170    i.FindParent        menu.o
    0x080128ec   0x080128ec   0x000000b0   Code   RO         1171    i.FindRight         menu.o
    0x0801299c   0x0801299c   0x00000014   Code   RO         5487    i.FreshMenu         panle_menutask.o
    0x080129b0   0x080129b0   0x000002a0   Code   RO         5488    i.GELDisplay        panle_menutask.o
    0x08012c50   0x08012c50   0x00000048   Code   RO         5489    i.GELInitTask       panle_menutask.o
    0x08012c98   0x08012c98   0x000001a8   Code   RO         5490    i.GELTask           panle_menutask.o
    0x08012e40   0x08012e40   0x00000040   Code   RO         2946    i.GPIO_EXTILineConfig  stm32f10x_gpio.o
    0x08012e80   0x08012e80   0x00000116   Code   RO         2949    i.GPIO_Init         stm32f10x_gpio.o
    0x08012f96   0x08012f96   0x00000002   PAD
    0x08012f98   0x08012f98   0x00000090   Code   RO         2951    i.GPIO_PinRemapConfig  stm32f10x_gpio.o
    0x08013028   0x08013028   0x00000004   Code   RO         2956    i.GPIO_ResetBits    stm32f10x_gpio.o
    0x0801302c   0x0801302c   0x00000004   Code   RO         2957    i.GPIO_SetBits      stm32f10x_gpio.o
    0x08013030   0x08013030   0x00000164   Code   RO            1    i.GPIO_init         main.o
    0x08013194   0x08013194   0x00000080   Code   RO         5434    i.GUI_DisplayInit   panle_gui.o
    0x08013214   0x08013214   0x00000080   Code   RO         5435    i.GUI_DisplayTask   panle_gui.o
    0x08013294   0x08013294   0x00000034   Code   RO         1676    i.GetSysTime_us     delay.o
    0x080132c8   0x080132c8   0x0000008c   Code   RO         1594    i.Get_Temp          adc.o
    0x08013354   0x08013354   0x0000000a   Code   RO         5350    i.HCD_GetCurrentFrame  usb_hcd.o
    0x0801335e   0x0801335e   0x00000014   Code   RO         5351    i.HCD_GetCurrentSpeed  usb_hcd.o
    0x08013372   0x08013372   0x0000000a   Code   RO         5353    i.HCD_GetURB_State  usb_hcd.o
    0x0801337c   0x0801337c   0x0000000c   Code   RO         5354    i.HCD_GetXferCnt    usb_hcd.o
    0x08013388   0x08013388   0x00000060   Code   RO         5356    i.HCD_Init          usb_hcd.o
    0x080133e8   0x080133e8   0x00000008   Code   RO         5357    i.HCD_IsDeviceConnected  usb_hcd.o
    0x080133f0   0x080133f0   0x0000000e   Code   RO         5358    i.HCD_ResetPort     usb_hcd.o
    0x080133fe   0x080133fe   0x00000020   Code   RO         5359    i.HCD_SubmitRequest  usb_hcd.o
    0x0801341e   0x0801341e   0x00000002   PAD
    0x08013420   0x08013420   0x000001f8   Code   RO         5491    i.HSIDisplay        panle_menutask.o
    0x08013618   0x08013618   0x00000058   Code   RO         5492    i.HSIInitTask       panle_menutask.o
    0x08013670   0x08013670   0x000002ec   Code   RO         5493    i.HSITask           panle_menutask.o
    0x0801395c   0x0801395c   0x0000003c   Code   RO          418    i.HSIToCoordinate   color_light.o
    0x08013998   0x08013998   0x00000074   Code   RO          868    i.HSI_OUT           dmxprotocol.o
    0x08013a0c   0x08013a0c   0x0000015c   Code   RO          420    i.HSI_to_RGB        color_light.o
    0x08013b68   0x08013b68   0x00000004   Code   RO          303    i.HardFault_Handler  stm32f10x_it.o
    0x08013b6c   0x08013b6c   0x000000ac   Code   RO         1222    i.HeadDisplay       menu_handle.o
    0x08013c18   0x08013c18   0x00000008   Code   RO         2094    i.IWDG_Feed         wdg.o
    0x08013c20   0x08013c20   0x00000010   Code   RO         4299    i.IWDG_ReloadCounter  stm32f10x_iwdg.o
    0x08013c30   0x08013c30   0x00000054   Code   RO          616    i.ImportInit        scene.o
    0x08013c84   0x08013c84   0x00000314   Code   RO          617    i.ImportTask        scene.o
    0x08013f98   0x08013f98   0x00000120   Code   RO         5494    i.InfoTask          panle_menutask.o
    0x080140b8   0x080140b8   0x00000034   Code   RO         5495    i.InfoTaskInit      panle_menutask.o
    0x080140ec   0x080140ec   0x00000268   Code   RO         5436    i.InputTask         panle_gui.o
    0x08014354   0x08014354   0x0000005c   Code   RO         1626    i.IsCmd             debug.o
    0x080143b0   0x080143b0   0x00000204   Code   RO          421    i.IsSpecialPoint    color_light.o
    0x080145b4   0x080145b4   0x00000034   Code   RO         1400    i.LCD_Clear         st7735s.o
    0x080145e8   0x080145e8   0x000000aa   Code   RO         1403    i.LCD_Draw_Circle   st7735s.o
    0x08014692   0x08014692   0x0000001c   Code   RO         1404    i.LCD_Fast_DrawPoint  st7735s.o
    0x080146ae   0x080146ae   0x00000002   PAD
    0x080146b0   0x080146b0   0x00000054   Code   RO          948    i.LCD_Fill_Picture  graphical.o
    0x08014704   0x08014704   0x00000022   Code   RO         1407    i.LCD_Set_Display_Mode  st7735s.o
    0x08014726   0x08014726   0x00000014   Code   RO         1411    i.LCD_WR_DATA       st7735s.o
    0x0801473a   0x0801473a   0x00000002   PAD
    0x0801473c   0x0801473c   0x00000030   Code   RO         1412    i.LCD_WR_DATA8      st7735s.o
    0x0801476c   0x0801476c   0x0000002c   Code   RO         1413    i.LCD_WR_REG        st7735s.o
    0x08014798   0x08014798   0x00000064   Code   RO          869    i.LEDK_OUT          dmxprotocol.o
    0x080147fc   0x080147fc   0x00000074   Code   RO          422    i.LEDK_to_coordinate  color_light.o
    0x08014870   0x08014870   0x00000030   Code   RO         5437    i.LcdBackTask       panle_gui.o
    0x080148a0   0x080148a0   0x000001f4   Code   RO         1415    i.Lcd_Init          st7735s.o
    0x08014a94   0x08014a94   0x00000010   Code   RO         1832    i.LedDmxTask        ledpower.o
    0x08014aa4   0x08014aa4   0x00000014   Code   RO         1834    i.LedPowerOut       ledpower.o
    0x08014ab8   0x08014ab8   0x00000050   Code   RO         1835    i.LedkToCurrent     ledpower.o
    0x08014b08   0x08014b08   0x00000138   Code   RO          423    i.LightCCTOut       color_light.o
    0x08014c40   0x08014c40   0x0000004c   Code   RO          424    i.LightGELOut       color_light.o
    0x08014c8c   0x08014c8c   0x000000b8   Code   RO          425    i.LightRGBOut       color_light.o
    0x08014d44   0x08014d44   0x00000040   Code   RO         1891    i.LoadConfig        stmflash.o
    0x08014d84   0x08014d84   0x0000005c   Code   RO         1529    i.Loop_check        scheduler.o
    0x08014de0   0x08014de0   0x00000004   Code   RO          304    i.MemManage_Handler  stm32f10x_it.o
    0x08014de4   0x08014de4   0x00000002   Code   RO         1223    i.MenuBuf_free      menu_handle.o
    0x08014de6   0x08014de6   0x00000002   Code   RO         1224    i.MenuBuf_malloc    menu_handle.o
    0x08014de8   0x08014de8   0x000001b4   Code   RO         1225    i.MenuKeyTask       menu_handle.o
    0x08014f9c   0x08014f9c   0x0000032c   Code   RO         1226    i.MenuSelectDisplay  menu_handle.o
    0x080152c8   0x080152c8   0x00000012   Code   RO         1172    i.Menu_GetoptionNum  menu.o
    0x080152da   0x080152da   0x00000002   PAD
    0x080152dc   0x080152dc   0x0000000c   Code   RO         1228    i.Menu_back         menu_handle.o
    0x080152e8   0x080152e8   0x00000064   Code   RO         1229    i.Menu_init         menu_handle.o
    0x0801534c   0x0801534c   0x00000064   Code   RO         1765    i.MinToMaxSort      ec11.o
    0x080153b0   0x080153b0   0x00000238   Code   RO         1836    i.MixLightKToCurrent  ledpower.o
    0x080155e8   0x080155e8   0x00000118   Code   RO         5504    i.MonitorInit       panle_menutask.o
    0x08015700   0x08015700   0x00000110   Code   RO         5505    i.MonitorTask       panle_menutask.o
    0x08015810   0x08015810   0x00000002   Code   RO          305    i.NMI_Handler       stm32f10x_it.o
    0x08015812   0x08015812   0x00000002   PAD
    0x08015814   0x08015814   0x00000070   Code   RO         2253    i.NVIC_Init         misc.o
    0x08015884   0x08015884   0x00000014   Code   RO         2254    i.NVIC_PriorityGroupConfig  misc.o
    0x08015898   0x08015898   0x00000010   Code   RO         2114    i.OTG_FS_IRQHandler  usb_bsp.o
    0x080158a8   0x080158a8   0x000000bc   Code   RO         1295    i.OnLineSegment     mymath.o
    0x08015964   0x08015964   0x00000002   Code   RO          306    i.PendSV_Handler    stm32f10x_it.o
    0x08015966   0x08015966   0x00000066   Code   RO          949    i.Pictrue_printf    graphical.o
    0x080159cc   0x080159cc   0x000000b0   Code   RO          950    i.Picture_DrawBMP   graphical.o
    0x08015a7c   0x08015a7c   0x00000030   Code   RO          953    i.Picture_DrawPoint  graphical.o
    0x08015aac   0x08015aac   0x00000022   Code   RO          955    i.Picture_Fill      graphical.o
    0x08015ace   0x08015ace   0x00000048   Code   RO          957    i.Picture_FillRect  graphical.o
    0x08015b16   0x08015b16   0x00000002   PAD
    0x08015b18   0x08015b18   0x00000134   Code   RO          959    i.Picture_ShowChar  graphical.o
    0x08015c4c   0x08015c4c   0x00000134   Code   RO          960    i.Picture_ShowChinese  graphical.o
    0x08015d80   0x08015d80   0x00000110   Code   RO          962    i.Picture_ShowString  graphical.o
    0x08015e90   0x08015e90   0x0000009c   Code   RO          963    i.Picture_ShowStringInRectCenter  graphical.o
    0x08015f2c   0x08015f2c   0x000000e2   Code   RO          964    i.Picture_TranDispalyOnline  graphical.o
    0x0801600e   0x0801600e   0x00000002   PAD
    0x08016010   0x08016010   0x000001f0   Code   RO          618    i.PraseSceneFile    scene.o
    0x08016200   0x08016200   0x00000018   Code   RO         3117    i.RCC_ADCCLKConfig  stm32f10x_rcc.o
    0x08016218   0x08016218   0x00000020   Code   RO         3118    i.RCC_AHBPeriphClockCmd  stm32f10x_rcc.o
    0x08016238   0x08016238   0x00000020   Code   RO         3120    i.RCC_APB1PeriphClockCmd  stm32f10x_rcc.o
    0x08016258   0x08016258   0x00000020   Code   RO         3121    i.RCC_APB1PeriphResetCmd  stm32f10x_rcc.o
    0x08016278   0x08016278   0x00000020   Code   RO         3122    i.RCC_APB2PeriphClockCmd  stm32f10x_rcc.o
    0x08016298   0x08016298   0x00000020   Code   RO         3123    i.RCC_APB2PeriphResetCmd  stm32f10x_rcc.o
    0x080162b8   0x080162b8   0x00000190   Code   RO         3130    i.RCC_GetClocksFreq  stm32f10x_rcc.o
    0x08016448   0x08016448   0x0000000c   Code   RO         3143    i.RCC_OTGFSCLKConfig  stm32f10x_rcc.o
    0x08016454   0x08016454   0x00000194   Code   RO         5506    i.RGBDisplay        panle_menutask.o
    0x080165e8   0x080165e8   0x0000005c   Code   RO         5507    i.RGBInitTask       panle_menutask.o
    0x08016644   0x08016644   0x000003a4   Code   RO          427    i.RGBLA_to_coordinate  color_light.o
    0x080169e8   0x080169e8   0x000001f4   Code   RO         5508    i.RGBTask           panle_menutask.o
    0x08016bdc   0x08016bdc   0x00000228   Code   RO          429    i.RGB_to_coordinate  color_light.o
    0x08016e04   0x08016e04   0x00000074   Code   RO         2186    i.SPI3_ReadWriteByte  spi.o
    0x08016e78   0x08016e78   0x000000a8   Code   RO         2188    i.SPI3_init         spi.o
    0x08016f20   0x08016f20   0x00000088   Code   RO         2189    i.SPI3_send_same_half_word  spi.o
    0x08016fa8   0x08016fa8   0x00000088   Code   RO         2191    i.SPI3_write_half_words  spi.o
    0x08017030   0x08017030   0x00000018   Code   RO         3376    i.SPI_Cmd           stm32f10x_spi.o
    0x08017048   0x08017048   0x00000012   Code   RO         3384    i.SPI_I2S_GetFlagStatus  stm32f10x_spi.o
    0x0801705a   0x0801705a   0x00000004   Code   RO         3388    i.SPI_I2S_SendData  stm32f10x_spi.o
    0x0801705e   0x0801705e   0x0000003c   Code   RO         3389    i.SPI_Init          stm32f10x_spi.o
    0x0801709a   0x0801709a   0x00000002   PAD
    0x0801709c   0x0801709c   0x00000028   Code   RO         2192    i.SPI_SET_16        spi.o
    0x080170c4   0x080170c4   0x00000028   Code   RO         2193    i.SPI_SET_8         spi.o
    0x080170ec   0x080170ec   0x0000004c   Code   RO         1892    i.STMFLASH_ErasePage  stmflash.o
    0x08017138   0x08017138   0x0000002c   Code   RO         1893    i.STMFLASH_GetStatus  stmflash.o
    0x08017164   0x08017164   0x00000014   Code   RO         1894    i.STMFLASH_Lock     stmflash.o
    0x08017178   0x08017178   0x00000022   Code   RO         1895    i.STMFLASH_Read     stmflash.o
    0x0801719a   0x0801719a   0x00000006   Code   RO         1896    i.STMFLASH_ReadHalfWord  stmflash.o
    0x080171a0   0x080171a0   0x00000018   Code   RO         1897    i.STMFLASH_Unlock   stmflash.o
    0x080171b8   0x080171b8   0x0000002a   Code   RO         1898    i.STMFLASH_WaitDone  stmflash.o
    0x080171e2   0x080171e2   0x00000002   PAD
    0x080171e4   0x080171e4   0x000000e8   Code   RO         1899    i.STMFLASH_Write    stmflash.o
    0x080172cc   0x080172cc   0x00000040   Code   RO         1900    i.STMFLASH_WriteHalfWord  stmflash.o
    0x0801730c   0x0801730c   0x00000026   Code   RO         1901    i.STMFLASH_Write_NoCheck  stmflash.o
    0x08017332   0x08017332   0x00000002   Code   RO          307    i.SVC_Handler       stm32f10x_it.o
    0x08017334   0x08017334   0x00000024   Code   RO         1902    i.SaveConfig        stmflash.o
    0x08017358   0x08017358   0x0000001c   Code   RO         5509    i.SaveFanConfig     panle_menutask.o
    0x08017374   0x08017374   0x00000014   Code   RO         5511    i.SceneBack         panle_menutask.o
    0x08017388   0x08017388   0x0000003c   Code   RO          619    i.SceneBegain       scene.o
    0x080173c4   0x080173c4   0x0000010c   Code   RO          620    i.SceneDuty         scene.o
    0x080174d0   0x080174d0   0x000000f8   Code   RO         5512    i.SceneFlashInit    panle_menutask.o
    0x080175c8   0x080175c8   0x00000304   Code   RO         5513    i.SceneFlashTask    panle_menutask.o
    0x080178cc   0x080178cc   0x000001b4   Code   RO         5514    i.SceneSOSInit      panle_menutask.o
    0x08017a80   0x08017a80   0x00000308   Code   RO         5515    i.SceneSOSTask      panle_menutask.o
    0x08017d88   0x08017d88   0x00000010   Code   RO         2014    i.SceneSetframeTim  timer.o
    0x08017d98   0x08017d98   0x000000dc   Code   RO         5516    i.SceneStormInit    panle_menutask.o
    0x08017e74   0x08017e74   0x0000006c   Code   RO         5517    i.SceneStormTask    panle_menutask.o
    0x08017ee0   0x08017ee0   0x00000010   Code   RO         2015    i.SceneTimDisable   timer.o
    0x08017ef0   0x08017ef0   0x00000010   Code   RO         2016    i.SceneTimEnable    timer.o
    0x08017f00   0x08017f00   0x0000005c   Code   RO         2017    i.SceneTimerInit    timer.o
    0x08017f5c   0x08017f5c   0x00000238   Code   RO          622    i.SelectBar         scene.o
    0x08018194   0x08018194   0x00000008   Code   RO          358    i.SetSysClock       system_stm32f10x.o
    0x0801819c   0x0801819c   0x00000118   Code   RO          359    i.SetSysClockTo72   system_stm32f10x.o
    0x080182b4   0x080182b4   0x0000001c   Code   RO         1766    i.SlideFilter       ec11.o
    0x080182d0   0x080182d0   0x00000036   Code   RO          623    i.StringHEXToUshort  scene.o
    0x08018306   0x08018306   0x00000028   Code   RO         2257    i.SysTick_CLKSourceConfig  misc.o
    0x0801832e   0x0801832e   0x00000002   PAD
    0x08018330   0x08018330   0x00000070   Code   RO         1677    i.SysTick_Configuration  delay.o
    0x080183a0   0x080183a0   0x00000018   Code   RO         1678    i.SysTick_Handler   delay.o
    0x080183b8   0x080183b8   0x00000010   Code   RO         1981    i.Sys_Soft_Reset    sys.o
    0x080183c8   0x080183c8   0x0000006c   Code   RO          361    i.SystemInit        system_stm32f10x.o
    0x08018434   0x08018434   0x00000038   Code   RO         2115    i.TIM2_IRQHandler   usb_bsp.o
    0x0801846c   0x0801846c   0x00000028   Code   RO          624    i.TIM4_IRQHandler   scene.o
    0x08018494   0x08018494   0x00000028   Code   RO         1767    i.TIM5_IRQHandler   ec11.o
    0x080184bc   0x080184bc   0x00000028   Code   RO         1726    i.TIM6_IRQHandler   dmx512.o
    0x080184e4   0x080184e4   0x00000020   Code   RO         2018    i.TIM7_IRQHandler   timer.o
    0x08018504   0x08018504   0x00000018   Code   RO         3519    i.TIM_ARRPreloadConfig  stm32f10x_tim.o
    0x0801851c   0x0801851c   0x00000006   Code   RO         3526    i.TIM_ClearITPendingBit  stm32f10x_tim.o
    0x08018522   0x08018522   0x00000018   Code   RO         3531    i.TIM_Cmd           stm32f10x_tim.o
    0x0801853a   0x0801853a   0x00000022   Code   RO         3552    i.TIM_GetITStatus   stm32f10x_tim.o
    0x0801855c   0x0801855c   0x00000012   Code   RO         3556    i.TIM_ITConfig      stm32f10x_tim.o
    0x0801856e   0x0801856e   0x00000002   PAD
    0x08018570   0x08018570   0x000000a4   Code   RO         3602    i.TIM_TimeBaseInit  stm32f10x_tim.o
    0x08018614   0x08018614   0x000000a0   Code   RO          430    i.TowLED_to_coordinate  color_light.o
    0x080186b4   0x080186b4   0x00000060   Code   RO         1627    i.UART4_IRQHandler  debug.o
    0x08018714   0x08018714   0x00000058   Code   RO         2062    i.USART2_IRQHandler  uart3.o
    0x0801876c   0x0801876c   0x0000009c   Code   RO         1727    i.USART3_IRQHandler  dmx512.o
    0x08018808   0x08018808   0x00000018   Code   RO         4067    i.USART_Cmd         stm32f10x_usart.o
    0x08018820   0x08018820   0x0000001a   Code   RO         4070    i.USART_GetFlagStatus  stm32f10x_usart.o
    0x0801883a   0x0801883a   0x00000054   Code   RO         4071    i.USART_GetITStatus  stm32f10x_usart.o
    0x0801888e   0x0801888e   0x0000004a   Code   RO         4073    i.USART_ITConfig    stm32f10x_usart.o
    0x080188d8   0x080188d8   0x000000d8   Code   RO         4074    i.USART_Init        stm32f10x_usart.o
    0x080189b0   0x080189b0   0x0000000a   Code   RO         4081    i.USART_ReceiveData  stm32f10x_usart.o
    0x080189ba   0x080189ba   0x00000026   Code   RO         4906    i.USBH_Alloc_Channel  usbh_hcs.o
    0x080189e0   0x080189e0   0x00000060   Code   RO         4947    i.USBH_BulkReceiveData  usbh_ioreq.o
    0x08018a40   0x08018a40   0x0000005e   Code   RO         4948    i.USBH_BulkSendData  usbh_ioreq.o
    0x08018a9e   0x08018a9e   0x0000004c   Code   RO         5018    i.USBH_ClrFeature   usbh_stdreq.o
    0x08018aea   0x08018aea   0x0000000c   Code   RO         4841    i.USBH_Connected    usbh_core.o
    0x08018af6   0x08018af6   0x00000046   Code   RO         4949    i.USBH_CtlReceiveData  usbh_ioreq.o
    0x08018b3c   0x08018b3c   0x00000064   Code   RO         4950    i.USBH_CtlReq       usbh_ioreq.o
    0x08018ba0   0x08018ba0   0x0000006e   Code   RO         4951    i.USBH_CtlSendData  usbh_ioreq.o
    0x08018c0e   0x08018c0e   0x00000042   Code   RO         4952    i.USBH_CtlSendSetup  usbh_ioreq.o
    0x08018c50   0x08018c50   0x0000001c   Code   RO         4907    i.USBH_DeAllocate_AllChannel  usbh_hcs.o
    0x08018c6c   0x08018c6c   0x0000003a   Code   RO         4842    i.USBH_DeInit       usbh_core.o
    0x08018ca6   0x08018ca6   0x0000000c   Code   RO         4843    i.USBH_Disconnected  usbh_core.o
    0x08018cb2   0x08018cb2   0x0000002e   Code   RO         4844    i.USBH_ErrorHandle  usbh_core.o
    0x08018ce0   0x08018ce0   0x0000001e   Code   RO         4908    i.USBH_Free_Channel  usbh_hcs.o
    0x08018cfe   0x08018cfe   0x00000044   Code   RO         5019    i.USBH_GetDescriptor  usbh_stdreq.o
    0x08018d42   0x08018d42   0x00000028   Code   RO         4909    i.USBH_GetFreeChannel  usbh_hcs.o
    0x08018d6a   0x08018d6a   0x00000012   Code   RO         5020    i.USBH_GetNextDesc  usbh_stdreq.o
    0x08018d7c   0x08018d7c   0x0000005c   Code   RO         5021    i.USBH_Get_CfgDesc  usbh_stdreq.o
    0x08018dd8   0x08018dd8   0x00000038   Code   RO         5022    i.USBH_Get_DevDesc  usbh_stdreq.o
    0x08018e10   0x08018e10   0x0000003c   Code   RO         5023    i.USBH_Get_StringDesc  usbh_stdreq.o
    0x08018e4c   0x08018e4c   0x00000224   Code   RO         4845    i.USBH_HandleControl  usbh_core.o
    0x08019070   0x08019070   0x000001dc   Code   RO         4846    i.USBH_HandleEnum   usbh_core.o
    0x0801924c   0x0801924c   0x00000044   Code   RO         4847    i.USBH_Init         usbh_core.o
    0x08019290   0x08019290   0x00000024   Code   RO         4704    i.USBH_MSC_BOTReset  usbh_msc_core.o
    0x080192b4   0x080192b4   0x00000060   Code   RO         4663    i.USBH_MSC_BOT_Abort  usbh_msc_bot.o
    0x08019314   0x08019314   0x00000014   Code   RO         4705    i.USBH_MSC_ClassRequest  usbh_msc_core.o
    0x08019328   0x08019328   0x00000080   Code   RO         4664    i.USBH_MSC_DecodeCSW  usbh_msc_bot.o
    0x080193a8   0x080193a8   0x00000044   Code   RO         4706    i.USBH_MSC_ErrorHandle  usbh_msc_core.o
    0x080193ec   0x080193ec   0x0000002c   Code   RO         4707    i.USBH_MSC_GETMaxLUN  usbh_msc_core.o
    0x08019418   0x08019418   0x000001a8   Code   RO         4708    i.USBH_MSC_Handle   usbh_msc_core.o
    0x080195c0   0x080195c0   0x00000350   Code   RO         4665    i.USBH_MSC_HandleBOTXfer  usbh_msc_bot.o
    0x08019910   0x08019910   0x00000044   Code   RO         4666    i.USBH_MSC_Init     usbh_msc_bot.o
    0x08019954   0x08019954   0x0000004c   Code   RO         4709    i.USBH_MSC_InterfaceDeInit  usbh_msc_core.o
    0x080199a0   0x080199a0   0x000000d0   Code   RO         4710    i.USBH_MSC_InterfaceInit  usbh_msc_core.o
    0x08019a70   0x08019a70   0x000000d0   Code   RO         4792    i.USBH_MSC_ModeSense6  usbh_msc_scsi.o
    0x08019b40   0x08019b40   0x00000100   Code   RO         4793    i.USBH_MSC_Read10   usbh_msc_scsi.o
    0x08019c40   0x08019c40   0x000000dc   Code   RO         4794    i.USBH_MSC_ReadCapacity10  usbh_msc_scsi.o
    0x08019d1c   0x08019d1c   0x000000e0   Code   RO         4795    i.USBH_MSC_RequestSense  usbh_msc_scsi.o
    0x08019dfc   0x08019dfc   0x000000b0   Code   RO         4796    i.USBH_MSC_TestUnitReady  usbh_msc_scsi.o
    0x08019eac   0x08019eac   0x000000e4   Code   RO         4797    i.USBH_MSC_Write10  usbh_msc_scsi.o
    0x08019f90   0x08019f90   0x00000064   Code   RO         4910    i.USBH_Modify_Channel  usbh_hcs.o
    0x08019ff4   0x08019ff4   0x000000a8   Code   RO         5288    i.USBH_OTG_ISR_Handler  usb_hcd_int.o
    0x0801a09c   0x0801a09c   0x0000009a   Code   RO         4911    i.USBH_Open_Channel  usbh_hcs.o
    0x0801a136   0x0801a136   0x00000002   PAD
    0x0801a138   0x0801a138   0x0000011c   Code   RO         5024    i.USBH_ParseCfgDesc  usbh_stdreq.o
    0x0801a254   0x0801a254   0x00000058   Code   RO         5025    i.USBH_ParseDevDesc  usbh_stdreq.o
    0x0801a2ac   0x0801a2ac   0x00000020   Code   RO         5026    i.USBH_ParseEPDesc  usbh_stdreq.o
    0x0801a2cc   0x0801a2cc   0x00000026   Code   RO         5027    i.USBH_ParseInterfaceDesc  usbh_stdreq.o
    0x0801a2f2   0x0801a2f2   0x00000036   Code   RO         5028    i.USBH_ParseStringDesc  usbh_stdreq.o
    0x0801a328   0x0801a328   0x00000198   Code   RO         4848    i.USBH_Process      usbh_core.o
    0x0801a4c0   0x0801a4c0   0x00000006   Code   RO         4849    i.USBH_SOF          usbh_core.o
    0x0801a4c6   0x0801a4c6   0x00000026   Code   RO         5029    i.USBH_SetAddress   usbh_stdreq.o
    0x0801a4ec   0x0801a4ec   0x00000026   Code   RO         5030    i.USBH_SetCfg       usbh_stdreq.o
    0x0801a512   0x0801a512   0x00000018   Code   RO         4957    i.USBH_SubmitSetupRequest  usbh_ioreq.o
    0x0801a52a   0x0801a52a   0x00000002   PAD
    0x0801a52c   0x0801a52c   0x00000038   Code   RO          703    i.USBH_USR_Configuration_DescAvailable  usbh_usr.o
    0x0801a564   0x0801a564   0x00000002   Code   RO          704    i.USBH_USR_DeInit   usbh_usr.o
    0x0801a566   0x0801a566   0x00000002   Code   RO          705    i.USBH_USR_DeviceAddressAssigned  usbh_usr.o
    0x0801a568   0x0801a568   0x00000010   Code   RO          706    i.USBH_USR_DeviceAttached  usbh_usr.o
    0x0801a578   0x0801a578   0x0000001c   Code   RO          707    i.USBH_USR_DeviceDisconnected  usbh_usr.o
    0x0801a594   0x0801a594   0x00000028   Code   RO          708    i.USBH_USR_DeviceNotSupported  usbh_usr.o
    0x0801a5bc   0x0801a5bc   0x00000040   Code   RO          709    i.USBH_USR_DeviceSpeedDetected  usbh_usr.o
    0x0801a5fc   0x0801a5fc   0x00000038   Code   RO          710    i.USBH_USR_Device_DescAvailable  usbh_usr.o
    0x0801a634   0x0801a634   0x0000004c   Code   RO          711    i.USBH_USR_EnumerationDone  usbh_usr.o
    0x0801a680   0x0801a680   0x00000044   Code   RO          712    i.USBH_USR_Init     usbh_usr.o
    0x0801a6c4   0x0801a6c4   0x00000188   Code   RO          713    i.USBH_USR_MSC_Application  usbh_usr.o
    0x0801a84c   0x0801a84c   0x00000024   Code   RO          714    i.USBH_USR_Manufacturer_String  usbh_usr.o
    0x0801a870   0x0801a870   0x00000024   Code   RO          715    i.USBH_USR_OverCurrentDetected  usbh_usr.o
    0x0801a894   0x0801a894   0x00000020   Code   RO          716    i.USBH_USR_Product_String  usbh_usr.o
    0x0801a8b4   0x0801a8b4   0x00000002   Code   RO          717    i.USBH_USR_ResetDevice  usbh_usr.o
    0x0801a8b6   0x0801a8b6   0x00000002   PAD
    0x0801a8b8   0x0801a8b8   0x00000028   Code   RO          718    i.USBH_USR_SerialNum_String  usbh_usr.o
    0x0801a8e0   0x0801a8e0   0x00000010   Code   RO          719    i.USBH_USR_UnrecoveredError  usbh_usr.o
    0x0801a8f0   0x0801a8f0   0x00000006   Code   RO          720    i.USBH_USR_UserInput  usbh_usr.o
    0x0801a8f6   0x0801a8f6   0x00000002   PAD
    0x0801a8f8   0x0801a8f8   0x00000040   Code   RO         2116    i.USB_OTG_BSP_ConfigVBUS  usb_bsp.o
    0x0801a938   0x0801a938   0x00000024   Code   RO         2117    i.USB_OTG_BSP_DriveVBUS  usb_bsp.o
    0x0801a95c   0x0801a95c   0x0000002c   Code   RO         2118    i.USB_OTG_BSP_EnableInterrupt  usb_bsp.o
    0x0801a988   0x0801a988   0x00000018   Code   RO         2119    i.USB_OTG_BSP_Init  usb_bsp.o
    0x0801a9a0   0x0801a9a0   0x0000002e   Code   RO         2120    i.USB_OTG_BSP_TimeInit  usb_bsp.o
    0x0801a9ce   0x0801a9ce   0x0000000e   Code   RO         2121    i.USB_OTG_BSP_mDelay  usb_bsp.o
    0x0801a9dc   0x0801a9dc   0x0000000e   Code   RO         2122    i.USB_OTG_BSP_uDelay  usb_bsp.o
    0x0801a9ea   0x0801a9ea   0x00000126   Code   RO         5110    i.USB_OTG_CoreInit  usb_core.o
    0x0801ab10   0x0801ab10   0x000000d6   Code   RO         5111    i.USB_OTG_CoreInitHost  usb_core.o
    0x0801abe6   0x0801abe6   0x00000002   PAD
    0x0801abe8   0x0801abe8   0x00000070   Code   RO         5112    i.USB_OTG_CoreReset  usb_core.o
    0x0801ac58   0x0801ac58   0x00000022   Code   RO         5113    i.USB_OTG_DisableGlobalInt  usb_core.o
    0x0801ac7a   0x0801ac7a   0x0000005c   Code   RO         5114    i.USB_OTG_DriveVbus  usb_core.o
    0x0801acd6   0x0801acd6   0x00000034   Code   RO         5115    i.USB_OTG_EnableCommonInt  usb_core.o
    0x0801ad0a   0x0801ad0a   0x00000022   Code   RO         5116    i.USB_OTG_EnableGlobalInt  usb_core.o
    0x0801ad2c   0x0801ad2c   0x00000074   Code   RO         5117    i.USB_OTG_EnableHostInt  usb_core.o
    0x0801ada0   0x0801ada0   0x0000004c   Code   RO         5118    i.USB_OTG_FlushRxFifo  usb_core.o
    0x0801adec   0x0801adec   0x00000054   Code   RO         5119    i.USB_OTG_FlushTxFifo  usb_core.o
    0x0801ae40   0x0801ae40   0x0000000c   Code   RO         5120    i.USB_OTG_GetMode   usb_core.o
    0x0801ae4c   0x0801ae4c   0x0000005a   Code   RO         5121    i.USB_OTG_HC_DoPing  usb_core.o
    0x0801aea6   0x0801aea6   0x00000082   Code   RO         5122    i.USB_OTG_HC_Halt   usb_core.o
    0x0801af28   0x0801af28   0x00000238   Code   RO         5123    i.USB_OTG_HC_Init   usb_core.o
    0x0801b160   0x0801b160   0x000001f6   Code   RO         5124    i.USB_OTG_HC_StartXfer  usb_core.o
    0x0801b356   0x0801b356   0x00000018   Code   RO         5125    i.USB_OTG_InitFSLSPClkSel  usb_core.o
    0x0801b36e   0x0801b36e   0x00000010   Code   RO         5127    i.USB_OTG_IsEvenFrame  usb_core.o
    0x0801b37e   0x0801b37e   0x00000014   Code   RO         5128    i.USB_OTG_IsHostMode  usb_core.o
    0x0801b392   0x0801b392   0x00000010   Code   RO         5129    i.USB_OTG_ReadCoreItr  usb_core.o
    0x0801b3a2   0x0801b3a2   0x00000030   Code   RO         5130    i.USB_OTG_ReadHPRT0  usb_core.o
    0x0801b3d2   0x0801b3d2   0x00000008   Code   RO         5131    i.USB_OTG_ReadHostAllChannels_intr  usb_core.o
    0x0801b3da   0x0801b3da   0x00000028   Code   RO         5133    i.USB_OTG_ReadPacket  usb_core.o
    0x0801b402   0x0801b402   0x00000040   Code   RO         5134    i.USB_OTG_ResetPort  usb_core.o
    0x0801b442   0x0801b442   0x00000002   PAD
    0x0801b444   0x0801b444   0x000000d0   Code   RO         5135    i.USB_OTG_SelectCore  usb_core.o
    0x0801b514   0x0801b514   0x0000004e   Code   RO         5136    i.USB_OTG_SetCurrentMode  usb_core.o
    0x0801b562   0x0801b562   0x00000002   PAD
    0x0801b564   0x0801b564   0x0000002c   Code   RO         5289    i.USB_OTG_USBH_handle_Disconnect_ISR  usb_hcd_int.o
    0x0801b590   0x0801b590   0x00000046   Code   RO         5290    i.USB_OTG_USBH_handle_IncompletePeriodicXfer_ISR  usb_hcd_int.o
    0x0801b5d6   0x0801b5d6   0x00000056   Code   RO         5291    i.USB_OTG_USBH_handle_hc_ISR  usb_hcd_int.o
    0x0801b62c   0x0801b62c   0x0000042a   Code   RO         5292    i.USB_OTG_USBH_handle_hc_n_In_ISR  usb_hcd_int.o
    0x0801ba56   0x0801ba56   0x000003d0   Code   RO         5293    i.USB_OTG_USBH_handle_hc_n_Out_ISR  usb_hcd_int.o
    0x0801be26   0x0801be26   0x0000012e   Code   RO         5294    i.USB_OTG_USBH_handle_nptxfempty_ISR  usb_hcd_int.o
    0x0801bf54   0x0801bf54   0x00000120   Code   RO         5295    i.USB_OTG_USBH_handle_port_ISR  usb_hcd_int.o
    0x0801c074   0x0801c074   0x0000012e   Code   RO         5296    i.USB_OTG_USBH_handle_ptxfempty_ISR  usb_hcd_int.o
    0x0801c1a2   0x0801c1a2   0x00000164   Code   RO         5297    i.USB_OTG_USBH_handle_rx_qlvl_ISR  usb_hcd_int.o
    0x0801c306   0x0801c306   0x00000002   PAD
    0x0801c308   0x0801c308   0x0000002c   Code   RO         5298    i.USB_OTG_USBH_handle_sof_ISR  usb_hcd_int.o
    0x0801c334   0x0801c334   0x00000040   Code   RO         5138    i.USB_OTG_WritePacket  usb_core.o
    0x0801c374   0x0801c374   0x00000004   Code   RO          308    i.UsageFault_Handler  stm32f10x_it.o
    0x0801c378   0x0801c378   0x00000028   Code   RO         6248    i.__ARM_fpclassify  m_ws.l(fpclassify.o)
    0x0801c3a0   0x0801c3a0   0x00000388   Code   RO         6253    i.__ieee754_rem_pio2  m_ws.l(rred.o)
    0x0801c728   0x0801c728   0x000000fc   Code   RO         6231    i.__kernel_cos      m_ws.l(cos_i.o)
    0x0801c824   0x0801c824   0x000000aa   Code   RO         6250    i.__kernel_poly     m_ws.l(poly.o)
    0x0801c8ce   0x0801c8ce   0x00000002   PAD
    0x0801c8d0   0x0801c8d0   0x000000ec   Code   RO         6258    i.__kernel_sin      m_ws.l(sin_i.o)
    0x0801c9bc   0x0801c9bc   0x00000010   Code   RO         6234    i.__mathlib_dbl_divzero  m_ws.l(dunder.o)
    0x0801c9cc   0x0801c9cc   0x00000006   Code   RO         6235    i.__mathlib_dbl_infnan  m_ws.l(dunder.o)
    0x0801c9d2   0x0801c9d2   0x00000004   Code   RO         6236    i.__mathlib_dbl_infnan2  m_ws.l(dunder.o)
    0x0801c9d6   0x0801c9d6   0x0000000c   Code   RO         6237    i.__mathlib_dbl_invalid  m_ws.l(dunder.o)
    0x0801c9e2   0x0801c9e2   0x0000000e   Code   RO         6238    i.__mathlib_dbl_overflow  m_ws.l(dunder.o)
    0x0801c9f0   0x0801c9f0   0x00000010   Code   RO         6240    i.__mathlib_dbl_underflow  m_ws.l(dunder.o)
    0x0801ca00   0x0801ca00   0x00000010   Code   RO         6447    i.__mathlib_narrow  m_ws.l(narrow.o)
    0x0801ca10   0x0801ca10   0x000000bc   Code   RO         6448    i.__mathlib_tofloat  m_ws.l(narrow.o)
    0x0801cacc   0x0801cacc   0x00000016   Code   RO         6494    i.__support_ldexp   m_ws.l(ldexp.o)
    0x0801cae2   0x0801cae2   0x0000000e   Code   RO         5918    i._is_digit         c_w.l(__printf_wp.o)
    0x0801caf0   0x0801caf0   0x0000002a   Code   RO         6023    i.atof              m_ws.l(atof.o)
    0x0801cb1a   0x0801cb1a   0x00000002   PAD
    0x0801cb1c   0x0801cb1c   0x00000074   Code   RO          625    i.brower_scene_file  scene.o
    0x0801cb90   0x0801cb90   0x00000090   Code   RO         4339    i.check_fs          ff.o
    0x0801cc20   0x0801cc20   0x00000014   Code   RO         4340    i.chk_chr           ff.o
    0x0801cc34   0x0801cc34   0x000002e8   Code   RO         4341    i.chk_mounted       ff.o
    0x0801cf1c   0x0801cf1c   0x0000001a   Code   RO         4342    i.clust2sect        ff.o
    0x0801cf36   0x0801cf36   0x00000002   PAD
    0x0801cf38   0x0801cf38   0x00000090   Code   RO         4343    i.cmp_lfn           ff.o
    0x0801cfc8   0x0801cfc8   0x00000018   Code   RO          433    i.color_light_init  color_light.o
    0x0801cfe0   0x0801cfe0   0x00000784   Code   RO          436    i.coordinate_to_RGBWWCW  color_light.o
    0x0801d764   0x0801d764   0x0000009c   Code   RO         6027    i.cos               m_ws.l(cos.o)
    0x0801d800   0x0801d800   0x000000b6   Code   RO         4344    i.create_chain      ff.o
    0x0801d8b6   0x0801d8b6   0x00000002   PAD
    0x0801d8b8   0x0801d8b8   0x00000218   Code   RO         4345    i.create_name       ff.o
    0x0801dad0   0x0801dad0   0x00000028   Code   RO         1628    i.debug_send_str    debug.o
    0x0801daf8   0x0801daf8   0x00000018   Code   RO         1679    i.delay_ms          delay.o
    0x0801db10   0x0801db10   0x00000018   Code   RO         1680    i.delay_us          delay.o
    0x0801db28   0x0801db28   0x000000de   Code   RO         4346    i.dir_find          ff.o
    0x0801dc06   0x0801dc06   0x00000116   Code   RO         4347    i.dir_next          ff.o
    0x0801dd1c   0x0801dd1c   0x000000be   Code   RO         4348    i.dir_read          ff.o
    0x0801ddda   0x0801ddda   0x0000018c   Code   RO         4349    i.dir_register      ff.o
    0x0801df66   0x0801df66   0x0000009c   Code   RO         4351    i.dir_seek          ff.o
    0x0801e002   0x0801e002   0x00000002   PAD
    0x0801e004   0x0801e004   0x00000028   Code   RO         4753    i.disk_initialize   usbh_msc_fatfs.o
    0x0801e02c   0x0801e02c   0x00000060   Code   RO         4754    i.disk_ioctl        usbh_msc_fatfs.o
    0x0801e08c   0x0801e08c   0x0000006c   Code   RO         4755    i.disk_read         usbh_msc_fatfs.o
    0x0801e0f8   0x0801e0f8   0x00000014   Code   RO         4756    i.disk_status       usbh_msc_fatfs.o
    0x0801e10c   0x0801e10c   0x0000007c   Code   RO         4757    i.disk_write        usbh_msc_fatfs.o
    0x0801e188   0x0801e188   0x00000198   Code   RO         1728    i.dmx512_init       dmx512.o
    0x0801e320   0x0801e320   0x00000128   Code   RO         1768    i.ec11_init         ec11.o
    0x0801e448   0x0801e448   0x00000016   Code   RO         4353    i.f_close           ff.o
    0x0801e45e   0x0801e45e   0x000001c0   Code   RO         4356    i.f_lseek           ff.o
    0x0801e61e   0x0801e61e   0x00000002   PAD
    0x0801e620   0x0801e620   0x0000002c   Code   RO         4359    i.f_mount           ff.o
    0x0801e64c   0x0801e64c   0x00000192   Code   RO         4360    i.f_open            ff.o
    0x0801e7de   0x0801e7de   0x0000006c   Code   RO         4361    i.f_opendir         ff.o
    0x0801e84a   0x0801e84a   0x000001d2   Code   RO         4365    i.f_read            ff.o
    0x0801ea1c   0x0801ea1c   0x00000060   Code   RO         4366    i.f_readdir         ff.o
    0x0801ea7c   0x0801ea7c   0x00000058   Code   RO          626    i.f_readline        scene.o
    0x0801ead4   0x0801ead4   0x000000b8   Code   RO         4369    i.f_sync            ff.o
    0x0801eb8c   0x0801eb8c   0x0000004c   Code   RO         4643    i.ff_convert        ccsbcs.o
    0x0801ebd8   0x0801ebd8   0x00000038   Code   RO         4644    i.ff_wtoupper       ccsbcs.o
    0x0801ec10   0x0801ec10   0x00000224   Code   RO         5518    i.firmware_update   panle_menutask.o
    0x0801ee34   0x0801ee34   0x00000020   Code   RO         5519    i.firmware_update_Enter  panle_menutask.o
    0x0801ee54   0x0801ee54   0x00000034   Code   RO         5520    i.firmware_update_init  panle_menutask.o
    0x0801ee88   0x0801ee88   0x00000058   Code   RO         1299    i.fit               mymath.o
    0x0801eee0   0x0801eee0   0x00000080   Code   RO         4374    i.fit_lfn           ff.o
    0x0801ef60   0x0801ef60   0x0000009a   Code   RO         4375    i.follow_path       ff.o
    0x0801effa   0x0801effa   0x00000002   PAD
    0x0801effc   0x0801effc   0x00000058   Code   RO         6469    i.frexp             m_ws.l(frexp.o)
    0x0801f054   0x0801f054   0x00000090   Code   RO         4376    i.gen_numname       ff.o
    0x0801f0e4   0x0801f0e4   0x00000112   Code   RO         4377    i.get_fat           ff.o
    0x0801f1f6   0x0801f1f6   0x00000004   Code   RO         4628    i.get_fattime       fattime.o
    0x0801f1fa   0x0801f1fa   0x00000124   Code   RO         4378    i.get_fileinfo      ff.o
    0x0801f31e   0x0801f31e   0x0000009a   Code   RO          870    i.get_offset_16bit  dmxprotocol.o
    0x0801f3b8   0x0801f3b8   0x00000050   Code   RO          871    i.get_offset_8bit   dmxprotocol.o
    0x0801f408   0x0801f408   0x000000d4   Code   RO         1079    i.key_service       key.o
    0x0801f4dc   0x0801f4dc   0x00000074   Code   RO         6495    i.ldexp             m_ws.l(ldexp.o)
    0x0801f550   0x0801f550   0x0000035c   Code   RO         6035    i.log               m_ws.l(log.o)
    0x0801f8ac   0x0801f8ac   0x00000100   Code   RO            2    i.main              main.o
    0x0801f9ac   0x0801f9ac   0x00000026   Code   RO         4379    i.mem_cmp           ff.o
    0x0801f9d2   0x0801f9d2   0x0000001a   Code   RO         4380    i.mem_cpy           ff.o
    0x0801f9ec   0x0801f9ec   0x00000014   Code   RO         4381    i.mem_set           ff.o
    0x0801fa00   0x0801fa00   0x00000072   Code   RO         4382    i.move_window       ff.o
    0x0801fa72   0x0801fa72   0x00000002   PAD
    0x0801fa74   0x0801fa74   0x00000044   Code   RO         1098    i.my_mem_init       malloc.o
    0x0801fab8   0x0801fab8   0x00000040   Code   RO         1100    i.my_mem_perused    malloc.o
    0x0801faf8   0x0801faf8   0x00000014   Code   RO         1104    i.mymemset          malloc.o
    0x0801fb0c   0x0801fb0c   0x00000034   Code   RO            3    i.param_init        main.o
    0x0801fb40   0x0801fb40   0x00000074   Code   RO         4383    i.pick_lfn          ff.o
    0x0801fbb4   0x0801fbb4   0x00000058   Code   RO         5521    i.point_out         panle_menutask.o
    0x0801fc0c   0x0801fc0c   0x000009d8   Code   RO         6045    i.pow               m_ws.l(pow.o)
    0x080205e4   0x080205e4   0x00000146   Code   RO         4384    i.put_fat           ff.o
    0x0802072a   0x0802072a   0x00000002   PAD
    0x0802072c   0x0802072c   0x00000038   Code   RO          872    i.receiving_dmx_data  dmxprotocol.o
    0x08020764   0x08020764   0x00000138   Code   RO         1770    i.refresh_seepd     ec11.o
    0x0802089c   0x0802089c   0x00000068   Code   RO         4385    i.remove_chain      ff.o
    0x08020904   0x08020904   0x0000004c   Code   RO         6265    i.sqrt              m_ws.l(sqrt.o)
    0x08020950   0x08020950   0x00000020   Code   RO         4386    i.sum_sfn           ff.o
    0x08020970   0x08020970   0x000000ca   Code   RO         4387    i.sync              ff.o
    0x08020a3a   0x08020a3a   0x00000002   PAD
    0x08020a3c   0x08020a3c   0x00000060   Code   RO         2019    i.timer4_init       timer.o
    0x08020a9c   0x08020a9c   0x00000060   Code   RO         2063    i.uart3_dma_send    uart3.o
    0x08020afc   0x08020afc   0x00000148   Code   RO         2064    i.uart3_init        uart3.o
    0x08020c44   0x08020c44   0x00000130   Code   RO         1629    i.uart_duty         debug.o
    0x08020d74   0x08020d74   0x0000006c   Code   RO         1630    i.uart_resiver      debug.o
    0x08020de0   0x08020de0   0x0000002a   Code   RO         4388    i.validate          ff.o
    0x08020e0a   0x08020e0a   0x00000002   PAD
    0x08020e0c   0x08020e0c   0x0000002c   Code   RO         6352    locale$$code        c_w.l(lc_numeric_c.o)
    0x08020e38   0x08020e38   0x0000002c   Code   RO         6387    locale$$code        c_w.l(lc_ctype_c.o)
    0x08020e64   0x08020e64   0x00000062   Code   RO         5954    x$fpl$d2f           fz_ws.l(d2f.o)
    0x08020ec6   0x08020ec6   0x00000002   PAD
    0x08020ec8   0x08020ec8   0x00000150   Code   RO         5956    x$fpl$dadd          fz_ws.l(daddsub_clz.o)
    0x08021018   0x08021018   0x00000010   Code   RO         6363    x$fpl$dcheck1       fz_ws.l(dcheck1.o)
    0x08021028   0x08021028   0x00000018   Code   RO         6208    x$fpl$dcmpinf       fz_ws.l(dcmpi.o)
    0x08021040   0x08021040   0x000002b0   Code   RO         5963    x$fpl$ddiv          fz_ws.l(ddiv.o)
    0x080212f0   0x080212f0   0x00000078   Code   RO         6210    x$fpl$deqf          fz_ws.l(deqf.o)
    0x08021368   0x08021368   0x0000005e   Code   RO         5966    x$fpl$dfix          fz_ws.l(dfix.o)
    0x080213c6   0x080213c6   0x00000002   PAD
    0x080213c8   0x080213c8   0x0000005a   Code   RO         5970    x$fpl$dfixu         fz_ws.l(dfixu.o)
    0x08021422   0x08021422   0x0000002e   Code   RO         5975    x$fpl$dflt          fz_ws.l(dflt_clz.o)
    0x08021450   0x08021450   0x00000026   Code   RO         5974    x$fpl$dfltu         fz_ws.l(dflt_clz.o)
    0x08021476   0x08021476   0x00000002   PAD
    0x08021478   0x08021478   0x00000078   Code   RO         5980    x$fpl$dleqf         fz_ws.l(dleqf.o)
    0x080214f0   0x080214f0   0x00000154   Code   RO         5982    x$fpl$dmul          fz_ws.l(dmul.o)
    0x08021644   0x08021644   0x0000009c   Code   RO         6212    x$fpl$dnaninf       fz_ws.l(dnaninf.o)
    0x080216e0   0x080216e0   0x0000000c   Code   RO         6214    x$fpl$dretinf       fz_ws.l(dretinf.o)
    0x080216ec   0x080216ec   0x0000006c   Code   RO         5984    x$fpl$drleqf        fz_ws.l(drleqf.o)
    0x08021758   0x08021758   0x00000016   Code   RO         5957    x$fpl$drsb          fz_ws.l(daddsub_clz.o)
    0x0802176e   0x0802176e   0x00000002   PAD
    0x08021770   0x08021770   0x000001cc   Code   RO         6365    x$fpl$dsqrt         fz_ws.l(dsqrt_noumaal.o)
    0x0802193c   0x0802193c   0x000001d4   Code   RO         5958    x$fpl$dsub          fz_ws.l(daddsub_clz.o)
    0x08021b10   0x08021b10   0x00000056   Code   RO         5986    x$fpl$f2d           fz_ws.l(f2d.o)
    0x08021b66   0x08021b66   0x00000002   PAD
    0x08021b68   0x08021b68   0x000000c4   Code   RO         5988    x$fpl$fadd          fz_ws.l(faddsub_clz.o)
    0x08021c2c   0x08021c2c   0x00000018   Code   RO         6216    x$fpl$fcmpinf       fz_ws.l(fcmpi.o)
    0x08021c44   0x08021c44   0x00000184   Code   RO         5995    x$fpl$fdiv          fz_ws.l(fdiv.o)
    0x08021dc8   0x08021dc8   0x00000068   Code   RO         5998    x$fpl$feqf          fz_ws.l(feqf.o)
    0x08021e30   0x08021e30   0x00000036   Code   RO         6000    x$fpl$ffix          fz_ws.l(ffix.o)
    0x08021e66   0x08021e66   0x00000002   PAD
    0x08021e68   0x08021e68   0x0000003e   Code   RO         6004    x$fpl$ffixu         fz_ws.l(ffixu.o)
    0x08021ea6   0x08021ea6   0x00000002   PAD
    0x08021ea8   0x08021ea8   0x00000030   Code   RO         6009    x$fpl$fflt          fz_ws.l(fflt_clz.o)
    0x08021ed8   0x08021ed8   0x00000026   Code   RO         6008    x$fpl$ffltu         fz_ws.l(fflt_clz.o)
    0x08021efe   0x08021efe   0x00000002   PAD
    0x08021f00   0x08021f00   0x00000068   Code   RO         6014    x$fpl$fleqf         fz_ws.l(fleqf.o)
    0x08021f68   0x08021f68   0x00000102   Code   RO         6016    x$fpl$fmul          fz_ws.l(fmul.o)
    0x0802206a   0x0802206a   0x0000008c   Code   RO         6218    x$fpl$fnaninf       fz_ws.l(fnaninf.o)
    0x080220f6   0x080220f6   0x0000000a   Code   RO         6220    x$fpl$fretinf       fz_ws.l(fretinf.o)
    0x08022100   0x08022100   0x00000062   Code   RO         6018    x$fpl$frleqf        fz_ws.l(frleqf.o)
    0x08022162   0x08022162   0x00000014   Code   RO         5989    x$fpl$frsb          fz_ws.l(faddsub_clz.o)
    0x08022176   0x08022176   0x00000002   PAD
    0x08022178   0x08022178   0x000000ea   Code   RO         5990    x$fpl$fsub          fz_ws.l(faddsub_clz.o)
    0x08022262   0x08022262   0x00000006   Code   RO         6369    x$fpl$ieeestatus    fz_ws.l(istatus.o)
    0x08022268   0x08022268   0x00000004   Code   RO         6020    x$fpl$printf1       fz_ws.l(printf1.o)
    0x0802226c   0x0802226c   0x00000004   Code   RO         6222    x$fpl$printf2       fz_ws.l(printf2.o)
    0x08022270   0x08022270   0x00000064   Code   RO         6405    x$fpl$retnan        fz_ws.l(retnan.o)
    0x080222d4   0x080222d4   0x0000005c   Code   RO         6228    x$fpl$scalbn        fz_ws.l(scalbn.o)
    0x08022330   0x08022330   0x00000004   Code   RO         6371    x$fpl$scanf1        fz_ws.l(scanf1.o)
    0x08022334   0x08022334   0x00000008   Code   RO         6439    x$fpl$scanf2        fz_ws.l(scanf2.o)
    0x0802233c   0x0802233c   0x00000030   Code   RO         6445    x$fpl$trapveneer    fz_ws.l(trapv.o)
    0x0802236c   0x0802236c   0x00000000   Code   RO         6230    x$fpl$usenofp       fz_ws.l(usenofp.o)
    0x0802236c   0x0802236c   0x00000c30   Data   RO          443    .constdata          color_light.o
    0x08022f9c   0x08022f9c   0x0000a000   Data   RO          606    .constdata          filmgear_data.o
    0x0802cf9c   0x0802cf9c   0x0000019a   Data   RO          722    .constdata          usbh_usr.o
    0x0802d136   0x0802d136   0x00000002   PAD
    0x0802d138   0x0802d138   0x00000018   Data   RO         1109    .constdata          malloc.o
    0x0802d150   0x0802d150   0x0000297c   Data   RO         1416    .constdata          st7735s.o
    0x0802facc   0x0802facc   0x00000178   Data   RO         1584    .constdata          picture_data.o
    0x0802fc44   0x0802fc44   0x00000013   Data   RO         1838    .constdata          ledpower.o
    0x0802fc57   0x0802fc57   0x00000001   PAD
    0x0802fc58   0x0802fc58   0x000000d2   Data   RO         4389    .constdata          ff.o
    0x0802fd2a   0x0802fd2a   0x000004c0   Data   RO         4645    .constdata          ccsbcs.o
    0x080301ea   0x080301ea   0x00000002   PAD
    0x080301ec   0x080301ec   0x000000c8   Data   RO         5523    .constdata          panle_menutask.o
    0x080302b4   0x080302b4   0x00000011   Data   RO         5926    .constdata          c_w.l(__printf_flags_ss_wp.o)
    0x080302c5   0x080302c5   0x00000003   PAD
    0x080302c8   0x080302c8   0x00000038   Data   RO         6036    .constdata          m_ws.l(log.o)
    0x08030300   0x08030300   0x00000088   Data   RO         6046    .constdata          m_ws.l(pow.o)
    0x08030388   0x08030388   0x00000008   Data   RO         6106    .constdata          c_w.l(_printf_wctomb.o)
    0x08030390   0x08030390   0x00000028   Data   RO         6135    .constdata          c_w.l(_printf_hex_int_ll_ptr.o)
    0x080303b8   0x080303b8   0x00000030   Data   RO         6232    .constdata          m_ws.l(cos_i.o)
    0x080303e8   0x080303e8   0x00000008   Data   RO         6252    .constdata          m_ws.l(qnan.o)
    0x080303f0   0x080303f0   0x000000c8   Data   RO         6255    .constdata          m_ws.l(rred.o)
    0x080304b8   0x080304b8   0x00000028   Data   RO         6259    .constdata          m_ws.l(sin_i.o)
    0x080304e0   0x080304e0   0x00000026   Data   RO         6312    .constdata          c_w.l(_printf_fp_hex.o)
    0x08030506   0x08030506   0x00000002   PAD
    0x08030508   0x08030508   0x00000094   Data   RO         6325    .constdata          c_w.l(bigflt0.o)
    0x0803059c   0x0803059c   0x000003da   Data   RO          444    .conststring        color_light.o
    0x08030976   0x08030976   0x00000002   PAD
    0x08030978   0x08030978   0x000001d5   Data   RO         1173    .conststring        menu.o
    0x08030b4d   0x08030b4d   0x00000003   PAD
    0x08030b50   0x08030b50   0x0000004b   Data   RO         5524    .conststring        panle_menutask.o
    0x08030b9b   0x08030b9b   0x00000001   PAD
    0x08030b9c   0x08030b9c   0x00000020   Data   RO         6505    Region$$Table       anon$$obj.o
    0x08030bbc   0x08030bbc   0x00000008   Data   RO         6435    c$$dinf             fz_ws.l(fpconst.o)
    0x08030bc4   0x08030bc4   0x00000008   Data   RO         6438    c$$dmax             fz_ws.l(fpconst.o)
    0x08030bcc   0x08030bcc   0x0000001c   Data   RO         6351    locale$$data        c_w.l(lc_numeric_c.o)
    0x08030be8   0x08030be8   0x00000110   Data   RO         6386    locale$$data        c_w.l(lc_ctype_c.o)


    Execution Region RW_IRAM1 (Exec base: 0x20000000, Load base: 0x08030cf8, Size: 0x0000c148, Max: 0x00010000, ABSOLUTE, COMPRESSED[0x00000350])

    Exec Addr    Load Addr    Size         Type   Attr      Idx    E Section Name        Object

    0x20000000   COMPRESSED   0x00000238   Data   RW            5    .data               main.o
    0x20000238   COMPRESSED   0x00000098   Data   RW          445    .data               color_light.o
    0x200002d0   COMPRESSED   0x00000017   Data   RW          628    .data               scene.o
    0x200002e7   COMPRESSED   0x00000001   PAD
    0x200002e8   COMPRESSED   0x0000004d   Data   RW          723    .data               usbh_usr.o
    0x20000335   COMPRESSED   0x00000001   Data   RW          874    .data               dmxprotocol.o
    0x20000336   COMPRESSED   0x00000001   Data   RW          967    .data               graphical.o
    0x20000337   COMPRESSED   0x00000001   PAD
    0x20000338   COMPRESSED   0x00000018   Data   RW         1080    .data               key.o
    0x20000350   COMPRESSED   0x0000001c   Data   RW         1110    .data               malloc.o
    0x2000036c   COMPRESSED   0x000005ec   Data   RW         1174    .data               menu.o
    0x20000958   COMPRESSED   0x00000024   Data   RW         1231    .data               menu_handle.o
    0x2000097c   COMPRESSED   0x0000000a   Data   RW         1417    .data               st7735s.o
    0x20000986   COMPRESSED   0x00000002   PAD
    0x20000988   COMPRESSED   0x0000000d   Data   RW         1531    .data               scheduler.o
    0x20000995   COMPRESSED   0x00000003   PAD
    0x20000998   COMPRESSED   0x00000008   Data   RW         1597    .data               adc.o
    0x200009a0   COMPRESSED   0x00000002   Data   RW         1632    .data               debug.o
    0x200009a2   COMPRESSED   0x00000002   PAD
    0x200009a4   COMPRESSED   0x00000004   Data   RW         1682    .data               delay.o
    0x200009a8   COMPRESSED   0x00000013   Data   RW         1730    .data               dmx512.o
    0x200009bb   COMPRESSED   0x00000001   PAD
    0x200009bc   COMPRESSED   0x0000001b   Data   RW         1772    .data               ec11.o
    0x200009d7   COMPRESSED   0x00000001   PAD
    0x200009d8   COMPRESSED   0x00000002   Data   RW         1839    .data               ledpower.o
    0x200009da   COMPRESSED   0x00000002   PAD
    0x200009dc   COMPRESSED   0x00000008   Data   RW         2123    .data               usb_bsp.o
    0x200009e4   COMPRESSED   0x00000001   Data   RW         2194    .data               spi.o
    0x200009e5   COMPRESSED   0x00000014   Data   RW         3158    .data               stm32f10x_rcc.o
    0x200009f9   COMPRESSED   0x00000003   PAD
    0x200009fc   COMPRESSED   0x0000000a   Data   RW         4390    .data               ff.o
    0x20000a06   COMPRESSED   0x00000002   PAD
    0x20000a08   COMPRESSED   0x00000011   Data   RW         4668    .data               usbh_msc_bot.o
    0x20000a19   COMPRESSED   0x00000003   PAD
    0x20000a1c   COMPRESSED   0x0000001d   Data   RW         4712    .data               usbh_msc_core.o
    0x20000a39   COMPRESSED   0x00000001   Data   RW         4758    .data               usbh_msc_fatfs.o
    0x20000a3a   COMPRESSED   0x00000001   Data   RW         4799    .data               usbh_msc_scsi.o
    0x20000a3b   COMPRESSED   0x00000001   PAD
    0x20000a3c   COMPRESSED   0x00000012   Data   RW         4850    .data               usbh_core.o
    0x20000a4e   COMPRESSED   0x00000003   Data   RW         5033    .data               usbh_stdreq.o
    0x20000a51   COMPRESSED   0x00000003   PAD
    0x20000a54   COMPRESSED   0x000000a0   Data   RW         5417    .data               panle.o
    0x20000af4   COMPRESSED   0x00000008   Data   RW         5439    .data               panle_gui.o
    0x20000afc   COMPRESSED   0x00000031   Data   RW         5525    .data               panle_menutask.o
    0x20000b2d   COMPRESSED   0x00000003   PAD
    0x20000b30        -       0x000008a8   Zero   RW            4    .bss                main.o
    0x200013d8        -       0x000001d8   Zero   RW          442    .bss                color_light.o
    0x200015b0        -       0x000000f0   Zero   RW          627    .bss                scene.o
    0x200016a0        -       0x00000464   Zero   RW          721    .bss                usbh_usr.o
    0x20001b04        -       0x00000020   Zero   RW          873    .bss                dmxprotocol.o
    0x20001b24   COMPRESSED   0x0000001c   PAD
    0x20001b40        -       0x00001540   Zero   RW         1108    .bss                malloc.o
    0x20003080        -       0x00006d78   Zero   RW         1230    .bss                menu_handle.o
    0x20009df8        -       0x00000064   Zero   RW         1530    .bss                scheduler.o
    0x20009e5c        -       0x000000c8   Zero   RW         1595    .bss                adc.o
    0x20009f24        -       0x000000c8   Zero   RW         1631    .bss                debug.o
    0x20009fec        -       0x00000201   Zero   RW         1729    .bss                dmx512.o
    0x2000a1ed   COMPRESSED   0x00000003   PAD
    0x2000a1f0        -       0x0000004c   Zero   RW         1771    .bss                ec11.o
    0x2000a23c        -       0x0000000a   Zero   RW         1837    .bss                ledpower.o
    0x2000a246        -       0x00000800   Zero   RW         1904    .bss                stmflash.o
    0x2000aa46        -       0x00000201   Zero   RW         2065    .bss                uart3.o
    0x2000ac47   COMPRESSED   0x00000001   PAD
    0x2000ac48        -       0x00000040   Zero   RW         4667    .bss                usbh_msc_bot.o
    0x2000ac88        -       0x0000004a   Zero   RW         4711    .bss                usbh_msc_core.o
    0x2000acd2   COMPRESSED   0x00000002   PAD
    0x2000acd4        -       0x00000410   Zero   RW         4798    .bss                usbh_msc_scsi.o
    0x2000b0e4        -       0x00000200   Zero   RW         5032    .bss                usbh_stdreq.o
    0x2000b2e4        -       0x00000238   Zero   RW         5438    .bss                panle_gui.o
    0x2000b51c        -       0x000001cc   Zero   RW         5522    .bss                panle_menutask.o
    0x2000b6e8        -       0x00000060   Zero   RW         6275    .bss                c_w.l(libspace.o)
    0x2000b748        -       0x00000200   Zero   RW         5826    HEAP                startup_stm32f10x_cl.o
    0x2000b948        -       0x00000800   Zero   RW         5825    STACK               startup_stm32f10x_cl.o



  Load Region LR$$.ARM.__AT_0x68000000 (Base: 0x68000000, Size: 0x00000000, Max: 0x000f0000, ABSOLUTE)

    Execution Region ER$$.ARM.__AT_0x68000000 (Exec base: 0x68000000, Load base: 0x68000000, Size: 0x000f0000, Max: 0x000f0000, ABSOLUTE, UNINIT)

    Exec Addr    Load Addr    Size         Type   Attr      Idx    E Section Name        Object

    0x68000000        -       0x000f0000   Zero   RW         1106    .ARM.__AT_0x68000000  malloc.o



  Load Region LR$$.ARM.__AT_0x680F0000 (Base: 0x680f0000, Size: 0x00000000, Max: 0x0000f000, ABSOLUTE)

    Execution Region ER$$.ARM.__AT_0x680F0000 (Exec base: 0x680f0000, Load base: 0x680f0000, Size: 0x0000f000, Max: 0x0000f000, ABSOLUTE, UNINIT)

    Exec Addr    Load Addr    Size         Type   Attr      Idx    E Section Name        Object

    0x680f0000        -       0x0000f000   Zero   RW         1107    .ARM.__AT_0x680F0000  malloc.o


==============================================================================

Image component sizes


      Code (inc. data)   RO Data    RW Data    ZI Data      Debug   Object Name

       584         78          0          8        200       2772   adc.o
         2          0          0          0          0       3694   algorithm_test.o
       132         16       1216          0          0       1971   ccsbcs.o
      6248        632       4106        152        472      17195   color_light.o
       884        164          0          2        200       5207   debug.o
       236         18          0          4          0      18463   delay.o
       772         94          0         19        513       3287   dmx512.o
      3886        146          0          1         32       9980   dmxprotocol.o
      1260        148          0         27         76       5636   ec11.o
         4          0          0          0          0        450   fattime.o
      6820         70        210         10          0      32463   ff.o
         0          0      40960          0          0        651   filmgear_data.o
      1786         46          0          1          0      10387   graphical.o
       212         30          0         24          0       1160   key.o
       762        124         19          2         10       5286   ledpower.o
       664         96          0        568       2216     334821   main.o
       152         24         24         28    1049920       3355   malloc.o
       790         48        469       1516          0       5706   menu.o
      1536        138          0         36      28024       6668   menu_handle.o
       172         22          0          0          0       2197   misc.o
       276         10          0          0          0       1830   mymath.o
       448          8          0        160          0       1786   panle.o
       920         80          0          8        568       2562   panle_gui.o
     11944       2704        275         49        460      27541   panle_menutask.o
         0          0        376          0          0        851   picture_data.o
      2844        420          0         23        240       9721   scene.o
       756         88          0         13        100       5290   scheduler.o
       680         74          0          1          0       4667   spi.o
       994         44      10620         10          0       7371   st7735s.o
        64         26        336          0       2560        804   startup_stm32f10x_cl.o
       482         24          0          0          0       8134   stm32f10x_adc.o
       148          6          0          0          0       1116   stm32f10x_exti.o
       494         10          0          0          0       4636   stm32f10x_gpio.o
        24          0          0          0          0       3452   stm32f10x_it.o
        16          6          0          0          0        477   stm32f10x_iwdg.o
       596         68          0         20          0       8160   stm32f10x_rcc.o
       106          0          0          0          0       3432   stm32f10x_spi.o
       270         42          0          0          0       4265   stm32f10x_tim.o
       434          6          0          0          0       5780   stm32f10x_usart.o
       680         62          0          0       2048       7536   stmflash.o
        16          8          0          0          0        449   sys.o
       396         32          0          0          0       2041   system_stm32f10x.o
       280         32          0          0          0       3390   timer.o
       628         48          0          0        513       3324   uart3.o
       468         28          0          8          0       7090   usb_bsp.o
      2996         18          0          0          0      18599   usb_core.o
       202          0          0          0          0       5255   usb_hcd.o
      3702         16          0          0          0      10443   usb_hcd_int.o
      1634         42          0         18          0       9157   usbh_core.o
       390          0          0          0          0       4692   usbh_hcs.o
       560          0          0          0          0       5702   usbh_ioreq.o
      1140        100          0         17         64       6949   usbh_msc_bot.o
       876         62          0         29         74       6725   usbh_msc_core.o
       388         52          0          1          0       4654   usbh_msc_fatfs.o
      1312         88          0          1       1040       7444   usbh_msc_scsi.o
       942         14          0          3        512      10473   usbh_stdreq.o
      1196        520        410         77       1124      24962   usbh_usr.o
         8          0          0          0          0        424   wdg.o

    ----------------------------------------------------------------------
     66280       6632      59064       2864    1091000     712533   Object Totals
         0          0         32          0          0          0   (incl. Generated)
        68          0         11         28         34          0   (incl. Padding)

    ----------------------------------------------------------------------

      Code (inc. data)   RO Data    RW Data    ZI Data      Debug   Library Member Name

        44          6          0          0          0         84   __2sprintf.o
        90          0          0          0          0          0   __dczerorl2.o
         8          0          0          0          0         68   __main.o
       392          4         17          0          0         92   __printf_flags_ss_wp.o
        14          0          0          0          0         68   __printf_wp.o
         0          0          0          0          0          0   __rtentry.o
        12          0          0          0          0          0   __rtentry2.o
         6          0          0          0          0          0   __rtentry4.o
        52          8          0          0          0          0   __scatter.o
        28          0          0          0          0          0   __scatter_zi.o
        28          0          0          0          0         68   _chval.o
         6          0          0          0          0          0   _printf_a.o
         6          0          0          0          0          0   _printf_c.o
        44          0          0          0          0        108   _printf_char.o
        48          6          0          0          0         96   _printf_char_common.o
        40          0          0          0          0         68   _printf_charcount.o
         6          0          0          0          0          0   _printf_d.o
       120         16          0          0          0         92   _printf_dec.o
         6          0          0          0          0          0   _printf_e.o
         6          0          0          0          0          0   _printf_f.o
      1054          0          0          0          0        216   _printf_fp_dec.o
       764          8         38          0          0        100   _printf_fp_hex.o
       128         16          0          0          0         84   _printf_fp_infnan.o
         6          0          0          0          0          0   _printf_g.o
       148          4         40          0          0        160   _printf_hex_int_ll_ptr.o
         6          0          0          0          0          0   _printf_i.o
       178          0          0          0          0         88   _printf_intcommon.o
        10          0          0          0          0          0   _printf_l.o
         6          0          0          0          0          0   _printf_lc.o
        10          0          0          0          0          0   _printf_ll.o
         6          0          0          0          0          0   _printf_lld.o
         6          0          0          0          0          0   _printf_lli.o
         6          0          0          0          0          0   _printf_llo.o
         6          0          0          0          0          0   _printf_llu.o
         6          0          0          0          0          0   _printf_llx.o
       124         16          0          0          0         92   _printf_longlong_dec.o
         6          0          0          0          0          0   _printf_ls.o
         6          0          0          0          0          0   _printf_n.o
         6          0          0          0          0          0   _printf_o.o
       112         10          0          0          0        124   _printf_oct_int_ll.o
         6          0          0          0          0          0   _printf_p.o
        78          0          0          0          0        108   _printf_pad.o
         0          0          0          0          0          0   _printf_percent.o
         4          0          0          0          0          0   _printf_percent_end.o
         6          0          0          0          0          0   _printf_s.o
        82          0          0          0          0         80   _printf_str.o
        36          0          0          0          0         84   _printf_truncate.o
         6          0          0          0          0          0   _printf_u.o
        44          0          0          0          0        108   _printf_wchar.o
       188          6          8          0          0         92   _printf_wctomb.o
         6          0          0          0          0          0   _printf_x.o
        22          0          0          0          0        100   _rserrno.o
        64          0          0          0          0         84   _sgetc.o
        10          0          0          0          0         68   _sputc.o
       158          0          0          0          0         92   _strtoul.o
        64          0          0          0          0         92   _wcrtomb.o
        26          0          0          0          0         80   atoi.o
       228          4        148          0          0         96   bigflt0.o
      2152        136          0          0          0        960   btod.o
        10          0          0          0          0         68   defsig_exit.o
        50          0          0          0          0         88   defsig_general.o
        80         58          0          0          0         76   defsig_rtmem_inner.o
        14          0          0          0          0         80   defsig_rtmem_outer.o
        18          0          0          0          0         80   exit.o
        94          0          0          0          0         80   h1_alloc.o
        52          0          0          0          0         68   h1_extend.o
        78          0          0          0          0         80   h1_free.o
        14          0          0          0          0         84   h1_init.o
         6          0          0          0          0        152   heapauxi.o
         4          0          0          0          0        136   hguard.o
         0          0          0          0          0          0   indicate_semi.o
       138          0          0          0          0        168   init_alloc.o
        18          0          0          0          0         76   isspace.o
        44         10        272          0          0         76   lc_ctype_c.o
        44         10         28          0          0         76   lc_numeric_c.o
         2          0          0          0          0          0   libinit.o
        38          0          0          0          0          0   libinit2.o
         2          0          0          0          0          0   libshutdown.o
         2          0          0          0          0          0   libshutdown2.o
         8          4          0          0         96         68   libspace.o
        38          0          0          0          0         68   llshl.o
       138          0          0          0          0         80   lludiv10.o
         0          0          0          0          0          0   maybetermalloc1.o
        88          0          0          0          0         76   memcmp.o
        16          4          0          0          0         76   rt_ctype_table.o
         8          4          0          0          0         68   rt_errno_addr_intlibspace.o
         8          4          0          0          0         68   rt_heap_descriptor_intlibspace.o
         8          4          0          0          0         68   rt_locale_intlibspace.o
        68          0          0          0          0         68   rt_memclr.o
        78          0          0          0          0         80   rt_memclr_w.o
       138          0          0          0          0         68   rt_memcpy_v6.o
       100          0          0          0          0         80   rt_memcpy_w.o
         2          0          0          0          0          0   rtexit.o
        10          0          0          0          0          0   rtexit2.o
      1272         16          0          0          0        168   scanf_fp.o
       800         14          0          0          0        100   scanf_hexfp.o
       308         16          0          0          0        100   scanf_infnan.o
       128          0          0          0          0         68   strcmpv7m.o
        62          0          0          0          0         76   strlen.o
        36          0          0          0          0         80   strstr.o
       164         14          0          0          0        120   strtod.o
       112          0          0          0          0         88   strtol.o
        12          4          0          0          0         68   sys_exit.o
        74          0          0          0          0         80   sys_stackheap_outer.o
        14          0          0          0          0         76   sys_wrch.o
         2          0          0          0          0         68   use_no_semi.o
        36          4          0          0          0         76   vsprintf.o
        98          4          0          0          0         92   d2f.o
       826         16          0          0          0        348   daddsub_clz.o
        16          4          0          0          0         68   dcheck1.o
        24          0          0          0          0         68   dcmpi.o
       688        140          0          0          0        208   ddiv.o
       120          4          0          0          0         92   deqf.o
        94          4          0          0          0         92   dfix.o
        90          4          0          0          0         92   dfixu.o
        84          0          0          0          0        136   dflt_clz.o
       120          4          0          0          0         92   dleqf.o
       340         12          0          0          0        104   dmul.o
       156          4          0          0          0         92   dnaninf.o
        12          0          0          0          0         68   dretinf.o
       108          0          0          0          0         80   drleqf.o
       460         56          0          0          0        120   dsqrt_noumaal.o
        86          4          0          0          0         84   f2d.o
       450          8          0          0          0        236   faddsub_clz.o
        24          0          0          0          0         68   fcmpi.o
       388         76          0          0          0         96   fdiv.o
       104          4          0          0          0         84   feqf.o
        54          4          0          0          0         84   ffix.o
        62          4          0          0          0         84   ffixu.o
        86          0          0          0          0        136   fflt_clz.o
       104          4          0          0          0         84   fleqf.o
       258          4          0          0          0         84   fmul.o
       140          4          0          0          0         84   fnaninf.o
         0          0         16          0          0          0   fpconst.o
        10          0          0          0          0         68   fretinf.o
        98          0          0          0          0         68   frleqf.o
         6          0          0          0          0         68   istatus.o
         4          0          0          0          0         68   printf1.o
         4          0          0          0          0         68   printf2.o
       100          0          0          0          0         68   retnan.o
        92          0          0          0          0         68   scalbn.o
         4          0          0          0          0         68   scanf1.o
         8          0          0          0          0         84   scanf2.o
        48          0          0          0          0         68   trapv.o
         0          0          0          0          0          0   usenofp.o
        42          0          0          0          0         84   atof.o
       156          8          0          0          0        104   cos.o
       252         22         48          0          0        124   cos_i.o
        68         10          0          0          0        408   dunder.o
        40          0          0          0          0         68   fpclassify.o
        88          8          0          0          0         76   frexp.o
       138          0          0          0          0        160   ldexp.o
       860         52         56          0          0        256   log.o
       204          4          0          0          0        168   narrow.o
       170          0          0          0          0         96   poly.o
      2520        190        136          0          0        324   pow.o
         0          0          8          0          0          0   qnan.o
       904         76        200          0          0        140   rred.o
       236         12         40          0          0        128   sin_i.o
        76          0          0          0          0         84   sqrt.o

    ----------------------------------------------------------------------
     22324       1154       1060          0         96      12868   Library Totals
        38          2          5          0          0          0   (incl. Padding)

    ----------------------------------------------------------------------

      Code (inc. data)   RO Data    RW Data    ZI Data      Debug   Library Name

     11166        406        551          0         96       7076   c_w.l
      5366        364         16          0          0       3572   fz_ws.l
      5754        382        488          0          0       2220   m_ws.l

    ----------------------------------------------------------------------
     22324       1154       1060          0         96      12868   Library Totals

    ----------------------------------------------------------------------

==============================================================================


      Code (inc. data)   RO Data    RW Data    ZI Data      Debug   

     88604       7786      60124       2864    1091096     696017   Grand Totals
     88604       7786      60124        848    1091096     696017   ELF Image Totals (compressed)
     88604       7786      60124        848          0          0   ROM Totals

==============================================================================

    Total RO  Size (Code + RO Data)               148728 ( 145.24kB)
    Total RW  Size (RW Data + ZI Data)           1093960 (1068.32kB)
    Total ROM Size (Code + RO Data + RW Data)     149576 ( 146.07kB)

==============================================================================

